../Core/Src/main.c:127:5:main	32	static
../Core/Src/main.c:264:6:SystemClock_Config	88	static
../Core/Src/main.c:312:13:MX_SPI1_Init	8	static
../Core/Src/main.c:350:13:MX_TIM2_Init	56	static
../Core/Src/main.c:399:13:MX_TIM6_Init	16	static
../Core/Src/main.c:437:13:MX_TIM7_Init	16	static
../Core/Src/main.c:475:13:MX_USART2_UART_Init	8	static
../Core/Src/main.c:508:13:MX_GPIO_Init	48	static
../Core/Src/main.c:588:6:HAL_GPIO_EXTI_Callback	16	static
../Core/Src/main.c:710:6:HAL_UARTEx_RxEventCallback	24	static
../Core/Src/main.c:761:6:HAL_UART_RxCpltCallback	16	static
../Core/Src/main.c:824:6:__delay_ms	24	static
../Core/Src/main.c:837:6:Error_Handler	8	static,ignoring_inline_asm
