../Core/Src/main.c:123:5:main	32	static
../Core/Src/main.c:251:6:SystemClock_Config	88	static
../Core/Src/main.c:299:13:MX_SPI1_Init	8	static
../Core/Src/main.c:337:13:MX_TIM2_Init	56	static
../Core/Src/main.c:386:13:MX_TIM6_Init	16	static
../Core/Src/main.c:424:13:MX_TIM7_Init	16	static
../Core/Src/main.c:462:13:MX_USART2_UART_Init	8	static
../Core/Src/main.c:495:13:MX_GPIO_Init	48	static
../Core/Src/main.c:575:6:HAL_GPIO_EXTI_Callback	16	static
../Core/Src/main.c:699:6:HAL_UART_RxCpltCallback	16	static
../Core/Src/main.c:737:6:__delay_ms	24	static
../Core/Src/main.c:750:6:Error_Handler	8	static,ignoring_inline_asm
