Archive member included to satisfy reference by file (symbol)

/home/morph/st/stm32cubeide_1.10.1_2/plugins/com.st.stm32cube.ide.mcu.externaltools.gnu-tools-for-stm32.10.3-2021.10.linux64_1.0.100.202210260954/tools/bin/../lib/gcc/arm-none-eabi/10.3.1/../../../../arm-none-eabi/lib/thumb/v7e-m+fp/hard/libc_nano.a(lib_a-errno.o)
                              ./Core/Src/syscalls.o (__errno)
/home/morph/st/stm32cubeide_1.10.1_2/plugins/com.st.stm32cube.ide.mcu.externaltools.gnu-tools-for-stm32.10.3-2021.10.linux64_1.0.100.202210260954/tools/bin/../lib/gcc/arm-none-eabi/10.3.1/../../../../arm-none-eabi/lib/thumb/v7e-m+fp/hard/libc_nano.a(lib_a-exit.o)
                              /home/morph/st/stm32cubeide_1.10.1_2/plugins/com.st.stm32cube.ide.mcu.externaltools.gnu-tools-for-stm32.10.3-2021.10.linux64_1.0.100.202210260954/tools/bin/../lib/gcc/arm-none-eabi/10.3.1/../../../../arm-none-eabi/lib/thumb/v7e-m+fp/hard/crt0.o (exit)
/home/morph/st/stm32cubeide_1.10.1_2/plugins/com.st.stm32cube.ide.mcu.externaltools.gnu-tools-for-stm32.10.3-2021.10.linux64_1.0.100.202210260954/tools/bin/../lib/gcc/arm-none-eabi/10.3.1/../../../../arm-none-eabi/lib/thumb/v7e-m+fp/hard/libc_nano.a(lib_a-impure.o)
                              /home/morph/st/stm32cubeide_1.10.1_2/plugins/com.st.stm32cube.ide.mcu.externaltools.gnu-tools-for-stm32.10.3-2021.10.linux64_1.0.100.202210260954/tools/bin/../lib/gcc/arm-none-eabi/10.3.1/../../../../arm-none-eabi/lib/thumb/v7e-m+fp/hard/libc_nano.a(lib_a-exit.o) (_global_impure_ptr)
/home/morph/st/stm32cubeide_1.10.1_2/plugins/com.st.stm32cube.ide.mcu.externaltools.gnu-tools-for-stm32.10.3-2021.10.linux64_1.0.100.202210260954/tools/bin/../lib/gcc/arm-none-eabi/10.3.1/../../../../arm-none-eabi/lib/thumb/v7e-m+fp/hard/libc_nano.a(lib_a-init.o)
                              /home/morph/st/stm32cubeide_1.10.1_2/plugins/com.st.stm32cube.ide.mcu.externaltools.gnu-tools-for-stm32.10.3-2021.10.linux64_1.0.100.202210260954/tools/bin/../lib/gcc/arm-none-eabi/10.3.1/../../../../arm-none-eabi/lib/thumb/v7e-m+fp/hard/crt0.o (__libc_init_array)
/home/morph/st/stm32cubeide_1.10.1_2/plugins/com.st.stm32cube.ide.mcu.externaltools.gnu-tools-for-stm32.10.3-2021.10.linux64_1.0.100.202210260954/tools/bin/../lib/gcc/arm-none-eabi/10.3.1/../../../../arm-none-eabi/lib/thumb/v7e-m+fp/hard/libc_nano.a(lib_a-memset.o)
                              /home/morph/st/stm32cubeide_1.10.1_2/plugins/com.st.stm32cube.ide.mcu.externaltools.gnu-tools-for-stm32.10.3-2021.10.linux64_1.0.100.202210260954/tools/bin/../lib/gcc/arm-none-eabi/10.3.1/../../../../arm-none-eabi/lib/thumb/v7e-m+fp/hard/crt0.o (memset)
/home/morph/st/stm32cubeide_1.10.1_2/plugins/com.st.stm32cube.ide.mcu.externaltools.gnu-tools-for-stm32.10.3-2021.10.linux64_1.0.100.202210260954/tools/bin/../lib/gcc/arm-none-eabi/10.3.1/../../../../arm-none-eabi/lib/thumb/v7e-m+fp/hard/libc_nano.a(lib_a-nano-vfprintf_float.o)
                              (_printf_float)
/home/morph/st/stm32cubeide_1.10.1_2/plugins/com.st.stm32cube.ide.mcu.externaltools.gnu-tools-for-stm32.10.3-2021.10.linux64_1.0.100.202210260954/tools/bin/../lib/gcc/arm-none-eabi/10.3.1/../../../../arm-none-eabi/lib/thumb/v7e-m+fp/hard/libc_nano.a(lib_a-nano-vfprintf_i.o)
                              /home/morph/st/stm32cubeide_1.10.1_2/plugins/com.st.stm32cube.ide.mcu.externaltools.gnu-tools-for-stm32.10.3-2021.10.linux64_1.0.100.202210260954/tools/bin/../lib/gcc/arm-none-eabi/10.3.1/../../../../arm-none-eabi/lib/thumb/v7e-m+fp/hard/libc_nano.a(lib_a-nano-vfprintf_float.o) (_printf_common)
/home/morph/st/stm32cubeide_1.10.1_2/plugins/com.st.stm32cube.ide.mcu.externaltools.gnu-tools-for-stm32.10.3-2021.10.linux64_1.0.100.202210260954/tools/bin/../lib/gcc/arm-none-eabi/10.3.1/../../../../arm-none-eabi/lib/thumb/v7e-m+fp/hard/libc_nano.a(lib_a-sprintf.o)
                              ./Core/Src/UART_helper.o (sprintf)
/home/morph/st/stm32cubeide_1.10.1_2/plugins/com.st.stm32cube.ide.mcu.externaltools.gnu-tools-for-stm32.10.3-2021.10.linux64_1.0.100.202210260954/tools/bin/../lib/gcc/arm-none-eabi/10.3.1/../../../../arm-none-eabi/lib/thumb/v7e-m+fp/hard/libc_nano.a(lib_a-strcmp.o)
                              ./Core/Src/UART_helper.o (strcmp)
/home/morph/st/stm32cubeide_1.10.1_2/plugins/com.st.stm32cube.ide.mcu.externaltools.gnu-tools-for-stm32.10.3-2021.10.linux64_1.0.100.202210260954/tools/bin/../lib/gcc/arm-none-eabi/10.3.1/../../../../arm-none-eabi/lib/thumb/v7e-m+fp/hard/libc_nano.a(lib_a-strlen.o)
                              ./Core/Src/UART_helper.o (strlen)
/home/morph/st/stm32cubeide_1.10.1_2/plugins/com.st.stm32cube.ide.mcu.externaltools.gnu-tools-for-stm32.10.3-2021.10.linux64_1.0.100.202210260954/tools/bin/../lib/gcc/arm-none-eabi/10.3.1/../../../../arm-none-eabi/lib/thumb/v7e-m+fp/hard/libc_nano.a(lib_a-strtod.o)
                              ./Core/Src/GCode_helper.o (strtod)
[...]
Memory Configuration

Name             Origin             Length             Attributes
RAM              0x0000000020000000 0x0000000000020000 xrw
FLASH            0x0000000008000000 0x0000000000080000 xr
*default*        0x0000000000000000 0xffffffffffffffff

Linker script and memory map

LOAD /home/morph/st/stm32cubeide_1.10.1_2/plugins/com.st.stm32cube.ide.mcu.externaltools.gnu-tools-for-stm32.10.3-2021.10.linux64_1.0.100.202210260954/tools/bin/../lib/gcc/arm-none-eabi/10.3.1/thumb/v7e-m+fp/hard/crti.o
LOAD /home/morph/st/stm32cubeide_1.10.1_2/plugins/com.st.stm32cube.ide.mcu.externaltools.gnu-tools-for-stm32.10.3-2021.10.linux64_1.0.100.202210260954/tools/bin/../lib/gcc/arm-none-eabi/10.3.1/thumb/v7e-m+fp/hard/crtbegin.o
LOAD /home/morph/st/stm32cubeide_1.10.1_2/plugins/com.st.stm32cube.ide.mcu.externaltools.gnu-tools-for-stm32.10.3-2021.10.linux64_1.0.100.202210260954/tools/bin/../lib/gcc/arm-none-eabi/10.3.1/../../../../arm-none-eabi/lib/thumb/v7e-m+fp/hard/crt0.o
LOAD ./Core/Src/GCode_helper.o
LOAD ./Core/Src/LedDriver.o
LOAD ./Core/Src/UART_helper.o
LOAD ./Core/Src/main.o
LOAD ./Core/Src/stepper.o
LOAD ./Core/Src/stm32f4xx_hal_msp.o
LOAD ./Core/Src/stm32f4xx_it.o
LOAD ./Core/Src/syscalls.o
LOAD ./Core/Src/sysmem.o
LOAD ./Core/Src/system_stm32f4xx.o
LOAD ./Core/Startup/startup_stm32f446retx.o
LOAD ./Drivers/STM32F4xx_HAL_Driver/Src/stm32f4xx_hal.o
LOAD ./Drivers/STM32F4xx_HAL_Driver/Src/stm32f4xx_hal_cortex.o
LOAD ./Drivers/STM32F4xx_HAL_Driver/Src/stm32f4xx_hal_dma.o
LOAD ./Drivers/STM32F4xx_HAL_Driver/Src/stm32f4xx_hal_dma_ex.o
LOAD ./Drivers/STM32F4xx_HAL_Driver/Src/stm32f4xx_hal_exti.o
LOAD ./Drivers/STM32F4xx_HAL_Driver/Src/stm32f4xx_hal_flash.o
LOAD ./Drivers/STM32F4xx_HAL_Driver/Src/stm32f4xx_hal_flash_ex.o
LOAD ./Drivers/STM32F4xx_HAL_Driver/Src/stm32f4xx_hal_flash_ramfunc.o
LOAD ./Drivers/STM32F4xx_HAL_Driver/Src/stm32f4xx_hal_gpio.o
LOAD ./Drivers/STM32F4xx_HAL_Driver/Src/stm32f4xx_hal_pwr.o
LOAD ./Drivers/STM32F4xx_HAL_Driver/Src/stm32f4xx_hal_pwr_ex.o
LOAD ./Drivers/STM32F4xx_HAL_Driver/Src/stm32f4xx_hal_rcc.o
LOAD ./Drivers/STM32F4xx_HAL_Driver/Src/stm32f4xx_hal_rcc_ex.o
LOAD ./Drivers/STM32F4xx_HAL_Driver/Src/stm32f4xx_hal_spi.o
LOAD ./Drivers/STM32F4xx_HAL_Driver/Src/stm32f4xx_hal_tim.o
LOAD ./Drivers/STM32F4xx_HAL_Driver/Src/stm32f4xx_hal_tim_ex.o
LOAD ./Drivers/STM32F4xx_HAL_Driver/Src/stm32f4xx_hal_uart.o
START GROUP
LOAD /home/morph/st/stm32cubeide_1.10.1_2/plugins/com.st.stm32cube.ide.mcu.externaltools.gnu-tools-for-stm32.10.3-2021.10.linux64_1.0.100.202210260954/tools/bin/../lib/gcc/arm-none-eabi/10.3.1/../../../../arm-none-eabi/lib/thumb/v7e-m+fp/hard/libc_nano.a
LOAD /home/morph/st/stm32cubeide_1.10.1_2/plugins/com.st.stm32cube.ide.mcu.externaltools.gnu-tools-for-stm32.10.3-2021.10.linux64_1.0.100.202210260954/tools/bin/../lib/gcc/arm-none-eabi/10.3.1/../../../../arm-none-eabi/lib/thumb/v7e-m+fp/hard/libm.a
END GROUP
START GROUP
LOAD /home/morph/st/stm32cubeide_1.10.1_2/plugins/com.st.stm32cube.ide.mcu.externaltools.gnu-tools-for-stm32.10.3-2021.10.linux64_1.0.100.202210260954/tools/bin/../lib/gcc/arm-none-eabi/10.3.1/thumb/v7e-m+fp/hard/libgcc.a
LOAD /home/morph/st/stm32cubeide_1.10.1_2/plugins/com.st.stm32cube.ide.mcu.externaltools.gnu-tools-for-stm32.10.3-2021.10.linux64_1.0.100.202210260954/tools/bin/../lib/gcc/arm-none-eabi/10.3.1/../../../../arm-none-eabi/lib/thumb/v7e-m+fp/hard/libc_nano.a
END GROUP
START GROUP
LOAD /home/morph/st/stm32cubeide_1.10.1_2/plugins/com.st.stm32cube.ide.mcu.externaltools.gnu-tools-for-stm32.10.3-2021.10.linux64_1.0.100.202210260954/tools/bin/../lib/gcc/arm-none-eabi/10.3.1/thumb/v7e-m+fp/hard/libgcc.a
LOAD /home/morph/st/stm32cubeide_1.10.1_2/plugins/com.st.stm32cube.ide.mcu.externaltools.gnu-tools-for-stm32.10.3-2021.10.linux64_1.0.100.202210260954/tools/bin/../lib/gcc/arm-none-eabi/10.3.1/../../../../arm-none-eabi/lib/thumb/v7e-m+fp/hard/libc_nano.a
LOAD /home/morph/st/stm32cubeide_1.10.1_2/plugins/com.st.stm32cube.ide.mcu.externaltools.gnu-tools-for-stm32.10.3-2021.10.linux64_1.0.100.202210260954/tools/bin/../lib/gcc/arm-none-eabi/10.3.1/../../../../arm-none-eabi/lib/thumb/v7e-m+fp/hard/libnosys.a
END GROUP
START GROUP
LOAD /home/morph/st/stm32cubeide_1.10.1_2/plugins/com.st.stm32cube.ide.mcu.externaltools.gnu-tools-for-stm32.10.3-2021.10.linux64_1.0.100.202210260954/tools/bin/../lib/gcc/arm-none-eabi/10.3.1/thumb/v7e-m+fp/hard/libgcc.a
LOAD /home/morph/st/stm32cubeide_1.10.1_2/plugins/com.st.stm32cube.ide.mcu.externaltools.gnu-tools-for-stm32.10.3-2021.10.linux64_1.0.100.202210260954/tools/bin/../lib/gcc/arm-none-eabi/10.3.1/../../../../arm-none-eabi/lib/thumb/v7e-m+fp/hard/libc_nano.a
LOAD /home/morph/st/stm32cubeide_1.10.1_2/plugins/com.st.stm32cube.ide.mcu.externaltools.gnu-tools-for-stm32.10.3-2021.10.linux64_1.0.100.202210260954/tools/bin/../lib/gcc/arm-none-eabi/10.3.1/../../../../arm-none-eabi/lib/thumb/v7e-m+fp/hard/libnosys.a
END GROUP
LOAD /home/morph/st/stm32cubeide_1.10.1_2/plugins/com.st.stm32cube.ide.mcu.externaltools.gnu-tools-for-stm32.10.3-2021.10.linux64_1.0.100.202210260954/tools/bin/../lib/gcc/arm-none-eabi/10.3.1/thumb/v7e-m+fp/hard/crtend.o
LOAD /home/morph/st/stm32cubeide_1.10.1_2/plugins/com.st.stm32cube.ide.mcu.externaltools.gnu-tools-for-stm32.10.3-2021.10.linux64_1.0.100.202210260954/tools/bin/../lib/gcc/arm-none-eabi/10.3.1/thumb/v7e-m+fp/hard/crtn.o
                0x0000000020020000                _estack = (ORIGIN (RAM) + LENGTH (RAM))
                0x0000000000000200                _Min_Heap_Size = 0x200
                0x0000000000000400                _Min_Stack_Size = 0x400

.isr_vector     0x0000000008000000      0x1c4
                0x0000000008000000                . = ALIGN (0x4)
 *(.isr_vector)
 .isr_vector    0x0000000008000000      0x1c4 ./Core/Startup/startup_stm32f446retx.o
                0x0000000008000000                g_pfnVectors
                0x00000000080001c4                . = ALIGN (0x4)

.text           0x00000000080001d0     0xa9b4
                0x00000000080001d0                . = ALIGN (0x4)
 *(.text)
 .text          0x00000000080001d0       0x40 /home/morph/st/stm32cubeide_1.10.1_2/plugins/com.st.stm32cube.ide.mcu.externaltools.gnu-tools-for-stm32.10.3-2021.10.linux64_1.0.100.202210260954/tools/bin/../lib/gcc/arm-none-eabi/10.3.1/thumb/v7e-m+fp/hard/crtbegin.o
 .text          0x0000000008000210       0x14 /home/morph/st/stm32cubeide_1.10.1_2/plugins/com.st.stm32cube.ide.mcu.externaltools.gnu-tools-for-stm32.10.3-2021.10.linux64_1.0.100.202210260954/tools/bin/../lib/gcc/arm-none-eabi/10.3.1/../../../../arm-none-eabi/lib/thumb/v7e-m+fp/hard/libc_nano.a(lib_a-strcmp.o)
                0x0000000008000210                strcmp
 .text          0x0000000008000224       0x10 /home/morph/st/stm32cubeide_1.10.1_2/plugins/com.st.stm32cube.ide.mcu.externaltools.gnu-tools-for-stm32.10.3-2021.10.linux64_1.0.100.202210260954/tools/bin/../lib/gcc/arm-none-eabi/10.3.1/../../../../arm-none-eabi/lib/thumb/v7e-m+fp/hard/libc_nano.a(lib_a-strlen.o)
                0x0000000008000224                strlen
 *fill*         0x0000000008000234        0xc 
 .text          0x0000000008000240       0xa0 /home/morph/st/stm32cubeide_1.10.1_2/plugins/com.st.stm32cube.ide.mcu.externaltools.gnu-tools-for-stm32.10.3-2021.10.linux64_1.0.100.202210260954/tools/bin/../lib/gcc/arm-none-eabi/10.3.1/../../../../arm-none-eabi/lib/thumb/v7e-m+fp/hard/libc_nano.a(lib_a-memchr.o)
                0x0000000008000240                memchr
 .text          0x00000000080002e0      0x378 /home/morph/st/stm32cubeide_1.10.1_2/plugins/com.st.stm32cube.ide.mcu.externaltools.gnu-tools-for-stm32.10.3-2021.10.linux64_1.0.100.202210260954/tools/bin/../lib/gcc/arm-none-eabi/10.3.1/thumb/v7e-m+fp/hard/libgcc.a(_arm_addsubdf3.o)
                0x00000000080002e0                __aeabi_drsub
                0x00000000080002e8                __aeabi_dsub
                0x00000000080002e8                __subdf3
                0x00000000080002ec                __adddf3
                0x00000000080002ec                __aeabi_dadd
                0x0000000008000564                __aeabi_ui2d
                0x0000000008000564                __floatunsidf
                0x0000000008000584                __floatsidf
                0x0000000008000584                __aeabi_i2d
                0x00000000080005a8                __extendsfdf2
                0x00000000080005a8                __aeabi_f2d
                0x00000000080005ec                __aeabi_ul2d
                0x00000000080005ec                __floatundidf
                0x00000000080005fc                __floatdidf
                0x00000000080005fc                __aeabi_l2d
 .text          0x0000000008000658      0x424 /home/morph/st/stm32cubeide_1.10.1_2/plugins/com.st.stm32cube.ide.mcu.externaltools.gnu-tools-for-stm32.10.3-2021.10.linux64_1.0.100.202210260954/tools/bin/../lib/gcc/arm-none-eabi/10.3.1/thumb/v7e-m+fp/hard/libgcc.a(_arm_muldivdf3.o)
                0x0000000008000658                __aeabi_dmul
                0x0000000008000658                __muldf3
                0x00000000080008ac                __aeabi_ddiv
                0x00000000080008ac                __divdf3
 .text          0x0000000008000a7c      0x110 /home/morph/st/stm32cubeide_1.10.1_2/plugins/com.st.stm32cube.ide.mcu.externaltools.gnu-tools-for-stm32.10.3-2021.10.linux64_1.0.100.202210260954/tools/bin/../lib/gcc/arm-none-eabi/10.3.1/thumb/v7e-m+fp/hard/libgcc.a(_arm_cmpdf2.o)
                0x0000000008000a7c                __gtdf2
                0x0000000008000a7c                __gedf2
                0x0000000008000a84                __ltdf2
                0x0000000008000a84                __ledf2
                0x0000000008000a8c                __cmpdf2
                0x0000000008000a8c                __eqdf2
                0x0000000008000a8c                __nedf2
                0x0000000008000b08                __aeabi_cdrcmple
                0x0000000008000b18                __aeabi_cdcmple
                0x0000000008000b18                __aeabi_cdcmpeq
                0x0000000008000b28                __aeabi_dcmpeq
                0x0000000008000b3c                __aeabi_dcmplt
                0x0000000008000b50                __aeabi_dcmple
                0x0000000008000b64                __aeabi_dcmpge
                0x0000000008000b78                __aeabi_dcmpgt
 .text          0x0000000008000b8c       0x2c /home/morph/st/stm32cubeide_1.10.1_2/plugins/com.st.stm32cube.ide.mcu.externaltools.gnu-tools-for-stm32.10.3-2021.10.linux64_1.0.100.202210260954/tools/bin/../lib/gcc/arm-none-eabi/10.3.1/thumb/v7e-m+fp/hard/libgcc.a(_arm_unorddf2.o)
                0x0000000008000b8c                __aeabi_dcmpun
                0x0000000008000b8c                __unorddf2
 .text          0x0000000008000bb8       0x50 /home/morph/st/stm32cubeide_1.10.1_2/plugins/com.st.stm32cube.ide.mcu.externaltools.gnu-tools-for-stm32.10.3-2021.10.linux64_1.0.100.202210260954/tools/bin/../lib/gcc/arm-none-eabi/10.3.1/thumb/v7e-m+fp/hard/libgcc.a(_arm_fixdfsi.o)
                0x0000000008000bb8                __fixdfsi
                0x0000000008000bb8                __aeabi_d2iz
 .text          0x0000000008000c08       0x40 /home/morph/st/stm32cubeide_1.10.1_2/plugins/com.st.stm32cube.ide.mcu.externaltools.gnu-tools-for-stm32.10.3-2021.10.linux64_1.0.100.202210260954/tools/bin/../lib/gcc/arm-none-eabi/10.3.1/thumb/v7e-m+fp/hard/libgcc.a(_arm_fixunsdfsi.o)
                0x0000000008000c08                __fixunsdfsi
                0x0000000008000c08                __aeabi_d2uiz
 .text          0x0000000008000c48       0xa0 /home/morph/st/stm32cubeide_1.10.1_2/plugins/com.st.stm32cube.ide.mcu.externaltools.gnu-tools-for-stm32.10.3-2021.10.linux64_1.0.100.202210260954/tools/bin/../lib/gcc/arm-none-eabi/10.3.1/thumb/v7e-m+fp/hard/libgcc.a(_arm_truncdfsf2.o)
                0x0000000008000c48                __aeabi_d2f
                0x0000000008000c48                __truncdfsf2
 .text          0x0000000008000ce8       0x30 /home/morph/st/stm32cubeide_1.10.1_2/plugins/com.st.stm32cube.ide.mcu.externaltools.gnu-tools-for-stm32.10.3-2021.10.linux64_1.0.100.202210260954/tools/bin/../lib/gcc/arm-none-eabi/10.3.1/thumb/v7e-m+fp/hard/libgcc.a(_aeabi_uldivmod.o)
                0x0000000008000ce8                __aeabi_uldivmod
 .text          0x0000000008000d18       0x30 /home/morph/st/stm32cubeide_1.10.1_2/plugins/com.st.stm32cube.ide.mcu.externaltools.gnu-tools-for-stm32.10.3-2021.10.linux64_1.0.100.202210260954/tools/bin/../lib/gcc/arm-none-eabi/10.3.1/thumb/v7e-m+fp/hard/libgcc.a(_fixdfdi.o)
                0x0000000008000d18                __aeabi_d2lz
                0x0000000008000d18                __fixdfdi
 .text          0x0000000008000d48       0x3c /home/morph/st/stm32cubeide_1.10.1_2/plugins/com.st.stm32cube.ide.mcu.externaltools.gnu-tools-for-stm32.10.3-2021.10.linux64_1.0.100.202210260954/tools/bin/../lib/gcc/arm-none-eabi/10.3.1/thumb/v7e-m+fp/hard/libgcc.a(_fixunsdfdi.o)
                0x0000000008000d48                __aeabi_d2ulz
                0x0000000008000d48                __fixunsdfdi
 .text          0x0000000008000d84      0x2d0 /home/morph/st/stm32cubeide_1.10.1_2/plugins/com.st.stm32cube.ide.mcu.externaltools.gnu-tools-for-stm32.10.3-2021.10.linux64_1.0.100.202210260954/tools/bin/../lib/gcc/arm-none-eabi/10.3.1/thumb/v7e-m+fp/hard/libgcc.a(_udivmoddi4.o)
                0x0000000008000d84                __udivmoddi4
 .text          0x0000000008001054        0x4 /home/morph/st/stm32cubeide_1.10.1_2/plugins/com.st.stm32cube.ide.mcu.externaltools.gnu-tools-for-stm32.10.3-2021.10.linux64_1.0.100.202210260954/tools/bin/../lib/gcc/arm-none-eabi/10.3.1/thumb/v7e-m+fp/hard/libgcc.a(_dvmd_tls.o)
                0x0000000008001054                __aeabi_ldiv0
                0x0000000008001054                __aeabi_idiv0
 *(.text*)
 .text.Setup_Absolute_position
                0x0000000008001058       0xa0 ./Core/Src/GCode_helper.o
                0x0000000008001058                Setup_Absolute_position
 .text.Setup_Relative_position
                0x00000000080010f8       0xa4 ./Core/Src/GCode_helper.o
                0x00000000080010f8                Setup_Relative_position
 .text.Homing_motor
                0x000000000800119c       0x58 ./Core/Src/GCode_helper.o
                0x000000000800119c                Homing_motor
 .text.Homing_completion
                0x00000000080011f4       0x20 ./Core/Src/GCode_helper.o
                0x00000000080011f4                Homing_completion
 .text.Run_Motor
                0x0000000008001214        0xc ./Core/Src/GCode_helper.o
                0x0000000008001214                Run_Motor
 .text.dectoint
                0x0000000008001220      0x29c ./Core/Src/LedDriver.o
                0x0000000008001220                dectoint
 .text.split    0x00000000080014bc       0x88 ./Core/Src/LedDriver.o
                0x00000000080014bc                split
 .text.dectobin
                0x0000000008001544       0x98 ./Core/Src/LedDriver.o
                0x0000000008001544                dectobin
 .text.send_function
                0x00000000080015dc       0x64 ./Core/Src/LedDriver.o
                0x00000000080015dc                send_function
 .text.stop_function
                0x0000000008001640       0x64 ./Core/Src/LedDriver.o
                0x0000000008001640                stop_function
 .text.UART_Command
                0x00000000080016a4      0x254 ./Core/Src/UART_helper.o
                0x00000000080016a4                UART_Command
 .text.main     0x00000000080018f8      0x194 ./Core/Src/main.o
                0x00000000080018f8                main
 .text.SystemClock_Config
                0x0000000008001a8c       0xd8 ./Core/Src/main.o
                0x0000000008001a8c                SystemClock_Config
 .text.MX_SPI1_Init
                0x0000000008001b64       0x6c ./Core/Src/main.o
 .text.MX_TIM2_Init
                0x0000000008001bd0       0xa8 ./Core/Src/main.o
 .text.MX_TIM6_Init
                0x0000000008001c78       0x6c ./Core/Src/main.o
 .text.MX_TIM7_Init
                0x0000000008001ce4       0x6c ./Core/Src/main.o
 .text.MX_USART2_UART_Init
                0x0000000008001d50       0x54 ./Core/Src/main.o
 .text.MX_GPIO_Init
                0x0000000008001da4      0x1c4 ./Core/Src/main.o
 .text.HAL_GPIO_EXTI_Callback
                0x0000000008001f68      0x1d4 ./Core/Src/main.o
                0x0000000008001f68                HAL_GPIO_EXTI_Callback
 .text.HAL_UART_RxCpltCallback
                0x000000000800213c       0xd4 ./Core/Src/main.o
                0x000000000800213c                HAL_UART_RxCpltCallback
 .text.__delay_ms
                0x0000000008002210       0x40 ./Core/Src/main.o
                0x0000000008002210                __delay_ms
 .text.Error_Handler
                0x0000000008002250       0x40 ./Core/Src/main.o
                0x0000000008002250                Error_Handler
 .text.moveTo   0x0000000008002290       0x50 ./Core/Src/stepper.o
                0x0000000008002290                moveTo
 .text.move     0x00000000080022e0       0x24 ./Core/Src/stepper.o
                0x00000000080022e0                move
 .text.stepper_setup
                0x0000000008002304      0x138 ./Core/Src/stepper.o
                0x0000000008002304                stepper_setup
 .text.runSpeed
                0x000000000800243c       0x74 ./Core/Src/stepper.o
                0x000000000800243c                runSpeed
 .text.distanceToGo
                0x00000000080024b0       0x20 ./Core/Src/stepper.o
                0x00000000080024b0                distanceToGo
 .text.currentPosition
                0x00000000080024d0       0x18 ./Core/Src/stepper.o
                0x00000000080024d0                currentPosition
 .text.setCurrentPosition
                0x00000000080024e8       0x4c ./Core/Src/stepper.o
                0x00000000080024e8                setCurrentPosition
 .text.computeNewSpeed
                0x0000000008002534      0x26c ./Core/Src/stepper.o
                0x0000000008002534                computeNewSpeed
 .text.run      0x00000000080027a0       0x40 ./Core/Src/stepper.o
                0x00000000080027a0                run
 .text.setMaxSpeed
                0x00000000080027e0       0xc8 ./Core/Src/stepper.o
                0x00000000080027e0                setMaxSpeed
 .text.setAcceleration
                0x00000000080028a8       0xfc ./Core/Src/stepper.o
                0x00000000080028a8                setAcceleration
 *fill*         0x00000000080029a4        0x4 
 .text.setSpeed
                0x00000000080029a8       0xe8 ./Core/Src/stepper.o
                0x00000000080029a8                setSpeed
 .text.setOutputPins
                0x0000000008002a90       0xac ./Core/Src/stepper.o
                0x0000000008002a90                setOutputPins
 .text.step     0x0000000008002b3c       0x16 ./Core/Src/stepper.o
                0x0000000008002b3c                step
 *fill*         0x0000000008002b52        0x2 
 .text.step1    0x0000000008002b54       0x60 ./Core/Src/stepper.o
                0x0000000008002b54                step1
 .text.runToPosition
                0x0000000008002bb4       0x16 ./Core/Src/stepper.o
                0x0000000008002bb4                runToPosition
 *fill*         0x0000000008002bca        0x2 
 .text.stop     0x0000000008002bcc       0x94 ./Core/Src/stepper.o
                0x0000000008002bcc                stop
 .text.delay_us
                0x0000000008002c60       0x34 ./Core/Src/stepper.o
                0x0000000008002c60                delay_us
 .text.HAL_MspInit
                0x0000000008002c94       0x50 ./Core/Src/stm32f4xx_hal_msp.o
                0x0000000008002c94                HAL_MspInit
 .text.HAL_SPI_MspInit
                0x0000000008002ce4       0x90 ./Core/Src/stm32f4xx_hal_msp.o
                0x0000000008002ce4                HAL_SPI_MspInit
 .text.HAL_TIM_Encoder_MspInit
                0x0000000008002d74       0x9c ./Core/Src/stm32f4xx_hal_msp.o
                0x0000000008002d74                HAL_TIM_Encoder_MspInit
 .text.HAL_TIM_Base_MspInit
                0x0000000008002e10       0x70 ./Core/Src/stm32f4xx_hal_msp.o
                0x0000000008002e10                HAL_TIM_Base_MspInit
 .text.HAL_UART_MspInit
                0x0000000008002e80       0xa0 ./Core/Src/stm32f4xx_hal_msp.o
                0x0000000008002e80                HAL_UART_MspInit
 .text.NMI_Handler
                0x0000000008002f20        0x6 ./Core/Src/stm32f4xx_it.o
                0x0000000008002f20                NMI_Handler
 .text.HardFault_Handler
                0x0000000008002f26        0x6 ./Core/Src/stm32f4xx_it.o
                0x0000000008002f26                HardFault_Handler
 .text.MemManage_Handler
                0x0000000008002f2c        0x6 ./Core/Src/stm32f4xx_it.o
                0x0000000008002f2c                MemManage_Handler
 .text.BusFault_Handler
                0x0000000008002f32        0x6 ./Core/Src/stm32f4xx_it.o
                0x0000000008002f32                BusFault_Handler
 .text.UsageFault_Handler
                0x0000000008002f38        0x6 ./Core/Src/stm32f4xx_it.o
                0x0000000008002f38                UsageFault_Handler
 .text.SVC_Handler
                0x0000000008002f3e        0xe ./Core/Src/stm32f4xx_it.o
                0x0000000008002f3e                SVC_Handler
 .text.DebugMon_Handler
                0x0000000008002f4c        0xe ./Core/Src/stm32f4xx_it.o
                0x0000000008002f4c                DebugMon_Handler
 .text.PendSV_Handler
                0x0000000008002f5a        0xe ./Core/Src/stm32f4xx_it.o
                0x0000000008002f5a                PendSV_Handler
 .text.SysTick_Handler
                0x0000000008002f68        0xc ./Core/Src/stm32f4xx_it.o
                0x0000000008002f68                SysTick_Handler
 .text.EXTI0_IRQHandler
                0x0000000008002f74        0xe ./Core/Src/stm32f4xx_it.o
                0x0000000008002f74                EXTI0_IRQHandler
 .text.EXTI3_IRQHandler
                0x0000000008002f82        0xe ./Core/Src/stm32f4xx_it.o
                0x0000000008002f82                EXTI3_IRQHandler
 .text.EXTI4_IRQHandler
                0x0000000008002f90        0xe ./Core/Src/stm32f4xx_it.o
                0x0000000008002f90                EXTI4_IRQHandler
 .text.EXTI9_5_IRQHandler
                0x0000000008002f9e       0x16 ./Core/Src/stm32f4xx_it.o
                0x0000000008002f9e                EXTI9_5_IRQHandler
 .text.TIM2_IRQHandler
                0x0000000008002fb4       0x14 ./Core/Src/stm32f4xx_it.o
                0x0000000008002fb4                TIM2_IRQHandler
 .text.USART2_IRQHandler
                0x0000000008002fc8       0x14 ./Core/Src/stm32f4xx_it.o
                0x0000000008002fc8                USART2_IRQHandler
 .text._getpid  0x0000000008002fdc       0x10 ./Core/Src/syscalls.o
                0x0000000008002fdc                _getpid
 .text._kill    0x0000000008002fec       0x20 ./Core/Src/syscalls.o
                0x0000000008002fec                _kill
 .text._exit    0x000000000800300c       0x14 ./Core/Src/syscalls.o
                0x000000000800300c                _exit
 .text._read    0x0000000008003020       0x3a ./Core/Src/syscalls.o
                0x0000000008003020                _read
 .text._write   0x000000000800305a       0x38 ./Core/Src/syscalls.o
                0x000000000800305a                _write
 .text._close   0x0000000008003092       0x18 ./Core/Src/syscalls.o
                0x0000000008003092                _close
 .text._fstat   0x00000000080030aa       0x20 ./Core/Src/syscalls.o
                0x00000000080030aa                _fstat
 .text._isatty  0x00000000080030ca       0x16 ./Core/Src/syscalls.o
                0x00000000080030ca                _isatty
 .text._lseek   0x00000000080030e0       0x1a ./Core/Src/syscalls.o
                0x00000000080030e0                _lseek
 *fill*         0x00000000080030fa        0x2 
 .text._sbrk    0x00000000080030fc       0x6c ./Core/Src/sysmem.o
                0x00000000080030fc                _sbrk
 .text.SystemInit
                0x0000000008003168       0x24 ./Core/Src/system_stm32f4xx.o
                0x0000000008003168                SystemInit
 .text.Reset_Handler
                0x000000000800318c       0x50 ./Core/Startup/startup_stm32f446retx.o
                0x000000000800318c                Reset_Handler
 .text.Default_Handler
                0x00000000080031dc        0x2 ./Core/Startup/startup_stm32f446retx.o
                0x00000000080031dc                RTC_Alarm_IRQHandler
                0x00000000080031dc                EXTI2_IRQHandler
                0x00000000080031dc                TIM8_CC_IRQHandler
                0x00000000080031dc                FMPI2C1_EV_IRQHandler
                0x00000000080031dc                SPI4_IRQHandler
                0x00000000080031dc                TIM1_CC_IRQHandler
                0x00000000080031dc                DMA2_Stream5_IRQHandler
                0x00000000080031dc                DMA1_Stream5_IRQHandler
                0x00000000080031dc                PVD_IRQHandler
                0x00000000080031dc                SDIO_IRQHandler
                0x00000000080031dc                TAMP_STAMP_IRQHandler
                0x00000000080031dc                CAN2_RX1_IRQHandler
                0x00000000080031dc                TIM8_TRG_COM_TIM14_IRQHandler
                0x00000000080031dc                TIM1_UP_TIM10_IRQHandler
                0x00000000080031dc                TIM8_UP_TIM13_IRQHandler
                0x00000000080031dc                I2C3_ER_IRQHandler
                0x00000000080031dc                I2C2_EV_IRQHandler
                0x00000000080031dc                DMA1_Stream2_IRQHandler
                0x00000000080031dc                CAN1_RX0_IRQHandler
                0x00000000080031dc                FPU_IRQHandler
                0x00000000080031dc                OTG_HS_WKUP_IRQHandler
                0x00000000080031dc                CAN2_SCE_IRQHandler
                0x00000000080031dc                DMA2_Stream2_IRQHandler
                0x00000000080031dc                SPI1_IRQHandler
                0x00000000080031dc                TIM6_DAC_IRQHandler
                0x00000000080031dc                TIM1_BRK_TIM9_IRQHandler
                0x00000000080031dc                DCMI_IRQHandler
                0x00000000080031dc                CAN2_RX0_IRQHandler
                0x00000000080031dc                DMA2_Stream3_IRQHandler
                0x00000000080031dc                SAI2_IRQHandler
                0x00000000080031dc                USART6_IRQHandler
                0x00000000080031dc                USART3_IRQHandler
                0x00000000080031dc                CAN1_RX1_IRQHandler
                0x00000000080031dc                UART5_IRQHandler
                0x00000000080031dc                DMA2_Stream0_IRQHandler
                0x00000000080031dc                TIM4_IRQHandler
                0x00000000080031dc                QUADSPI_IRQHandler
                0x00000000080031dc                I2C1_EV_IRQHandler
                0x00000000080031dc                DMA1_Stream6_IRQHandler
                0x00000000080031dc                DMA1_Stream1_IRQHandler
                0x00000000080031dc                UART4_IRQHandler
                0x00000000080031dc                TIM3_IRQHandler
                0x00000000080031dc                RCC_IRQHandler
                0x00000000080031dc                TIM8_BRK_TIM12_IRQHandler
                0x00000000080031dc                Default_Handler
                0x00000000080031dc                CEC_IRQHandler
                0x00000000080031dc                EXTI15_10_IRQHandler
                0x00000000080031dc                ADC_IRQHandler
                0x00000000080031dc                DMA1_Stream7_IRQHandler
                0x00000000080031dc                TIM7_IRQHandler
                0x00000000080031dc                CAN2_TX_IRQHandler
                0x00000000080031dc                TIM5_IRQHandler
                0x00000000080031dc                DMA2_Stream7_IRQHandler
                0x00000000080031dc                I2C3_EV_IRQHandler
                0x00000000080031dc                RTC_WKUP_IRQHandler
                0x00000000080031dc                SPDIF_RX_IRQHandler
                0x00000000080031dc                SPI2_IRQHandler
                0x00000000080031dc                OTG_HS_EP1_IN_IRQHandler
                0x00000000080031dc                DMA1_Stream0_IRQHandler
                0x00000000080031dc                CAN1_TX_IRQHandler
                0x00000000080031dc                FMPI2C1_ER_IRQHandler
                0x00000000080031dc                OTG_HS_EP1_OUT_IRQHandler
                0x00000000080031dc                WWDG_IRQHandler
                0x00000000080031dc                OTG_FS_WKUP_IRQHandler
                0x00000000080031dc                TIM1_TRG_COM_TIM11_IRQHandler
                0x00000000080031dc                OTG_HS_IRQHandler
                0x00000000080031dc                EXTI1_IRQHandler
                0x00000000080031dc                I2C2_ER_IRQHandler
                0x00000000080031dc                DMA2_Stream1_IRQHandler
                0x00000000080031dc                CAN1_SCE_IRQHandler
                0x00000000080031dc                FLASH_IRQHandler
                0x00000000080031dc                DMA2_Stream4_IRQHandler
                0x00000000080031dc                USART1_IRQHandler
                0x00000000080031dc                OTG_FS_IRQHandler
                0x00000000080031dc                SPI3_IRQHandler
                0x00000000080031dc                DMA1_Stream4_IRQHandler
                0x00000000080031dc                I2C1_ER_IRQHandler
                0x00000000080031dc                FMC_IRQHandler
                0x00000000080031dc                DMA2_Stream6_IRQHandler
                0x00000000080031dc                SAI1_IRQHandler
                0x00000000080031dc                DMA1_Stream3_IRQHandler
 *fill*         0x00000000080031de        0x2 
 .text.HAL_Init
                0x00000000080031e0       0x44 ./Drivers/STM32F4xx_HAL_Driver/Src/stm32f4xx_hal.o
                0x00000000080031e0                HAL_Init
 .text.HAL_InitTick
                0x0000000008003224       0x60 ./Drivers/STM32F4xx_HAL_Driver/Src/stm32f4xx_hal.o
                0x0000000008003224                HAL_InitTick
 .text.HAL_IncTick
                0x0000000008003284       0x28 ./Drivers/STM32F4xx_HAL_Driver/Src/stm32f4xx_hal.o
                0x0000000008003284                HAL_IncTick
 .text.HAL_GetTick
                0x00000000080032ac       0x18 ./Drivers/STM32F4xx_HAL_Driver/Src/stm32f4xx_hal.o
                0x00000000080032ac                HAL_GetTick
 .text.__NVIC_SetPriorityGrouping
                0x00000000080032c4       0x48 ./Drivers/STM32F4xx_HAL_Driver/Src/stm32f4xx_hal_cortex.o
 .text.__NVIC_GetPriorityGrouping
                0x000000000800330c       0x1c ./Drivers/STM32F4xx_HAL_Driver/Src/stm32f4xx_hal_cortex.o
 .text.__NVIC_EnableIRQ
                0x0000000008003328       0x3c ./Drivers/STM32F4xx_HAL_Driver/Src/stm32f4xx_hal_cortex.o
 .text.__NVIC_DisableIRQ
                0x0000000008003364       0x48 ./Drivers/STM32F4xx_HAL_Driver/Src/stm32f4xx_hal_cortex.o
 .text.__NVIC_SetPriority
                0x00000000080033ac       0x54 ./Drivers/STM32F4xx_HAL_Driver/Src/stm32f4xx_hal_cortex.o
 .text.NVIC_EncodePriority
                0x0000000008003400       0x66 ./Drivers/STM32F4xx_HAL_Driver/Src/stm32f4xx_hal_cortex.o
 *fill*         0x0000000008003466        0x2 
 .text.SysTick_Config
                0x0000000008003468       0x44 ./Drivers/STM32F4xx_HAL_Driver/Src/stm32f4xx_hal_cortex.o
 .text.HAL_NVIC_SetPriorityGrouping
                0x00000000080034ac       0x16 ./Drivers/STM32F4xx_HAL_Driver/Src/stm32f4xx_hal_cortex.o
                0x00000000080034ac                HAL_NVIC_SetPriorityGrouping
 .text.HAL_NVIC_SetPriority
                0x00000000080034c2       0x38 ./Drivers/STM32F4xx_HAL_Driver/Src/stm32f4xx_hal_cortex.o
                0x00000000080034c2                HAL_NVIC_SetPriority
 .text.HAL_NVIC_EnableIRQ
                0x00000000080034fa       0x1c ./Drivers/STM32F4xx_HAL_Driver/Src/stm32f4xx_hal_cortex.o
                0x00000000080034fa                HAL_NVIC_EnableIRQ
 .text.HAL_NVIC_DisableIRQ
                0x0000000008003516       0x1c ./Drivers/STM32F4xx_HAL_Driver/Src/stm32f4xx_hal_cortex.o
                0x0000000008003516                HAL_NVIC_DisableIRQ
 .text.HAL_SYSTICK_Config
                0x0000000008003532       0x18 ./Drivers/STM32F4xx_HAL_Driver/Src/stm32f4xx_hal_cortex.o
                0x0000000008003532                HAL_SYSTICK_Config
 .text.HAL_DMA_Abort
                0x000000000800354a       0xe0 ./Drivers/STM32F4xx_HAL_Driver/Src/stm32f4xx_hal_dma.o
                0x000000000800354a                HAL_DMA_Abort
 .text.HAL_DMA_Abort_IT
                0x000000000800362a       0x44 ./Drivers/STM32F4xx_HAL_Driver/Src/stm32f4xx_hal_dma.o
                0x000000000800362a                HAL_DMA_Abort_IT
 *fill*         0x000000000800366e        0x2 
 .text.HAL_GPIO_Init
                0x0000000008003670      0x328 ./Drivers/STM32F4xx_HAL_Driver/Src/stm32f4xx_hal_gpio.o
                0x0000000008003670                HAL_GPIO_Init
 .text.HAL_GPIO_WritePin
                0x0000000008003998       0x32 ./Drivers/STM32F4xx_HAL_Driver/Src/stm32f4xx_hal_gpio.o
                0x0000000008003998                HAL_GPIO_WritePin
 *fill*         0x00000000080039ca        0x2 
 .text.HAL_GPIO_EXTI_IRQHandler
                0x00000000080039cc       0x30 ./Drivers/STM32F4xx_HAL_Driver/Src/stm32f4xx_hal_gpio.o
                0x00000000080039cc                HAL_GPIO_EXTI_IRQHandler
 .text.HAL_RCC_ClockConfig
                0x00000000080039fc      0x1cc ./Drivers/STM32F4xx_HAL_Driver/Src/stm32f4xx_hal_rcc.o
                0x00000000080039fc                HAL_RCC_ClockConfig
 .text.HAL_RCC_GetHCLKFreq
                0x0000000008003bc8       0x18 ./Drivers/STM32F4xx_HAL_Driver/Src/stm32f4xx_hal_rcc.o
                0x0000000008003bc8                HAL_RCC_GetHCLKFreq
 .text.HAL_RCC_GetPCLK1Freq
                0x0000000008003be0       0x28 ./Drivers/STM32F4xx_HAL_Driver/Src/stm32f4xx_hal_rcc.o
                0x0000000008003be0                HAL_RCC_GetPCLK1Freq
 .text.HAL_RCC_GetPCLK2Freq
                0x0000000008003c08       0x28 ./Drivers/STM32F4xx_HAL_Driver/Src/stm32f4xx_hal_rcc.o
                0x0000000008003c08                HAL_RCC_GetPCLK2Freq
 .text.HAL_RCC_GetSysClockFreq
                0x0000000008003c30      0x460 ./Drivers/STM32F4xx_HAL_Driver/Src/stm32f4xx_hal_rcc_ex.o
                0x0000000008003c30                HAL_RCC_GetSysClockFreq
 .text.HAL_RCC_OscConfig
                0x0000000008004090      0x53c ./Drivers/STM32F4xx_HAL_Driver/Src/stm32f4xx_hal_rcc_ex.o
                0x0000000008004090                HAL_RCC_OscConfig
 .text.HAL_SPI_Init
                0x00000000080045cc      0x112 ./Drivers/STM32F4xx_HAL_Driver/Src/stm32f4xx_hal_spi.o
                0x00000000080045cc                HAL_SPI_Init
 .text.HAL_SPI_Transmit
                0x00000000080046de      0x278 ./Drivers/STM32F4xx_HAL_Driver/Src/stm32f4xx_hal_spi.o
                0x00000000080046de                HAL_SPI_Transmit
 *fill*         0x0000000008004956        0x2 
 .text.SPI_WaitFlagStateUntilTimeout
                0x0000000008004958      0x110 ./Drivers/STM32F4xx_HAL_Driver/Src/stm32f4xx_hal_spi.o
 .text.SPI_EndRxTxTransaction
                0x0000000008004a68       0x84 ./Drivers/STM32F4xx_HAL_Driver/Src/stm32f4xx_hal_spi.o
 .text.HAL_TIM_Base_Init
                0x0000000008004aec       0x9e ./Drivers/STM32F4xx_HAL_Driver/Src/stm32f4xx_hal_tim.o
                0x0000000008004aec                HAL_TIM_Base_Init
 *fill*         0x0000000008004b8a        0x2 
 .text.HAL_TIM_Base_Start
                0x0000000008004b8c       0xd0 ./Drivers/STM32F4xx_HAL_Driver/Src/stm32f4xx_hal_tim.o
                0x0000000008004b8c                HAL_TIM_Base_Start
 .text.HAL_TIM_Encoder_Init
                0x0000000008004c5c      0x14c ./Drivers/STM32F4xx_HAL_Driver/Src/stm32f4xx_hal_tim.o
                0x0000000008004c5c                HAL_TIM_Encoder_Init
 .text.HAL_TIM_Encoder_Start
                0x0000000008004da8      0x11c ./Drivers/STM32F4xx_HAL_Driver/Src/stm32f4xx_hal_tim.o
                0x0000000008004da8                HAL_TIM_Encoder_Start
 .text.HAL_TIM_IRQHandler
                0x0000000008004ec4      0x210 ./Drivers/STM32F4xx_HAL_Driver/Src/stm32f4xx_hal_tim.o
                0x0000000008004ec4                HAL_TIM_IRQHandler
 .text.HAL_TIM_PeriodElapsedCallback
                0x00000000080050d4       0x14 ./Drivers/STM32F4xx_HAL_Driver/Src/stm32f4xx_hal_tim.o
                0x00000000080050d4                HAL_TIM_PeriodElapsedCallback
 .text.HAL_TIM_OC_DelayElapsedCallback
                0x00000000080050e8       0x14 ./Drivers/STM32F4xx_HAL_Driver/Src/stm32f4xx_hal_tim.o
                0x00000000080050e8                HAL_TIM_OC_DelayElapsedCallback
 .text.HAL_TIM_IC_CaptureCallback
                0x00000000080050fc       0x14 ./Drivers/STM32F4xx_HAL_Driver/Src/stm32f4xx_hal_tim.o
                0x00000000080050fc                HAL_TIM_IC_CaptureCallback
 .text.HAL_TIM_PWM_PulseFinishedCallback
                0x0000000008005110       0x14 ./Drivers/STM32F4xx_HAL_Driver/Src/stm32f4xx_hal_tim.o
                0x0000000008005110                HAL_TIM_PWM_PulseFinishedCallback
 .text.HAL_TIM_TriggerCallback
                0x0000000008005124       0x14 ./Drivers/STM32F4xx_HAL_Driver/Src/stm32f4xx_hal_tim.o
                0x0000000008005124                HAL_TIM_TriggerCallback
 .text.TIM_Base_SetConfig
                0x0000000008005138      0x140 ./Drivers/STM32F4xx_HAL_Driver/Src/stm32f4xx_hal_tim.o
                0x0000000008005138                TIM_Base_SetConfig
 .text.TIM_CCxChannelCmd
                0x0000000008005278       0x4a ./Drivers/STM32F4xx_HAL_Driver/Src/stm32f4xx_hal_tim.o
                0x0000000008005278                TIM_CCxChannelCmd
 *fill*         0x00000000080052c2        0x2 
 .text.HAL_TIMEx_MasterConfigSynchronization
                0x00000000080052c4       0xf8 ./Drivers/STM32F4xx_HAL_Driver/Src/stm32f4xx_hal_tim_ex.o
                0x00000000080052c4                HAL_TIMEx_MasterConfigSynchronization
 .text.HAL_TIMEx_CommutCallback
                0x00000000080053bc       0x14 ./Drivers/STM32F4xx_HAL_Driver/Src/stm32f4xx_hal_tim_ex.o
                0x00000000080053bc                HAL_TIMEx_CommutCallback
 .text.HAL_TIMEx_BreakCallback
                0x00000000080053d0       0x14 ./Drivers/STM32F4xx_HAL_Driver/Src/stm32f4xx_hal_tim_ex.o
                0x00000000080053d0                HAL_TIMEx_BreakCallback
 .text.HAL_UART_Init
                0x00000000080053e4       0x9a ./Drivers/STM32F4xx_HAL_Driver/Src/stm32f4xx_hal_uart.o
                0x00000000080053e4                HAL_UART_Init
 .text.HAL_UART_Transmit
                0x000000000800547e      0x124 ./Drivers/STM32F4xx_HAL_Driver/Src/stm32f4xx_hal_uart.o
                0x000000000800547e                HAL_UART_Transmit
 .text.HAL_UART_Receive_IT
                0x00000000080055a2       0x60 ./Drivers/STM32F4xx_HAL_Driver/Src/stm32f4xx_hal_uart.o
                0x00000000080055a2                HAL_UART_Receive_IT
 *fill*         0x0000000008005602        0x2 
 .text.HAL_UART_IRQHandler
                0x0000000008005604      0x51c ./Drivers/STM32F4xx_HAL_Driver/Src/stm32f4xx_hal_uart.o
                0x0000000008005604                HAL_UART_IRQHandler
 .text.HAL_UART_TxCpltCallback
                0x0000000008005b20       0x14 ./Drivers/STM32F4xx_HAL_Driver/Src/stm32f4xx_hal_uart.o
                0x0000000008005b20                HAL_UART_TxCpltCallback
 .text.HAL_UART_ErrorCallback
                0x0000000008005b34       0x14 ./Drivers/STM32F4xx_HAL_Driver/Src/stm32f4xx_hal_uart.o
                0x0000000008005b34                HAL_UART_ErrorCallback
 .text.HAL_UARTEx_RxEventCallback
                0x0000000008005b48       0x18 ./Drivers/STM32F4xx_HAL_Driver/Src/stm32f4xx_hal_uart.o
                0x0000000008005b48                HAL_UARTEx_RxEventCallback
 .text.UART_WaitOnFlagUntilTimeout
                0x0000000008005b60       0xdc ./Drivers/STM32F4xx_HAL_Driver/Src/stm32f4xx_hal_uart.o
 .text.UART_Start_Receive_IT
                0x0000000008005c3c       0x7c ./Drivers/STM32F4xx_HAL_Driver/Src/stm32f4xx_hal_uart.o
                0x0000000008005c3c                UART_Start_Receive_IT
 .text.UART_EndRxTransfer
                0x0000000008005cb8       0xc6 ./Drivers/STM32F4xx_HAL_Driver/Src/stm32f4xx_hal_uart.o
 .text.UART_DMAAbortOnError
                0x0000000008005d7e       0x28 ./Drivers/STM32F4xx_HAL_Driver/Src/stm32f4xx_hal_uart.o
 .text.UART_Transmit_IT
                0x0000000008005da6       0xa0 ./Drivers/STM32F4xx_HAL_Driver/Src/stm32f4xx_hal_uart.o
 .text.UART_EndTransmit_IT
                0x0000000008005e46       0x30 ./Drivers/STM32F4xx_HAL_Driver/Src/stm32f4xx_hal_uart.o
 .text.UART_Receive_IT
                0x0000000008005e76      0x176 ./Drivers/STM32F4xx_HAL_Driver/Src/stm32f4xx_hal_uart.o
 .text.UART_SetConfig
                0x0000000008005fec      0x4e8 ./Drivers/STM32F4xx_HAL_Driver/Src/stm32f4xx_hal_uart.o
 .text.__errno  0x00000000080064d4        0xc /home/morph/st/stm32cubeide_1.10.1_2/plugins/com.st.stm32cube.ide.mcu.externaltools.gnu-tools-for-stm32.10.3-2021.10.linux64_1.0.100.202210260954/tools/bin/../lib/gcc/arm-none-eabi/10.3.1/../../../../arm-none-eabi/lib/thumb/v7e-m+fp/hard/libc_nano.a(lib_a-errno.o)
                0x00000000080064d4                __errno
 .text.__libc_init_array
                0x00000000080064e0       0x48 /home/morph/st/stm32cubeide_1.10.1_2/plugins/com.st.stm32cube.ide.mcu.externaltools.gnu-tools-for-stm32.10.3-2021.10.linux64_1.0.100.202210260954/tools/bin/../lib/gcc/arm-none-eabi/10.3.1/../../../../arm-none-eabi/lib/thumb/v7e-m+fp/hard/libc_nano.a(lib_a-init.o)
                0x00000000080064e0                __libc_init_array
 .text.memset   0x0000000008006528       0x10 /home/morph/st/stm32cubeide_1.10.1_2/plugins/com.st.stm32cube.ide.mcu.externaltools.gnu-tools-for-stm32.10.3-2021.10.linux64_1.0.100.202210260954/tools/bin/../lib/gcc/arm-none-eabi/10.3.1/../../../../arm-none-eabi/lib/thumb/v7e-m+fp/hard/libc_nano.a(lib_a-memset.o)
                0x0000000008006528                memset
 .text.__cvt    0x0000000008006538       0xc4 /home/morph/st/stm32cubeide_1.10.1_2/plugins/com.st.stm32cube.ide.mcu.externaltools.gnu-tools-for-stm32.10.3-2021.10.linux64_1.0.100.202210260954/tools/bin/../lib/gcc/arm-none-eabi/10.3.1/../../../../arm-none-eabi/lib/thumb/v7e-m+fp/hard/libc_nano.a(lib_a-nano-vfprintf_float.o)
                0x0000000008006538                __cvt
 .text.__exponent
                0x00000000080065fc       0x7c /home/morph/st/stm32cubeide_1.10.1_2/plugins/com.st.stm32cube.ide.mcu.externaltools.gnu-tools-for-stm32.10.3-2021.10.linux64_1.0.100.202210260954/tools/bin/../lib/gcc/arm-none-eabi/10.3.1/../../../../arm-none-eabi/lib/thumb/v7e-m+fp/hard/libc_nano.a(lib_a-nano-vfprintf_float.o)
                0x00000000080065fc                __exponent
 .text._printf_float
                0x0000000008006678      0x46c /home/morph/st/stm32cubeide_1.10.1_2/plugins/com.st.stm32cube.ide.mcu.externaltools.gnu-tools-for-stm32.10.3-2021.10.linux64_1.0.100.202210260954/tools/bin/../lib/gcc/arm-none-eabi/10.3.1/../../../../arm-none-eabi/lib/thumb/v7e-m+fp/hard/libc_nano.a(lib_a-nano-vfprintf_float.o)
                0x0000000008006678                _printf_float
 .text._printf_common
                0x0000000008006ae4       0xda /home/morph/st/stm32cubeide_1.10.1_2/plugins/com.st.stm32cube.ide.mcu.externaltools.gnu-tools-for-stm32.10.3-2021.10.linux64_1.0.100.202210260954/tools/bin/../lib/gcc/arm-none-eabi/10.3.1/../../../../arm-none-eabi/lib/thumb/v7e-m+fp/hard/libc_nano.a(lib_a-nano-vfprintf_i.o)
                0x0000000008006ae4                _printf_common
 *fill*         0x0000000008006bbe        0x2 
 .text._printf_i
                0x0000000008006bc0      0x24c /home/morph/st/stm32cubeide_1.10.1_2/plugins/com.st.stm32cube.ide.mcu.externaltools.gnu-tools-for-stm32.10.3-2021.10.linux64_1.0.100.202210260954/tools/bin/../lib/gcc/arm-none-eabi/10.3.1/../../../../arm-none-eabi/lib/thumb/v7e-m+fp/hard/libc_nano.a(lib_a-nano-vfprintf_i.o)
                0x0000000008006bc0                _printf_i
 .text.sprintf  0x0000000008006e0c       0x40 /home/morph/st/stm32cubeide_1.10.1_2/plugins/com.st.stm32cube.ide.mcu.externaltools.gnu-tools-for-stm32.10.3-2021.10.linux64_1.0.100.202210260954/tools/bin/../lib/gcc/arm-none-eabi/10.3.1/../../../../arm-none-eabi/lib/thumb/v7e-m+fp/hard/libc_nano.a(lib_a-sprintf.o)
                0x0000000008006e0c                sprintf
                0x0000000008006e0c                siprintf
 .text.sulp     0x0000000008006e4c       0x38 /home/morph/st/stm32cubeide_1.10.1_2/plugins/com.st.stm32cube.ide.mcu.externaltools.gnu-tools-for-stm32.10.3-2021.10.linux64_1.0.100.202210260954/tools/bin/../lib/gcc/arm-none-eabi/10.3.1/../../../../arm-none-eabi/lib/thumb/v7e-m+fp/hard/libc_nano.a(lib_a-strtod.o)
 *fill*         0x0000000008006e84        0x4 
 .text._strtod_l
                0x0000000008006e88      0xc0c /home/morph/st/stm32cubeide_1.10.1_2/plugins/com.st.stm32cube.ide.mcu.externaltools.gnu-tools-for-stm32.10.3-2021.10.linux64_1.0.100.202210260954/tools/bin/../lib/gcc/arm-none-eabi/10.3.1/../../../../arm-none-eabi/lib/thumb/v7e-m+fp/hard/libc_nano.a(lib_a-strtod.o)
                0x0000000008006e88                _strtod_l
 .text.strtod   0x0000000008007a94       0x18 /home/morph/st/stm32cubeide_1.10.1_2/plugins/com.st.stm32cube.ide.mcu.externaltools.gnu-tools-for-stm32.10.3-2021.10.linux64_1.0.100.202210260954/tools/bin/../lib/gcc/arm-none-eabi/10.3.1/../../../../arm-none-eabi/lib/thumb/v7e-m+fp/hard/libc_nano.a(lib_a-strtod.o)
                0x0000000008007a94                strtod
 .text.strtok   0x0000000008007aac       0x68 /home/morph/st/stm32cubeide_1.10.1_2/plugins/com.st.stm32cube.ide.mcu.externaltools.gnu-tools-for-stm32.10.3-2021.10.linux64_1.0.100.202210260954/tools/bin/../lib/gcc/arm-none-eabi/10.3.1/../../../../arm-none-eabi/lib/thumb/v7e-m+fp/hard/libc_nano.a(lib_a-strtok.o)
                0x0000000008007aac                strtok
 .text.__strtok_r
                0x0000000008007b14       0x50 /home/morph/st/stm32cubeide_1.10.1_2/plugins/com.st.stm32cube.ide.mcu.externaltools.gnu-tools-for-stm32.10.3-2021.10.linux64_1.0.100.202210260954/tools/bin/../lib/gcc/arm-none-eabi/10.3.1/../../../../arm-none-eabi/lib/thumb/v7e-m+fp/hard/libc_nano.a(lib_a-strtok_r.o)
                0x0000000008007b14                __strtok_r
 .text.__assert_func
                0x0000000008007b64       0x3c /home/morph/st/stm32cubeide_1.10.1_2/plugins/com.st.stm32cube.ide.mcu.externaltools.gnu-tools-for-stm32.10.3-2021.10.linux64_1.0.100.202210260954/tools/bin/../lib/gcc/arm-none-eabi/10.3.1/../../../../arm-none-eabi/lib/thumb/v7e-m+fp/hard/libc_nano.a(lib_a-assert.o)
                0x0000000008007b64                __assert_func
 .text.quorem   0x0000000008007ba0      0x116 /home/morph/st/stm32cubeide_1.10.1_2/plugins/com.st.stm32cube.ide.mcu.externaltools.gnu-tools-for-stm32.10.3-2021.10.linux64_1.0.100.202210260954/tools/bin/../lib/gcc/arm-none-eabi/10.3.1/../../../../arm-none-eabi/lib/thumb/v7e-m+fp/hard/libc_nano.a(lib_a-dtoa.o)
 *fill*         0x0000000008007cb6        0x2 
 .text._dtoa_r  0x0000000008007cb8      0xbdc /home/morph/st/stm32cubeide_1.10.1_2/plugins/com.st.stm32cube.ide.mcu.externaltools.gnu-tools-for-stm32.10.3-2021.10.linux64_1.0.100.202210260954/tools/bin/../lib/gcc/arm-none-eabi/10.3.1/../../../../arm-none-eabi/lib/thumb/v7e-m+fp/hard/libc_nano.a(lib_a-dtoa.o)
                0x0000000008007cb8                _dtoa_r
 .text.fprintf  0x0000000008008894       0x24 /home/morph/st/stm32cubeide_1.10.1_2/plugins/com.st.stm32cube.ide.mcu.externaltools.gnu-tools-for-stm32.10.3-2021.10.linux64_1.0.100.202210260954/tools/bin/../lib/gcc/arm-none-eabi/10.3.1/../../../../arm-none-eabi/lib/thumb/v7e-m+fp/hard/libc_nano.a(lib_a-fprintf.o)
                0x0000000008008894                fprintf
                0x0000000008008894                fiprintf
 .text.rshift   0x00000000080088b8       0xa4 /home/morph/st/stm32cubeide_1.10.1_2/plugins/com.st.stm32cube.ide.mcu.externaltools.gnu-tools-for-stm32.10.3-2021.10.linux64_1.0.100.202210260954/tools/bin/../lib/gcc/arm-none-eabi/10.3.1/../../../../arm-none-eabi/lib/thumb/v7e-m+fp/hard/libc_nano.a(lib_a-gdtoa-gethex.o)
 .text.__hexdig_fun
                0x000000000800895c       0x2a /home/morph/st/stm32cubeide_1.10.1_2/plugins/com.st.stm32cube.ide.mcu.externaltools.gnu-tools-for-stm32.10.3-2021.10.linux64_1.0.100.202210260954/tools/bin/../lib/gcc/arm-none-eabi/10.3.1/../../../../arm-none-eabi/lib/thumb/v7e-m+fp/hard/libc_nano.a(lib_a-gdtoa-gethex.o)
                0x000000000800895c                __hexdig_fun
 *fill*         0x0000000008008986        0x2 
 .text.__gethex
                0x0000000008008988      0x48c /home/morph/st/stm32cubeide_1.10.1_2/plugins/com.st.stm32cube.ide.mcu.externaltools.gnu-tools-for-stm32.10.3-2021.10.linux64_1.0.100.202210260954/tools/bin/../lib/gcc/arm-none-eabi/10.3.1/../../../../arm-none-eabi/lib/thumb/v7e-m+fp/hard/libc_nano.a(lib_a-gdtoa-gethex.o)
                0x0000000008008988                __gethex
 .text.L_shift  0x0000000008008e14       0x24 /home/morph/st/stm32cubeide_1.10.1_2/plugins/com.st.stm32cube.ide.mcu.externaltools.gnu-tools-for-stm32.10.3-2021.10.linux64_1.0.100.202210260954/tools/bin/../lib/gcc/arm-none-eabi/10.3.1/../../../../arm-none-eabi/lib/thumb/v7e-m+fp/hard/libc_nano.a(lib_a-gdtoa-hexnan.o)
 .text.__match  0x0000000008008e38       0x28 /home/morph/st/stm32cubeide_1.10.1_2/plugins/com.st.stm32cube.ide.mcu.externaltools.gnu-tools-for-stm32.10.3-2021.10.linux64_1.0.100.202210260954/tools/bin/../lib/gcc/arm-none-eabi/10.3.1/../../../../arm-none-eabi/lib/thumb/v7e-m+fp/hard/libc_nano.a(lib_a-gdtoa-hexnan.o)
                0x0000000008008e38                __match
 .text.__hexnan
                0x0000000008008e60      0x138 /home/morph/st/stm32cubeide_1.10.1_2/plugins/com.st.stm32cube.ide.mcu.externaltools.gnu-tools-for-stm32.10.3-2021.10.linux64_1.0.100.202210260954/tools/bin/../lib/gcc/arm-none-eabi/10.3.1/../../../../arm-none-eabi/lib/thumb/v7e-m+fp/hard/libc_nano.a(lib_a-gdtoa-hexnan.o)
                0x0000000008008e60                __hexnan
 .text._localeconv_r
                0x0000000008008f98        0x8 /home/morph/st/stm32cubeide_1.10.1_2/plugins/com.st.stm32cube.ide.mcu.externaltools.gnu-tools-for-stm32.10.3-2021.10.linux64_1.0.100.202210260954/tools/bin/../lib/gcc/arm-none-eabi/10.3.1/../../../../arm-none-eabi/lib/thumb/v7e-m+fp/hard/libc_nano.a(lib_a-localeconv.o)
                0x0000000008008f98                _localeconv_r
 .text.malloc   0x0000000008008fa0       0x10 /home/morph/st/stm32cubeide_1.10.1_2/plugins/com.st.stm32cube.ide.mcu.externaltools.gnu-tools-for-stm32.10.3-2021.10.linux64_1.0.100.202210260954/tools/bin/../lib/gcc/arm-none-eabi/10.3.1/../../../../arm-none-eabi/lib/thumb/v7e-m+fp/hard/libc_nano.a(lib_a-malloc.o)
                0x0000000008008fa0                malloc
 .text.__ascii_mbtowc
                0x0000000008008fb0       0x24 /home/morph/st/stm32cubeide_1.10.1_2/plugins/com.st.stm32cube.ide.mcu.externaltools.gnu-tools-for-stm32.10.3-2021.10.linux64_1.0.100.202210260954/tools/bin/../lib/gcc/arm-none-eabi/10.3.1/../../../../arm-none-eabi/lib/thumb/v7e-m+fp/hard/libc_nano.a(lib_a-mbtowc_r.o)
                0x0000000008008fb0                __ascii_mbtowc
 .text.memcpy   0x0000000008008fd4       0x1c /home/morph/st/stm32cubeide_1.10.1_2/plugins/com.st.stm32cube.ide.mcu.externaltools.gnu-tools-for-stm32.10.3-2021.10.linux64_1.0.100.202210260954/tools/bin/../lib/gcc/arm-none-eabi/10.3.1/../../../../arm-none-eabi/lib/thumb/v7e-m+fp/hard/libc_nano.a(lib_a-memcpy-stub.o)
                0x0000000008008fd4                memcpy
 .text._Balloc  0x0000000008008ff0       0x80 /home/morph/st/stm32cubeide_1.10.1_2/plugins/com.st.stm32cube.ide.mcu.externaltools.gnu-tools-for-stm32.10.3-2021.10.linux64_1.0.100.202210260954/tools/bin/../lib/gcc/arm-none-eabi/10.3.1/../../../../arm-none-eabi/lib/thumb/v7e-m+fp/hard/libc_nano.a(lib_a-mprec.o)
                0x0000000008008ff0                _Balloc
 .text._Bfree   0x0000000008009070       0x44 /home/morph/st/stm32cubeide_1.10.1_2/plugins/com.st.stm32cube.ide.mcu.externaltools.gnu-tools-for-stm32.10.3-2021.10.linux64_1.0.100.202210260954/tools/bin/../lib/gcc/arm-none-eabi/10.3.1/../../../../arm-none-eabi/lib/thumb/v7e-m+fp/hard/libc_nano.a(lib_a-mprec.o)
                0x0000000008009070                _Bfree
 .text.__multadd
                0x00000000080090b4       0x8c /home/morph/st/stm32cubeide_1.10.1_2/plugins/com.st.stm32cube.ide.mcu.externaltools.gnu-tools-for-stm32.10.3-2021.10.linux64_1.0.100.202210260954/tools/bin/../lib/gcc/arm-none-eabi/10.3.1/../../../../arm-none-eabi/lib/thumb/v7e-m+fp/hard/libc_nano.a(lib_a-mprec.o)
                0x00000000080090b4                __multadd
 .text.__s2b    0x0000000008009140       0x94 /home/morph/st/stm32cubeide_1.10.1_2/plugins/com.st.stm32cube.ide.mcu.externaltools.gnu-tools-for-stm32.10.3-2021.10.linux64_1.0.100.202210260954/tools/bin/../lib/gcc/arm-none-eabi/10.3.1/../../../../arm-none-eabi/lib/thumb/v7e-m+fp/hard/libc_nano.a(lib_a-mprec.o)
                0x0000000008009140                __s2b
 .text.__hi0bits
                0x00000000080091d4       0x40 /home/morph/st/stm32cubeide_1.10.1_2/plugins/com.st.stm32cube.ide.mcu.externaltools.gnu-tools-for-stm32.10.3-2021.10.linux64_1.0.100.202210260954/tools/bin/../lib/gcc/arm-none-eabi/10.3.1/../../../../arm-none-eabi/lib/thumb/v7e-m+fp/hard/libc_nano.a(lib_a-mprec.o)
                0x00000000080091d4                __hi0bits
 .text.__lo0bits
                0x0000000008009214       0x5e /home/morph/st/stm32cubeide_1.10.1_2/plugins/com.st.stm32cube.ide.mcu.externaltools.gnu-tools-for-stm32.10.3-2021.10.linux64_1.0.100.202210260954/tools/bin/../lib/gcc/arm-none-eabi/10.3.1/../../../../arm-none-eabi/lib/thumb/v7e-m+fp/hard/libc_nano.a(lib_a-mprec.o)
                0x0000000008009214                __lo0bits
 *fill*         0x0000000008009272        0x2 
 .text.__i2b    0x0000000008009274       0x2c /home/morph/st/stm32cubeide_1.10.1_2/plugins/com.st.stm32cube.ide.mcu.externaltools.gnu-tools-for-stm32.10.3-2021.10.linux64_1.0.100.202210260954/tools/bin/../lib/gcc/arm-none-eabi/10.3.1/../../../../arm-none-eabi/lib/thumb/v7e-m+fp/hard/libc_nano.a(lib_a-mprec.o)
                0x0000000008009274                __i2b
 .text.__multiply
                0x00000000080092a0      0x154 /home/morph/st/stm32cubeide_1.10.1_2/plugins/com.st.stm32cube.ide.mcu.externaltools.gnu-tools-for-stm32.10.3-2021.10.linux64_1.0.100.202210260954/tools/bin/../lib/gcc/arm-none-eabi/10.3.1/../../../../arm-none-eabi/lib/thumb/v7e-m+fp/hard/libc_nano.a(lib_a-mprec.o)
                0x00000000080092a0                __multiply
 .text.__pow5mult
                0x00000000080093f4       0xb4 /home/morph/st/stm32cubeide_1.10.1_2/plugins/com.st.stm32cube.ide.mcu.externaltools.gnu-tools-for-stm32.10.3-2021.10.linux64_1.0.100.202210260954/tools/bin/../lib/gcc/arm-none-eabi/10.3.1/../../../../arm-none-eabi/lib/thumb/v7e-m+fp/hard/libc_nano.a(lib_a-mprec.o)
                0x00000000080093f4                __pow5mult
 .text.__lshift
                0x00000000080094a8       0xe0 /home/morph/st/stm32cubeide_1.10.1_2/plugins/com.st.stm32cube.ide.mcu.externaltools.gnu-tools-for-stm32.10.3-2021.10.linux64_1.0.100.202210260954/tools/bin/../lib/gcc/arm-none-eabi/10.3.1/../../../../arm-none-eabi/lib/thumb/v7e-m+fp/hard/libc_nano.a(lib_a-mprec.o)
                0x00000000080094a8                __lshift
 .text.__mcmp   0x0000000008009588       0x38 /home/morph/st/stm32cubeide_1.10.1_2/plugins/com.st.stm32cube.ide.mcu.externaltools.gnu-tools-for-stm32.10.3-2021.10.linux64_1.0.100.202210260954/tools/bin/../lib/gcc/arm-none-eabi/10.3.1/../../../../arm-none-eabi/lib/thumb/v7e-m+fp/hard/libc_nano.a(lib_a-mprec.o)
                0x0000000008009588                __mcmp
 .text.__mdiff  0x00000000080095c0      0x114 /home/morph/st/stm32cubeide_1.10.1_2/plugins/com.st.stm32cube.ide.mcu.externaltools.gnu-tools-for-stm32.10.3-2021.10.linux64_1.0.100.202210260954/tools/bin/../lib/gcc/arm-none-eabi/10.3.1/../../../../arm-none-eabi/lib/thumb/v7e-m+fp/hard/libc_nano.a(lib_a-mprec.o)
                0x00000000080095c0                __mdiff
 .text.__ulp    0x00000000080096d4       0x58 /home/morph/st/stm32cubeide_1.10.1_2/plugins/com.st.stm32cube.ide.mcu.externaltools.gnu-tools-for-stm32.10.3-2021.10.linux64_1.0.100.202210260954/tools/bin/../lib/gcc/arm-none-eabi/10.3.1/../../../../arm-none-eabi/lib/thumb/v7e-m+fp/hard/libc_nano.a(lib_a-mprec.o)
                0x00000000080096d4                __ulp
 .text.__b2d    0x000000000800972c       0xa0 /home/morph/st/stm32cubeide_1.10.1_2/plugins/com.st.stm32cube.ide.mcu.externaltools.gnu-tools-for-stm32.10.3-2021.10.linux64_1.0.100.202210260954/tools/bin/../lib/gcc/arm-none-eabi/10.3.1/../../../../arm-none-eabi/lib/thumb/v7e-m+fp/hard/libc_nano.a(lib_a-mprec.o)
                0x000000000800972c                __b2d
 .text.__d2b    0x00000000080097cc       0xb8 /home/morph/st/stm32cubeide_1.10.1_2/plugins/com.st.stm32cube.ide.mcu.externaltools.gnu-tools-for-stm32.10.3-2021.10.linux64_1.0.100.202210260954/tools/bin/../lib/gcc/arm-none-eabi/10.3.1/../../../../arm-none-eabi/lib/thumb/v7e-m+fp/hard/libc_nano.a(lib_a-mprec.o)
                0x00000000080097cc                __d2b
 .text.__ratio  0x0000000008009884       0x66 /home/morph/st/stm32cubeide_1.10.1_2/plugins/com.st.stm32cube.ide.mcu.externaltools.gnu-tools-for-stm32.10.3-2021.10.linux64_1.0.100.202210260954/tools/bin/../lib/gcc/arm-none-eabi/10.3.1/../../../../arm-none-eabi/lib/thumb/v7e-m+fp/hard/libc_nano.a(lib_a-mprec.o)
                0x0000000008009884                __ratio
 .text.__copybits
                0x00000000080098ea       0x46 /home/morph/st/stm32cubeide_1.10.1_2/plugins/com.st.stm32cube.ide.mcu.externaltools.gnu-tools-for-stm32.10.3-2021.10.linux64_1.0.100.202210260954/tools/bin/../lib/gcc/arm-none-eabi/10.3.1/../../../../arm-none-eabi/lib/thumb/v7e-m+fp/hard/libc_nano.a(lib_a-mprec.o)
                0x00000000080098ea                __copybits
 .text.__any_on
                0x0000000008009930       0x42 /home/morph/st/stm32cubeide_1.10.1_2/plugins/com.st.stm32cube.ide.mcu.externaltools.gnu-tools-for-stm32.10.3-2021.10.linux64_1.0.100.202210260954/tools/bin/../lib/gcc/arm-none-eabi/10.3.1/../../../../arm-none-eabi/lib/thumb/v7e-m+fp/hard/libc_nano.a(lib_a-mprec.o)
                0x0000000008009930                __any_on
 .text._calloc_r
                0x0000000008009972       0x2c /home/morph/st/stm32cubeide_1.10.1_2/plugins/com.st.stm32cube.ide.mcu.externaltools.gnu-tools-for-stm32.10.3-2021.10.linux64_1.0.100.202210260954/tools/bin/../lib/gcc/arm-none-eabi/10.3.1/../../../../arm-none-eabi/lib/thumb/v7e-m+fp/hard/libc_nano.a(lib_a-nano-callocr.o)
                0x0000000008009972                _calloc_r
 *fill*         0x000000000800999e        0x2 
 .text._free_r  0x00000000080099a0       0x98 /home/morph/st/stm32cubeide_1.10.1_2/plugins/com.st.stm32cube.ide.mcu.externaltools.gnu-tools-for-stm32.10.3-2021.10.linux64_1.0.100.202210260954/tools/bin/../lib/gcc/arm-none-eabi/10.3.1/../../../../arm-none-eabi/lib/thumb/v7e-m+fp/hard/libc_nano.a(lib_a-nano-freer.o)
                0x00000000080099a0                _free_r
 .text.sbrk_aligned
                0x0000000008009a38       0x40 /home/morph/st/stm32cubeide_1.10.1_2/plugins/com.st.stm32cube.ide.mcu.externaltools.gnu-tools-for-stm32.10.3-2021.10.linux64_1.0.100.202210260954/tools/bin/../lib/gcc/arm-none-eabi/10.3.1/../../../../arm-none-eabi/lib/thumb/v7e-m+fp/hard/libc_nano.a(lib_a-nano-mallocr.o)
 .text._malloc_r
                0x0000000008009a78       0xe8 /home/morph/st/stm32cubeide_1.10.1_2/plugins/com.st.stm32cube.ide.mcu.externaltools.gnu-tools-for-stm32.10.3-2021.10.linux64_1.0.100.202210260954/tools/bin/../lib/gcc/arm-none-eabi/10.3.1/../../../../arm-none-eabi/lib/thumb/v7e-m+fp/hard/libc_nano.a(lib_a-nano-mallocr.o)
                0x0000000008009a78                _malloc_r
 .text.__ssputs_r
                0x0000000008009b60       0xb6 /home/morph/st/stm32cubeide_1.10.1_2/plugins/com.st.stm32cube.ide.mcu.externaltools.gnu-tools-for-stm32.10.3-2021.10.linux64_1.0.100.202210260954/tools/bin/../lib/gcc/arm-none-eabi/10.3.1/../../../../arm-none-eabi/lib/thumb/v7e-m+fp/hard/libc_nano.a(lib_a-nano-svfprintf.o)
                0x0000000008009b60                __ssputs_r
 *fill*         0x0000000008009c16        0x2 
 .text._svfprintf_r
                0x0000000008009c18      0x200 /home/morph/st/stm32cubeide_1.10.1_2/plugins/com.st.stm32cube.ide.mcu.externaltools.gnu-tools-for-stm32.10.3-2021.10.linux64_1.0.100.202210260954/tools/bin/../lib/gcc/arm-none-eabi/10.3.1/../../../../arm-none-eabi/lib/thumb/v7e-m+fp/hard/libc_nano.a(lib_a-nano-svfprintf.o)
                0x0000000008009c18                _svfprintf_r
                0x0000000008009c18                _svfiprintf_r
 .text.__sfputc_r
                0x0000000008009e18       0x2e /home/morph/st/stm32cubeide_1.10.1_2/plugins/com.st.stm32cube.ide.mcu.externaltools.gnu-tools-for-stm32.10.3-2021.10.linux64_1.0.100.202210260954/tools/bin/../lib/gcc/arm-none-eabi/10.3.1/../../../../arm-none-eabi/lib/thumb/v7e-m+fp/hard/libc_nano.a(lib_a-nano-vfprintf.o)
 .text.__sfputs_r
                0x0000000008009e46       0x24 /home/morph/st/stm32cubeide_1.10.1_2/plugins/com.st.stm32cube.ide.mcu.externaltools.gnu-tools-for-stm32.10.3-2021.10.linux64_1.0.100.202210260954/tools/bin/../lib/gcc/arm-none-eabi/10.3.1/../../../../arm-none-eabi/lib/thumb/v7e-m+fp/hard/libc_nano.a(lib_a-nano-vfprintf.o)
                0x0000000008009e46                __sfputs_r
 *fill*         0x0000000008009e6a        0x2 
 .text._vfprintf_r
                0x0000000008009e6c      0x260 /home/morph/st/stm32cubeide_1.10.1_2/plugins/com.st.stm32cube.ide.mcu.externaltools.gnu-tools-for-stm32.10.3-2021.10.linux64_1.0.100.202210260954/tools/bin/../lib/gcc/arm-none-eabi/10.3.1/../../../../arm-none-eabi/lib/thumb/v7e-m+fp/hard/libc_nano.a(lib_a-nano-vfprintf.o)
                0x0000000008009e6c                _vfiprintf_r
                0x0000000008009e6c                _vfprintf_r
 *fill*         0x000000000800a0cc        0x4 
 .text.nan      0x000000000800a0d0       0x10 /home/morph/st/stm32cubeide_1.10.1_2/plugins/com.st.stm32cube.ide.mcu.externaltools.gnu-tools-for-stm32.10.3-2021.10.linux64_1.0.100.202210260954/tools/bin/../lib/gcc/arm-none-eabi/10.3.1/../../../../arm-none-eabi/lib/thumb/v7e-m+fp/hard/libc_nano.a(lib_a-s_nan.o)
                0x000000000800a0d0                nan
 .text._sbrk_r  0x000000000800a0e0       0x20 /home/morph/st/stm32cubeide_1.10.1_2/plugins/com.st.stm32cube.ide.mcu.externaltools.gnu-tools-for-stm32.10.3-2021.10.linux64_1.0.100.202210260954/tools/bin/../lib/gcc/arm-none-eabi/10.3.1/../../../../arm-none-eabi/lib/thumb/v7e-m+fp/hard/libc_nano.a(lib_a-sbrkr.o)
                0x000000000800a0e0                _sbrk_r
 .text.strncmp  0x000000000800a100       0x28 /home/morph/st/stm32cubeide_1.10.1_2/plugins/com.st.stm32cube.ide.mcu.externaltools.gnu-tools-for-stm32.10.3-2021.10.linux64_1.0.100.202210260954/tools/bin/../lib/gcc/arm-none-eabi/10.3.1/../../../../arm-none-eabi/lib/thumb/v7e-m+fp/hard/libc_nano.a(lib_a-strncmp.o)
                0x000000000800a100                strncmp
 .text.__swbuf_r
                0x000000000800a128       0xa4 /home/morph/st/stm32cubeide_1.10.1_2/plugins/com.st.stm32cube.ide.mcu.externaltools.gnu-tools-for-stm32.10.3-2021.10.linux64_1.0.100.202210260954/tools/bin/../lib/gcc/arm-none-eabi/10.3.1/../../../../arm-none-eabi/lib/thumb/v7e-m+fp/hard/libc_nano.a(lib_a-wbuf.o)
                0x000000000800a128                __swbuf_r
 .text.__ascii_wctomb
                0x000000000800a1cc       0x1a /home/morph/st/stm32cubeide_1.10.1_2/plugins/com.st.stm32cube.ide.mcu.externaltools.gnu-tools-for-stm32.10.3-2021.10.linux64_1.0.100.202210260954/tools/bin/../lib/gcc/arm-none-eabi/10.3.1/../../../../arm-none-eabi/lib/thumb/v7e-m+fp/hard/libc_nano.a(lib_a-wctomb_r.o)
                0x000000000800a1cc                __ascii_wctomb
 *fill*         0x000000000800a1e6        0x2 
 .text.__swsetup_r
                0x000000000800a1e8       0xdc /home/morph/st/stm32cubeide_1.10.1_2/plugins/com.st.stm32cube.ide.mcu.externaltools.gnu-tools-for-stm32.10.3-2021.10.linux64_1.0.100.202210260954/tools/bin/../lib/gcc/arm-none-eabi/10.3.1/../../../../arm-none-eabi/lib/thumb/v7e-m+fp/hard/libc_nano.a(lib_a-wsetup.o)
                0x000000000800a1e8                __swsetup_r
 .text.abort    0x000000000800a2c4        0xe /home/morph/st/stm32cubeide_1.10.1_2/plugins/com.st.stm32cube.ide.mcu.externaltools.gnu-tools-for-stm32.10.3-2021.10.linux64_1.0.100.202210260954/tools/bin/../lib/gcc/arm-none-eabi/10.3.1/../../../../arm-none-eabi/lib/thumb/v7e-m+fp/hard/libc_nano.a(lib_a-abort.o)
                0x000000000800a2c4                abort
 *fill*         0x000000000800a2d2        0x2 
 .text.__sflush_r
                0x000000000800a2d4      0x10c /home/morph/st/stm32cubeide_1.10.1_2/plugins/com.st.stm32cube.ide.mcu.externaltools.gnu-tools-for-stm32.10.3-2021.10.linux64_1.0.100.202210260954/tools/bin/../lib/gcc/arm-none-eabi/10.3.1/../../../../arm-none-eabi/lib/thumb/v7e-m+fp/hard/libc_nano.a(lib_a-fflush.o)
                0x000000000800a2d4                __sflush_r
 .text._fflush_r
                0x000000000800a3e0       0x78 /home/morph/st/stm32cubeide_1.10.1_2/plugins/com.st.stm32cube.ide.mcu.externaltools.gnu-tools-for-stm32.10.3-2021.10.linux64_1.0.100.202210260954/tools/bin/../lib/gcc/arm-none-eabi/10.3.1/../../../../arm-none-eabi/lib/thumb/v7e-m+fp/hard/libc_nano.a(lib_a-fflush.o)
                0x000000000800a3e0                _fflush_r
 .text.std      0x000000000800a458       0x48 /home/morph/st/stm32cubeide_1.10.1_2/plugins/com.st.stm32cube.ide.mcu.externaltools.gnu-tools-for-stm32.10.3-2021.10.linux64_1.0.100.202210260954/tools/bin/../lib/gcc/arm-none-eabi/10.3.1/../../../../arm-none-eabi/lib/thumb/v7e-m+fp/hard/libc_nano.a(lib_a-findfp.o)
 .text._cleanup_r
                0x000000000800a4a0        0xc /home/morph/st/stm32cubeide_1.10.1_2/plugins/com.st.stm32cube.ide.mcu.externaltools.gnu-tools-for-stm32.10.3-2021.10.linux64_1.0.100.202210260954/tools/bin/../lib/gcc/arm-none-eabi/10.3.1/../../../../arm-none-eabi/lib/thumb/v7e-m+fp/hard/libc_nano.a(lib_a-findfp.o)
                0x000000000800a4a0                _cleanup_r
 .text.__sfmoreglue
                0x000000000800a4ac       0x2c /home/morph/st/stm32cubeide_1.10.1_2/plugins/com.st.stm32cube.ide.mcu.externaltools.gnu-tools-for-stm32.10.3-2021.10.linux64_1.0.100.202210260954/tools/bin/../lib/gcc/arm-none-eabi/10.3.1/../../../../arm-none-eabi/lib/thumb/v7e-m+fp/hard/libc_nano.a(lib_a-findfp.o)
                0x000000000800a4ac                __sfmoreglue
 .text.__sfp_lock_acquire
                0x000000000800a4d8        0xc /home/morph/st/stm32cubeide_1.10.1_2/plugins/com.st.stm32cube.ide.mcu.externaltools.gnu-tools-for-stm32.10.3-2021.10.linux64_1.0.100.202210260954/tools/bin/../lib/gcc/arm-none-eabi/10.3.1/../../../../arm-none-eabi/lib/thumb/v7e-m+fp/hard/libc_nano.a(lib_a-findfp.o)
                0x000000000800a4d8                __sfp_lock_acquire
 .text.__sfp_lock_release
                0x000000000800a4e4        0xc /home/morph/st/stm32cubeide_1.10.1_2/plugins/com.st.stm32cube.ide.mcu.externaltools.gnu-tools-for-stm32.10.3-2021.10.linux64_1.0.100.202210260954/tools/bin/../lib/gcc/arm-none-eabi/10.3.1/../../../../arm-none-eabi/lib/thumb/v7e-m+fp/hard/libc_nano.a(lib_a-findfp.o)
                0x000000000800a4e4                __sfp_lock_release
 .text.__sinit_lock_acquire
                0x000000000800a4f0        0xc /home/morph/st/stm32cubeide_1.10.1_2/plugins/com.st.stm32cube.ide.mcu.externaltools.gnu-tools-for-stm32.10.3-2021.10.linux64_1.0.100.202210260954/tools/bin/../lib/gcc/arm-none-eabi/10.3.1/../../../../arm-none-eabi/lib/thumb/v7e-m+fp/hard/libc_nano.a(lib_a-findfp.o)
                0x000000000800a4f0                __sinit_lock_acquire
 .text.__sinit_lock_release
                0x000000000800a4fc        0xc /home/morph/st/stm32cubeide_1.10.1_2/plugins/com.st.stm32cube.ide.mcu.externaltools.gnu-tools-for-stm32.10.3-2021.10.linux64_1.0.100.202210260954/tools/bin/../lib/gcc/arm-none-eabi/10.3.1/../../../../arm-none-eabi/lib/thumb/v7e-m+fp/hard/libc_nano.a(lib_a-findfp.o)
                0x000000000800a4fc                __sinit_lock_release
 .text.__sinit  0x000000000800a508       0x70 /home/morph/st/stm32cubeide_1.10.1_2/plugins/com.st.stm32cube.ide.mcu.externaltools.gnu-tools-for-stm32.10.3-2021.10.linux64_1.0.100.202210260954/tools/bin/../lib/gcc/arm-none-eabi/10.3.1/../../../../arm-none-eabi/lib/thumb/v7e-m+fp/hard/libc_nano.a(lib_a-findfp.o)
                0x000000000800a508                __sinit
 .text.__sfp    0x000000000800a578       0x8c /home/morph/st/stm32cubeide_1.10.1_2/plugins/com.st.stm32cube.ide.mcu.externaltools.gnu-tools-for-stm32.10.3-2021.10.linux64_1.0.100.202210260954/tools/bin/../lib/gcc/arm-none-eabi/10.3.1/../../../../arm-none-eabi/lib/thumb/v7e-m+fp/hard/libc_nano.a(lib_a-findfp.o)
                0x000000000800a578                __sfp
 .text._fwalk_reent
                0x000000000800a604       0x3e /home/morph/st/stm32cubeide_1.10.1_2/plugins/com.st.stm32cube.ide.mcu.externaltools.gnu-tools-for-stm32.10.3-2021.10.linux64_1.0.100.202210260954/tools/bin/../lib/gcc/arm-none-eabi/10.3.1/../../../../arm-none-eabi/lib/thumb/v7e-m+fp/hard/libc_nano.a(lib_a-fwalk.o)
                0x000000000800a604                _fwalk_reent
 .text.__retarget_lock_init_recursive
                0x000000000800a642        0x2 /home/morph/st/stm32cubeide_1.10.1_2/plugins/com.st.stm32cube.ide.mcu.externaltools.gnu-tools-for-stm32.10.3-2021.10.linux64_1.0.100.202210260954/tools/bin/../lib/gcc/arm-none-eabi/10.3.1/../../../../arm-none-eabi/lib/thumb/v7e-m+fp/hard/libc_nano.a(lib_a-lock.o)
                0x000000000800a642                __retarget_lock_init_recursive
 .text.__retarget_lock_acquire_recursive
                0x000000000800a644        0x2 /home/morph/st/stm32cubeide_1.10.1_2/plugins/com.st.stm32cube.ide.mcu.externaltools.gnu-tools-for-stm32.10.3-2021.10.linux64_1.0.100.202210260954/tools/bin/../lib/gcc/arm-none-eabi/10.3.1/../../../../arm-none-eabi/lib/thumb/v7e-m+fp/hard/libc_nano.a(lib_a-lock.o)
                0x000000000800a644                __retarget_lock_acquire_recursive
 .text.__retarget_lock_release_recursive
                0x000000000800a646        0x2 /home/morph/st/stm32cubeide_1.10.1_2/plugins/com.st.stm32cube.ide.mcu.externaltools.gnu-tools-for-stm32.10.3-2021.10.linux64_1.0.100.202210260954/tools/bin/../lib/gcc/arm-none-eabi/10.3.1/../../../../arm-none-eabi/lib/thumb/v7e-m+fp/hard/libc_nano.a(lib_a-lock.o)
                0x000000000800a646                __retarget_lock_release_recursive
 .text.__swhatbuf_r
                0x000000000800a648       0x4a /home/morph/st/stm32cubeide_1.10.1_2/plugins/com.st.stm32cube.ide.mcu.externaltools.gnu-tools-for-stm32.10.3-2021.10.linux64_1.0.100.202210260954/tools/bin/../lib/gcc/arm-none-eabi/10.3.1/../../../../arm-none-eabi/lib/thumb/v7e-m+fp/hard/libc_nano.a(lib_a-makebuf.o)
                0x000000000800a648                __swhatbuf_r
 *fill*         0x000000000800a692        0x2 
 .text.__smakebuf_r
                0x000000000800a694       0x80 /home/morph/st/stm32cubeide_1.10.1_2/plugins/com.st.stm32cube.ide.mcu.externaltools.gnu-tools-for-stm32.10.3-2021.10.linux64_1.0.100.202210260954/tools/bin/../lib/gcc/arm-none-eabi/10.3.1/../../../../arm-none-eabi/lib/thumb/v7e-m+fp/hard/libc_nano.a(lib_a-makebuf.o)
                0x000000000800a694                __smakebuf_r
 .text.memmove  0x000000000800a714       0x34 /home/morph/st/stm32cubeide_1.10.1_2/plugins/com.st.stm32cube.ide.mcu.externaltools.gnu-tools-for-stm32.10.3-2021.10.linux64_1.0.100.202210260954/tools/bin/../lib/gcc/arm-none-eabi/10.3.1/../../../../arm-none-eabi/lib/thumb/v7e-m+fp/hard/libc_nano.a(lib_a-memmove.o)
                0x000000000800a714                memmove
 .text.__malloc_lock
                0x000000000800a748        0xc /home/morph/st/stm32cubeide_1.10.1_2/plugins/com.st.stm32cube.ide.mcu.externaltools.gnu-tools-for-stm32.10.3-2021.10.linux64_1.0.100.202210260954/tools/bin/../lib/gcc/arm-none-eabi/10.3.1/../../../../arm-none-eabi/lib/thumb/v7e-m+fp/hard/libc_nano.a(lib_a-mlock.o)
                0x000000000800a748                __malloc_lock
 .text.__malloc_unlock
                0x000000000800a754        0xc /home/morph/st/stm32cubeide_1.10.1_2/plugins/com.st.stm32cube.ide.mcu.externaltools.gnu-tools-for-stm32.10.3-2021.10.linux64_1.0.100.202210260954/tools/bin/../lib/gcc/arm-none-eabi/10.3.1/../../../../arm-none-eabi/lib/thumb/v7e-m+fp/hard/libc_nano.a(lib_a-mlock.o)
                0x000000000800a754                __malloc_unlock
 .text._realloc_r
                0x000000000800a760       0x5e /home/morph/st/stm32cubeide_1.10.1_2/plugins/com.st.stm32cube.ide.mcu.externaltools.gnu-tools-for-stm32.10.3-2021.10.linux64_1.0.100.202210260954/tools/bin/../lib/gcc/arm-none-eabi/10.3.1/../../../../arm-none-eabi/lib/thumb/v7e-m+fp/hard/libc_nano.a(lib_a-nano-reallocr.o)
                0x000000000800a760                _realloc_r
 .text._raise_r
                0x000000000800a7be       0x50 /home/morph/st/stm32cubeide_1.10.1_2/plugins/com.st.stm32cube.ide.mcu.externaltools.gnu-tools-for-stm32.10.3-2021.10.linux64_1.0.100.202210260954/tools/bin/../lib/gcc/arm-none-eabi/10.3.1/../../../../arm-none-eabi/lib/thumb/v7e-m+fp/hard/libc_nano.a(lib_a-signal.o)
                0x000000000800a7be                _raise_r
 *fill*         0x000000000800a80e        0x2 
 .text.raise    0x000000000800a810       0x10 /home/morph/st/stm32cubeide_1.10.1_2/plugins/com.st.stm32cube.ide.mcu.externaltools.gnu-tools-for-stm32.10.3-2021.10.linux64_1.0.100.202210260954/tools/bin/../lib/gcc/arm-none-eabi/10.3.1/../../../../arm-none-eabi/lib/thumb/v7e-m+fp/hard/libc_nano.a(lib_a-signal.o)
                0x000000000800a810                raise
 .text._kill_r  0x000000000800a820       0x24 /home/morph/st/stm32cubeide_1.10.1_2/plugins/com.st.stm32cube.ide.mcu.externaltools.gnu-tools-for-stm32.10.3-2021.10.linux64_1.0.100.202210260954/tools/bin/../lib/gcc/arm-none-eabi/10.3.1/../../../../arm-none-eabi/lib/thumb/v7e-m+fp/hard/libc_nano.a(lib_a-signalr.o)
                0x000000000800a820                _kill_r
 .text._getpid_r
                0x000000000800a844        0x4 /home/morph/st/stm32cubeide_1.10.1_2/plugins/com.st.stm32cube.ide.mcu.externaltools.gnu-tools-for-stm32.10.3-2021.10.linux64_1.0.100.202210260954/tools/bin/../lib/gcc/arm-none-eabi/10.3.1/../../../../arm-none-eabi/lib/thumb/v7e-m+fp/hard/libc_nano.a(lib_a-signalr.o)
                0x000000000800a844                _getpid_r
 .text.__sread  0x000000000800a848       0x22 /home/morph/st/stm32cubeide_1.10.1_2/plugins/com.st.stm32cube.ide.mcu.externaltools.gnu-tools-for-stm32.10.3-2021.10.linux64_1.0.100.202210260954/tools/bin/../lib/gcc/arm-none-eabi/10.3.1/../../../../arm-none-eabi/lib/thumb/v7e-m+fp/hard/libc_nano.a(lib_a-stdio.o)
                0x000000000800a848                __sread
 .text.__swrite
                0x000000000800a86a       0x38 /home/morph/st/stm32cubeide_1.10.1_2/plugins/com.st.stm32cube.ide.mcu.externaltools.gnu-tools-for-stm32.10.3-2021.10.linux64_1.0.100.202210260954/tools/bin/../lib/gcc/arm-none-eabi/10.3.1/../../../../arm-none-eabi/lib/thumb/v7e-m+fp/hard/libc_nano.a(lib_a-stdio.o)
                0x000000000800a86a                __swrite
 .text.__sseek  0x000000000800a8a2       0x24 /home/morph/st/stm32cubeide_1.10.1_2/plugins/com.st.stm32cube.ide.mcu.externaltools.gnu-tools-for-stm32.10.3-2021.10.linux64_1.0.100.202210260954/tools/bin/../lib/gcc/arm-none-eabi/10.3.1/../../../../arm-none-eabi/lib/thumb/v7e-m+fp/hard/libc_nano.a(lib_a-stdio.o)
                0x000000000800a8a2                __sseek
 .text.__sclose
                0x000000000800a8c6        0x8 /home/morph/st/stm32cubeide_1.10.1_2/plugins/com.st.stm32cube.ide.mcu.externaltools.gnu-tools-for-stm32.10.3-2021.10.linux64_1.0.100.202210260954/tools/bin/../lib/gcc/arm-none-eabi/10.3.1/../../../../arm-none-eabi/lib/thumb/v7e-m+fp/hard/libc_nano.a(lib_a-stdio.o)
                0x000000000800a8c6                __sclose
 *fill*         0x000000000800a8ce        0x2 
 .text._write_r
                0x000000000800a8d0       0x24 /home/morph/st/stm32cubeide_1.10.1_2/plugins/com.st.stm32cube.ide.mcu.externaltools.gnu-tools-for-stm32.10.3-2021.10.linux64_1.0.100.202210260954/tools/bin/../lib/gcc/arm-none-eabi/10.3.1/../../../../arm-none-eabi/lib/thumb/v7e-m+fp/hard/libc_nano.a(lib_a-writer.o)
                0x000000000800a8d0                _write_r
 .text._close_r
                0x000000000800a8f4       0x20 /home/morph/st/stm32cubeide_1.10.1_2/plugins/com.st.stm32cube.ide.mcu.externaltools.gnu-tools-for-stm32.10.3-2021.10.linux64_1.0.100.202210260954/tools/bin/../lib/gcc/arm-none-eabi/10.3.1/../../../../arm-none-eabi/lib/thumb/v7e-m+fp/hard/libc_nano.a(lib_a-closer.o)
                0x000000000800a8f4                _close_r
 .text._fstat_r
                0x000000000800a914       0x24 /home/morph/st/stm32cubeide_1.10.1_2/plugins/com.st.stm32cube.ide.mcu.externaltools.gnu-tools-for-stm32.10.3-2021.10.linux64_1.0.100.202210260954/tools/bin/../lib/gcc/arm-none-eabi/10.3.1/../../../../arm-none-eabi/lib/thumb/v7e-m+fp/hard/libc_nano.a(lib_a-fstatr.o)
                0x000000000800a914                _fstat_r
 .text._isatty_r
                0x000000000800a938       0x20 /home/morph/st/stm32cubeide_1.10.1_2/plugins/com.st.stm32cube.ide.mcu.externaltools.gnu-tools-for-stm32.10.3-2021.10.linux64_1.0.100.202210260954/tools/bin/../lib/gcc/arm-none-eabi/10.3.1/../../../../arm-none-eabi/lib/thumb/v7e-m+fp/hard/libc_nano.a(lib_a-isattyr.o)
                0x000000000800a938                _isatty_r
 .text._lseek_r
                0x000000000800a958       0x24 /home/morph/st/stm32cubeide_1.10.1_2/plugins/com.st.stm32cube.ide.mcu.externaltools.gnu-tools-for-stm32.10.3-2021.10.linux64_1.0.100.202210260954/tools/bin/../lib/gcc/arm-none-eabi/10.3.1/../../../../arm-none-eabi/lib/thumb/v7e-m+fp/hard/libc_nano.a(lib_a-lseekr.o)
                0x000000000800a958                _lseek_r
 .text._malloc_usable_size_r
                0x000000000800a97c       0x10 /home/morph/st/stm32cubeide_1.10.1_2/plugins/com.st.stm32cube.ide.mcu.externaltools.gnu-tools-for-stm32.10.3-2021.10.linux64_1.0.100.202210260954/tools/bin/../lib/gcc/arm-none-eabi/10.3.1/../../../../arm-none-eabi/lib/thumb/v7e-m+fp/hard/libc_nano.a(lib_a-nano-msizer.o)
                0x000000000800a97c                _malloc_usable_size_r
 .text._read_r  0x000000000800a98c       0x24 /home/morph/st/stm32cubeide_1.10.1_2/plugins/com.st.stm32cube.ide.mcu.externaltools.gnu-tools-for-stm32.10.3-2021.10.linux64_1.0.100.202210260954/tools/bin/../lib/gcc/arm-none-eabi/10.3.1/../../../../arm-none-eabi/lib/thumb/v7e-m+fp/hard/libc_nano.a(lib_a-readr.o)
                0x000000000800a98c                _read_r
 .text.sqrt     0x000000000800a9b0       0x58 /home/morph/st/stm32cubeide_1.10.1_2/plugins/com.st.stm32cube.ide.mcu.externaltools.gnu-tools-for-stm32.10.3-2021.10.linux64_1.0.100.202210260954/tools/bin/../lib/gcc/arm-none-eabi/10.3.1/../../../../arm-none-eabi/lib/thumb/v7e-m+fp/hard/libm.a(lib_a-w_sqrt.o)
                0x000000000800a9b0                sqrt
 .text.__ieee754_sqrt
                0x000000000800aa08      0x164 /home/morph/st/stm32cubeide_1.10.1_2/plugins/com.st.stm32cube.ide.mcu.externaltools.gnu-tools-for-stm32.10.3-2021.10.linux64_1.0.100.202210260954/tools/bin/../lib/gcc/arm-none-eabi/10.3.1/../../../../arm-none-eabi/lib/thumb/v7e-m+fp/hard/libm.a(lib_a-e_sqrt.o)
                0x000000000800aa08                __ieee754_sqrt
 *(.glue_7)
 .glue_7        0x000000000800ab6c        0x0 linker stubs
 *(.glue_7t)
 .glue_7t       0x000000000800ab6c        0x0 linker stubs
 *(.eh_frame)
 .eh_frame      0x000000000800ab6c        0x0 /home/morph/st/stm32cubeide_1.10.1_2/plugins/com.st.stm32cube.ide.mcu.externaltools.gnu-tools-for-stm32.10.3-2021.10.linux64_1.0.100.202210260954/tools/bin/../lib/gcc/arm-none-eabi/10.3.1/thumb/v7e-m+fp/hard/crtbegin.o
 *(.init)
 .init          0x000000000800ab6c        0x4 /home/morph/st/stm32cubeide_1.10.1_2/plugins/com.st.stm32cube.ide.mcu.externaltools.gnu-tools-for-stm32.10.3-2021.10.linux64_1.0.100.202210260954/tools/bin/../lib/gcc/arm-none-eabi/10.3.1/thumb/v7e-m+fp/hard/crti.o
                0x000000000800ab6c                _init
 .init          0x000000000800ab70        0x8 /home/morph/st/stm32cubeide_1.10.1_2/plugins/com.st.stm32cube.ide.mcu.externaltools.gnu-tools-for-stm32.10.3-2021.10.linux64_1.0.100.202210260954/tools/bin/../lib/gcc/arm-none-eabi/10.3.1/thumb/v7e-m+fp/hard/crtn.o
 *(.fini)
 .fini          0x000000000800ab78        0x4 /home/morph/st/stm32cubeide_1.10.1_2/plugins/com.st.stm32cube.ide.mcu.externaltools.gnu-tools-for-stm32.10.3-2021.10.linux64_1.0.100.202210260954/tools/bin/../lib/gcc/arm-none-eabi/10.3.1/thumb/v7e-m+fp/hard/crti.o
                0x000000000800ab78                _fini
 .fini          0x000000000800ab7c        0x8 /home/morph/st/stm32cubeide_1.10.1_2/plugins/com.st.stm32cube.ide.mcu.externaltools.gnu-tools-for-stm32.10.3-2021.10.linux64_1.0.100.202210260954/tools/bin/../lib/gcc/arm-none-eabi/10.3.1/thumb/v7e-m+fp/hard/crtn.o
                0x000000000800ab84                . = ALIGN (0x4)
                0x000000000800ab84                _etext = .

.vfp11_veneer   0x000000000800ab84        0x0
 .vfp11_veneer  0x000000000800ab84        0x0 linker stubs

.v4_bx          0x000000000800ab84        0x0
 .v4_bx         0x000000000800ab84        0x0 linker stubs

.iplt           0x000000000800ab84        0x0
 .iplt          0x000000000800ab84        0x0 /home/morph/st/stm32cubeide_1.10.1_2/plugins/com.st.stm32cube.ide.mcu.externaltools.gnu-tools-for-stm32.10.3-2021.10.linux64_1.0.100.202210260954/tools/bin/../lib/gcc/arm-none-eabi/10.3.1/thumb/v7e-m+fp/hard/crtbegin.o

.rodata         0x000000000800ab88      0x588
                0x000000000800ab88                . = ALIGN (0x4)
 *(.rodata)
 .rodata        0x000000000800ab88       0x5d ./Core/Src/UART_helper.o
 *fill*         0x000000000800abe5        0x3 
 .rodata        0x000000000800abe8       0x12 ./Core/Src/main.o
 *(.rodata*)
 *fill*         0x000000000800abfa        0x2 
 .rodata.AHBPrescTable
                0x000000000800abfc       0x10 ./Core/Src/system_stm32f4xx.o
                0x000000000800abfc                AHBPrescTable
 .rodata.APBPrescTable
                0x000000000800ac0c        0x8 ./Core/Src/system_stm32f4xx.o
                0x000000000800ac0c                APBPrescTable
 .rodata._global_impure_ptr
                0x000000000800ac14        0x4 /home/morph/st/stm32cubeide_1.10.1_2/plugins/com.st.stm32cube.ide.mcu.externaltools.gnu-tools-for-stm32.10.3-2021.10.linux64_1.0.100.202210260954/tools/bin/../lib/gcc/arm-none-eabi/10.3.1/../../../../arm-none-eabi/lib/thumb/v7e-m+fp/hard/libc_nano.a(lib_a-impure.o)
                0x000000000800ac14                _global_impure_ptr
 .rodata._printf_float.str1.1
                0x000000000800ac18       0x12 /home/morph/st/stm32cubeide_1.10.1_2/plugins/com.st.stm32cube.ide.mcu.externaltools.gnu-tools-for-stm32.10.3-2021.10.linux64_1.0.100.202210260954/tools/bin/../lib/gcc/arm-none-eabi/10.3.1/../../../../arm-none-eabi/lib/thumb/v7e-m+fp/hard/libc_nano.a(lib_a-nano-vfprintf_float.o)
 .rodata._printf_i.str1.1
                0x000000000800ac2a       0x22 /home/morph/st/stm32cubeide_1.10.1_2/plugins/com.st.stm32cube.ide.mcu.externaltools.gnu-tools-for-stm32.10.3-2021.10.linux64_1.0.100.202210260954/tools/bin/../lib/gcc/arm-none-eabi/10.3.1/../../../../arm-none-eabi/lib/thumb/v7e-m+fp/hard/libc_nano.a(lib_a-nano-vfprintf_i.o)
 .rodata._strtod_l.str1.1
                0x000000000800ac4c       0x22 /home/morph/st/stm32cubeide_1.10.1_2/plugins/com.st.stm32cube.ide.mcu.externaltools.gnu-tools-for-stm32.10.3-2021.10.linux64_1.0.100.202210260954/tools/bin/../lib/gcc/arm-none-eabi/10.3.1/../../../../arm-none-eabi/lib/thumb/v7e-m+fp/hard/libc_nano.a(lib_a-strtod.o)
                                          0xd (size before relaxing)
 .rodata.fpi.1  0x000000000800ac4c       0x14 /home/morph/st/stm32cubeide_1.10.1_2/plugins/com.st.stm32cube.ide.mcu.externaltools.gnu-tools-for-stm32.10.3-2021.10.linux64_1.0.100.202210260954/tools/bin/../lib/gcc/arm-none-eabi/10.3.1/../../../../arm-none-eabi/lib/thumb/v7e-m+fp/hard/libc_nano.a(lib_a-strtod.o)
 .rodata.fpinan.0
                0x000000000800ac60       0x14 /home/morph/st/stm32cubeide_1.10.1_2/plugins/com.st.stm32cube.ide.mcu.externaltools.gnu-tools-for-stm32.10.3-2021.10.linux64_1.0.100.202210260954/tools/bin/../lib/gcc/arm-none-eabi/10.3.1/../../../../arm-none-eabi/lib/thumb/v7e-m+fp/hard/libc_nano.a(lib_a-strtod.o)
 *fill*         0x000000000800ac74        0x4 
 .rodata.tinytens
                0x000000000800ac78       0x28 /home/morph/st/stm32cubeide_1.10.1_2/plugins/com.st.stm32cube.ide.mcu.externaltools.gnu-tools-for-stm32.10.3-2021.10.linux64_1.0.100.202210260954/tools/bin/../lib/gcc/arm-none-eabi/10.3.1/../../../../arm-none-eabi/lib/thumb/v7e-m+fp/hard/libc_nano.a(lib_a-strtod.o)
 .rodata.strtok.str1.1
                0x000000000800aca0       0x74 /home/morph/st/stm32cubeide_1.10.1_2/plugins/com.st.stm32cube.ide.mcu.externaltools.gnu-tools-for-stm32.10.3-2021.10.linux64_1.0.100.202210260954/tools/bin/../lib/gcc/arm-none-eabi/10.3.1/../../../../arm-none-eabi/lib/thumb/v7e-m+fp/hard/libc_nano.a(lib_a-strtok.o)
 .rodata.__assert_func.str1.1
                0x000000000800ad14       0x3c /home/morph/st/stm32cubeide_1.10.1_2/plugins/com.st.stm32cube.ide.mcu.externaltools.gnu-tools-for-stm32.10.3-2021.10.linux64_1.0.100.202210260954/tools/bin/../lib/gcc/arm-none-eabi/10.3.1/../../../../arm-none-eabi/lib/thumb/v7e-m+fp/hard/libc_nano.a(lib_a-assert.o)
                                         0x3d (size before relaxing)
 .rodata._dtoa_r.str1.1
                0x000000000800ad50       0x79 /home/morph/st/stm32cubeide_1.10.1_2/plugins/com.st.stm32cube.ide.mcu.externaltools.gnu-tools-for-stm32.10.3-2021.10.linux64_1.0.100.202210260954/tools/bin/../lib/gcc/arm-none-eabi/10.3.1/../../../../arm-none-eabi/lib/thumb/v7e-m+fp/hard/libc_nano.a(lib_a-dtoa.o)
                                         0x92 (size before relaxing)
 .rodata.__gethex.str1.1
                0x000000000800adc9       0x63 /home/morph/st/stm32cubeide_1.10.1_2/plugins/com.st.stm32cube.ide.mcu.externaltools.gnu-tools-for-stm32.10.3-2021.10.linux64_1.0.100.202210260954/tools/bin/../lib/gcc/arm-none-eabi/10.3.1/../../../../arm-none-eabi/lib/thumb/v7e-m+fp/hard/libc_nano.a(lib_a-gdtoa-gethex.o)
                                         0x74 (size before relaxing)
 .rodata.str1.1
                0x000000000800ae2c        0x2 /home/morph/st/stm32cubeide_1.10.1_2/plugins/com.st.stm32cube.ide.mcu.externaltools.gnu-tools-for-stm32.10.3-2021.10.linux64_1.0.100.202210260954/tools/bin/../lib/gcc/arm-none-eabi/10.3.1/../../../../arm-none-eabi/lib/thumb/v7e-m+fp/hard/libc_nano.a(lib_a-lnumeric.o)
                                          0x3 (size before relaxing)
 *fill*         0x000000000800ae2e        0x2 
 .rodata._C_numeric_locale
                0x000000000800ae30        0xc /home/morph/st/stm32cubeide_1.10.1_2/plugins/com.st.stm32cube.ide.mcu.externaltools.gnu-tools-for-stm32.10.3-2021.10.linux64_1.0.100.202210260954/tools/bin/../lib/gcc/arm-none-eabi/10.3.1/../../../../arm-none-eabi/lib/thumb/v7e-m+fp/hard/libc_nano.a(lib_a-lnumeric.o)
                0x000000000800ae30                _C_numeric_locale
 .rodata._setlocale_r.str1.1
                0x000000000800ae3c        0x8 /home/morph/st/stm32cubeide_1.10.1_2/plugins/com.st.stm32cube.ide.mcu.externaltools.gnu-tools-for-stm32.10.3-2021.10.linux64_1.0.100.202210260954/tools/bin/../lib/gcc/arm-none-eabi/10.3.1/../../../../arm-none-eabi/lib/thumb/v7e-m+fp/hard/libc_nano.a(lib_a-locale.o)
                                          0x9 (size before relaxing)
 .rodata.str1.1
                0x000000000800ae44        0x2 /home/morph/st/stm32cubeide_1.10.1_2/plugins/com.st.stm32cube.ide.mcu.externaltools.gnu-tools-for-stm32.10.3-2021.10.linux64_1.0.100.202210260954/tools/bin/../lib/gcc/arm-none-eabi/10.3.1/../../../../arm-none-eabi/lib/thumb/v7e-m+fp/hard/libc_nano.a(lib_a-locale.o)
 .rodata._Balloc.str1.1
                0x000000000800ae44       0x5c /home/morph/st/stm32cubeide_1.10.1_2/plugins/com.st.stm32cube.ide.mcu.externaltools.gnu-tools-for-stm32.10.3-2021.10.linux64_1.0.100.202210260954/tools/bin/../lib/gcc/arm-none-eabi/10.3.1/../../../../arm-none-eabi/lib/thumb/v7e-m+fp/hard/libc_nano.a(lib_a-mprec.o)
                                         0x73 (size before relaxing)
 .rodata.__multadd.str1.1
                0x000000000800aea0       0x11 /home/morph/st/stm32cubeide_1.10.1_2/plugins/com.st.stm32cube.ide.mcu.externaltools.gnu-tools-for-stm32.10.3-2021.10.linux64_1.0.100.202210260954/tools/bin/../lib/gcc/arm-none-eabi/10.3.1/../../../../arm-none-eabi/lib/thumb/v7e-m+fp/hard/libc_nano.a(lib_a-mprec.o)
 .rodata.__mprec_bigtens
                0x000000000800aea0       0x28 /home/morph/st/stm32cubeide_1.10.1_2/plugins/com.st.stm32cube.ide.mcu.externaltools.gnu-tools-for-stm32.10.3-2021.10.linux64_1.0.100.202210260954/tools/bin/../lib/gcc/arm-none-eabi/10.3.1/../../../../arm-none-eabi/lib/thumb/v7e-m+fp/hard/libc_nano.a(lib_a-mprec.o)
                0x000000000800aea0                __mprec_bigtens
 .rodata.__mprec_tens
                0x000000000800aec8       0xc8 /home/morph/st/stm32cubeide_1.10.1_2/plugins/com.st.stm32cube.ide.mcu.externaltools.gnu-tools-for-stm32.10.3-2021.10.linux64_1.0.100.202210260954/tools/bin/../lib/gcc/arm-none-eabi/10.3.1/../../../../arm-none-eabi/lib/thumb/v7e-m+fp/hard/libc_nano.a(lib_a-mprec.o)
                0x000000000800aec8                __mprec_tens
 .rodata.p05.0  0x000000000800af90        0xc /home/morph/st/stm32cubeide_1.10.1_2/plugins/com.st.stm32cube.ide.mcu.externaltools.gnu-tools-for-stm32.10.3-2021.10.linux64_1.0.100.202210260954/tools/bin/../lib/gcc/arm-none-eabi/10.3.1/../../../../arm-none-eabi/lib/thumb/v7e-m+fp/hard/libc_nano.a(lib_a-mprec.o)
 .rodata._svfprintf_r.str1.1
                0x000000000800af9c       0x11 /home/morph/st/stm32cubeide_1.10.1_2/plugins/com.st.stm32cube.ide.mcu.externaltools.gnu-tools-for-stm32.10.3-2021.10.linux64_1.0.100.202210260954/tools/bin/../lib/gcc/arm-none-eabi/10.3.1/../../../../arm-none-eabi/lib/thumb/v7e-m+fp/hard/libc_nano.a(lib_a-nano-svfprintf.o)
 .rodata._vfprintf_r.str1.1
                0x000000000800afad       0x11 /home/morph/st/stm32cubeide_1.10.1_2/plugins/com.st.stm32cube.ide.mcu.externaltools.gnu-tools-for-stm32.10.3-2021.10.linux64_1.0.100.202210260954/tools/bin/../lib/gcc/arm-none-eabi/10.3.1/../../../../arm-none-eabi/lib/thumb/v7e-m+fp/hard/libc_nano.a(lib_a-nano-vfprintf.o)
 .rodata._ctype_
                0x000000000800afad      0x101 /home/morph/st/stm32cubeide_1.10.1_2/plugins/com.st.stm32cube.ide.mcu.externaltools.gnu-tools-for-stm32.10.3-2021.10.linux64_1.0.100.202210260954/tools/bin/../lib/gcc/arm-none-eabi/10.3.1/../../../../arm-none-eabi/lib/thumb/v7e-m+fp/hard/libc_nano.a(lib_a-ctype_.o)
                0x000000000800afad                _ctype_
 *fill*         0x000000000800b0ae        0x2 
 .rodata.__sf_fake_stderr
                0x000000000800b0b0       0x20 /home/morph/st/stm32cubeide_1.10.1_2/plugins/com.st.stm32cube.ide.mcu.externaltools.gnu-tools-for-stm32.10.3-2021.10.linux64_1.0.100.202210260954/tools/bin/../lib/gcc/arm-none-eabi/10.3.1/../../../../arm-none-eabi/lib/thumb/v7e-m+fp/hard/libc_nano.a(lib_a-findfp.o)
                0x000000000800b0b0                __sf_fake_stderr
 .rodata.__sf_fake_stdin
                0x000000000800b0d0       0x20 /home/morph/st/stm32cubeide_1.10.1_2/plugins/com.st.stm32cube.ide.mcu.externaltools.gnu-tools-for-stm32.10.3-2021.10.linux64_1.0.100.202210260954/tools/bin/../lib/gcc/arm-none-eabi/10.3.1/../../../../arm-none-eabi/lib/thumb/v7e-m+fp/hard/libc_nano.a(lib_a-findfp.o)
                0x000000000800b0d0                __sf_fake_stdin
 .rodata.__sf_fake_stdout
                0x000000000800b0f0       0x20 /home/morph/st/stm32cubeide_1.10.1_2/plugins/com.st.stm32cube.ide.mcu.externaltools.gnu-tools-for-stm32.10.3-2021.10.linux64_1.0.100.202210260954/tools/bin/../lib/gcc/arm-none-eabi/10.3.1/../../../../arm-none-eabi/lib/thumb/v7e-m+fp/hard/libc_nano.a(lib_a-findfp.o)
                0x000000000800b0f0                __sf_fake_stdout
                0x000000000800b110                . = ALIGN (0x4)

.ARM.extab      0x000000000800b110        0x0
                0x000000000800b110                . = ALIGN (0x4)
 *(.ARM.extab* .gnu.linkonce.armextab.*)
                0x000000000800b110                . = ALIGN (0x4)

.ARM            0x000000000800b110        0x8
                0x000000000800b110                . = ALIGN (0x4)
                0x000000000800b110                __exidx_start = .
 *(.ARM.exidx*)
 .ARM.exidx     0x000000000800b110        0x8 /home/morph/st/stm32cubeide_1.10.1_2/plugins/com.st.stm32cube.ide.mcu.externaltools.gnu-tools-for-stm32.10.3-2021.10.linux64_1.0.100.202210260954/tools/bin/../lib/gcc/arm-none-eabi/10.3.1/thumb/v7e-m+fp/hard/libgcc.a(_udivmoddi4.o)
                0x000000000800b118                __exidx_end = .
                0x000000000800b118                . = ALIGN (0x4)

.rel.dyn        0x000000000800b118        0x0