12:13:43 **** Clean-only build of configuration Debug for project G_code_stepper_motor ****
make -j12 clean 
rm -rf ./Drivers/STM32F4xx_HAL_Driver/Src/stm32f4xx_hal.d ./Drivers/STM32F4xx_HAL_Driver/Src/stm32f4xx_hal.o ./Drivers/STM32F4xx_HAL_Driver/Src/stm32f4xx_hal.su ./Drivers/STM32F4xx_HAL_Driver/Src/stm32f4xx_hal_cortex.d ./Drivers/STM32F4xx_HAL_Driver/Src/stm32f4xx_hal_cortex.o ./Drivers/STM32F4xx_HAL_Driver/Src/stm32f4xx_hal_cortex.su ./Drivers/STM32F4xx_HAL_Driver/Src/stm32f4xx_hal_dma.d ./Drivers/STM32F4xx_HAL_Driver/Src/stm32f4xx_hal_dma.o ./Drivers/STM32F4xx_HAL_Driver/Src/stm32f4xx_hal_dma.su ./Drivers/STM32F4xx_HAL_Driver/Src/stm32f4xx_hal_dma_ex.d ./Drivers/STM32F4xx_HAL_Driver/Src/stm32f4xx_hal_dma_ex.o ./Drivers/STM32F4xx_HAL_Driver/Src/stm32f4xx_hal_dma_ex.su ./Drivers/STM32F4xx_HAL_Driver/Src/stm32f4xx_hal_exti.d ./Drivers/STM32F4xx_HAL_Driver/Src/stm32f4xx_hal_exti.o ./Drivers/STM32F4xx_HAL_Driver/Src/stm32f4xx_hal_exti.su ./Drivers/STM32F4xx_HAL_Driver/Src/stm32f4xx_hal_flash.d ./Drivers/STM32F4xx_HAL_Driver/Src/stm32f4xx_hal_flash.o ./Drivers/STM32F4xx_HAL_Driver/Src/stm32f4xx_hal_flash.su ./Drivers/STM32F4xx_HAL_Driver/Src/stm32f4xx_hal_flash_ex.d ./Drivers/STM32F4xx_HAL_Driver/Src/stm32f4xx_hal_flash_ex.o ./Drivers/STM32F4xx_HAL_Driver/Src/stm32f4xx_hal_flash_ex.su ./Drivers/STM32F4xx_HAL_Driver/Src/stm32f4xx_hal_flash_ramfunc.d ./Drivers/STM32F4xx_HAL_Driver/Src/stm32f4xx_hal_flash_ramfunc.o ./Drivers/STM32F4xx_HAL_Driver/Src/stm32f4xx_hal_flash_ramfunc.su ./Drivers/STM32F4xx_HAL_Driver/Src/stm32f4xx_hal_gpio.d ./Drivers/STM32F4xx_HAL_Driver/Src/stm32f4xx_hal_gpio.o ./Drivers/STM32F4xx_HAL_Driver/Src/stm32f4xx_hal_gpio.su ./Drivers/STM32F4xx_HAL_Driver/Src/stm32f4xx_hal_pwr.d ./Drivers/STM32F4xx_HAL_Driver/Src/stm32f4xx_hal_pwr.o ./Drivers/STM32F4xx_HAL_Driver/Src/stm32f4xx_hal_pwr.su ./Drivers/STM32F4xx_HAL_Driver/Src/stm32f4xx_hal_pwr_ex.d ./Drivers/STM32F4xx_HAL_Driver/Src/stm32f4xx_hal_pwr_ex.o ./Drivers/STM32F4xx_HAL_Driver/Src/stm32f4xx_hal_pwr_ex.su ./Drivers/STM32F4xx_HAL_Driver/Src/stm32f4xx_hal_rcc.d ./Drivers/STM32F4xx_HAL_Driver/Src/stm32f4xx_hal_rcc.o ./Drivers/STM32F4xx_HAL_Driver/Src/stm32f4xx_hal_rcc.su ./Drivers/STM32F4xx_HAL_Driver/Src/stm32f4xx_hal_rcc_ex.d ./Drivers/STM32F4xx_HAL_Driver/Src/stm32f4xx_hal_rcc_ex.o ./Drivers/STM32F4xx_HAL_Driver/Src/stm32f4xx_hal_rcc_ex.su ./Drivers/STM32F4xx_HAL_Driver/Src/stm32f4xx_hal_spi.d ./Drivers/STM32F4xx_HAL_Driver/Src/stm32f4xx_hal_spi.o ./Drivers/STM32F4xx_HAL_Driver/Src/stm32f4xx_hal_spi.su ./Drivers/STM32F4xx_HAL_Driver/Src/stm32f4xx_hal_tim.d ./Drivers/STM32F4xx_HAL_Driver/Src/stm32f4xx_hal_tim.o ./Drivers/STM32F4xx_HAL_Driver/Src/stm32f4xx_hal_tim.su ./Drivers/STM32F4xx_HAL_Driver/Src/stm32f4xx_hal_tim_ex.d ./Drivers/STM32F4xx_HAL_Driver/Src/stm32f4xx_hal_tim_ex.o ./Drivers/STM32F4xx_HAL_Driver/Src/stm32f4xx_hal_tim_ex.su ./Drivers/STM32F4xx_HAL_Driver/Src/stm32f4xx_hal_uart.d ./Drivers/STM32F4xx_HAL_Driver/Src/stm32f4xx_hal_uart.o ./Drivers/STM32F4xx_HAL_Driver/Src/stm32f4xx_hal_uart.su
rm -rf ./Core/Startup/startup_stm32f446retx.d ./Core/Startup/startup_stm32f446retx.o
rm -rf ./Core/Src/GCode_helper.d ./Core/Src/GCode_helper.o ./Core/Src/GCode_helper.su ./Core/Src/LedDriver.d ./Core/Src/LedDriver.o ./Core/Src/LedDriver.su ./Core/Src/UART_helper.d ./Core/Src/UART_helper.o ./Core/Src/UART_helper.su ./Core/Src/circular_queue.d ./Core/Src/circular_queue.o ./Core/Src/circular_queue.su ./Core/Src/main.d ./Core/Src/main.o ./Core/Src/main.su ./Core/Src/stepper.d ./Core/Src/stepper.o ./Core/Src/stepper.su ./Core/Src/stm32f4xx_hal_msp.d ./Core/Src/stm32f4xx_hal_msp.o ./Core/Src/stm32f4xx_hal_msp.su ./Core/Src/stm32f4xx_it.d ./Core/Src/stm32f4xx_it.o ./Core/Src/stm32f4xx_it.su ./Core/Src/syscalls.d ./Core/Src/syscalls.o ./Core/Src/syscalls.su ./Core/Src/sysmem.d ./Core/Src/sysmem.o ./Core/Src/sysmem.su ./Core/Src/system_stm32f4xx.d ./Core/Src/system_stm32f4xx.o ./Core/Src/system_stm32f4xx.su
rm -rf G_code_stepper_motor.elf G_code_stepper_motor.list G_code_stepper_motor.map default.size.stdout
 
12:13:45 **** Build of configuration Debug for project G_code_stepper_motor ****
make -j12 all 
arm-none-eabi-gcc "../Drivers/STM32F4xx_HAL_Driver/Src/stm32f4xx_hal.c" -mcpu=cortex-m4 -std=gnu11 -g3 -DDEBUG -DUSE_HAL_DRIVER -DSTM32F446xx -c -I../Core/Inc -I../Drivers/STM32F4xx_HAL_Driver/Inc -I../Drivers/STM32F4xx_HAL_Driver/Inc/Legacy -I../Drivers/CMSIS/Device/ST/STM32F4xx/Include -I../Drivers/CMSIS/Include -O0 -ffunction-sections -fdata-sections -Wall -fstack-usage -MMD -MP -MF"Drivers/STM32F4xx_HAL_Driver/Src/stm32f4xx_hal.d" -MT"Drivers/STM32F4xx_HAL_Driver/Src/stm32f4xx_hal.o" --specs=nano.specs -mfpu=fpv4-sp-d16 -mfloat-abi=hard -mthumb -o "Drivers/STM32F4xx_HAL_Driver/Src/stm32f4xx_hal.o"
arm-none-eabi-gcc "../Drivers/STM32F4xx_HAL_Driver/Src/stm32f4xx_hal_cortex.c" -mcpu=cortex-m4 -std=gnu11 -g3 -DDEBUG -DUSE_HAL_DRIVER -DSTM32F446xx -c -I../Core/Inc -I../Drivers/STM32F4xx_HAL_Driver/Inc -I../Drivers/STM32F4xx_HAL_Driver/Inc/Legacy -I../Drivers/CMSIS/Device/ST/STM32F4xx/Include -I../Drivers/CMSIS/Include -O0 -ffunction-sections -fdata-sections -Wall -fstack-usage -MMD -MP -MF"Drivers/STM32F4xx_HAL_Driver/Src/stm32f4xx_hal_cortex.d" -MT"Drivers/STM32F4xx_HAL_Driver/Src/stm32f4xx_hal_cortex.o" --specs=nano.specs -mfpu=fpv4-sp-d16 -mfloat-abi=hard -mthumb -o "Drivers/STM32F4xx_HAL_Driver/Src/stm32f4xx_hal_cortex.o"
arm-none-eabi-gcc "../Drivers/STM32F4xx_HAL_Driver/Src/stm32f4xx_hal_dma.c" -mcpu=cortex-m4 -std=gnu11 -g3 -DDEBUG -DUSE_HAL_DRIVER -DSTM32F446xx -c -I../Core/Inc -I../Drivers/STM32F4xx_HAL_Driver/Inc -I../Drivers/STM32F4xx_HAL_Driver/Inc/Legacy -I../Drivers/CMSIS/Device/ST/STM32F4xx/Include -I../Drivers/CMSIS/Include -O0 -ffunction-sections -fdata-sections -Wall -fstack-usage -MMD -MP -MF"Drivers/STM32F4xx_HAL_Driver/Src/stm32f4xx_hal_dma.d" -MT"Drivers/STM32F4xx_HAL_Driver/Src/stm32f4xx_hal_dma.o" --specs=nano.specs -mfpu=fpv4-sp-d16 -mfloat-abi=hard -mthumb -o "Drivers/STM32F4xx_HAL_Driver/Src/stm32f4xx_hal_dma.o"
arm-none-eabi-gcc "../Drivers/STM32F4xx_HAL_Driver/Src/stm32f4xx_hal_dma_ex.c" -mcpu=cortex-m4 -std=gnu11 -g3 -DDEBUG -DUSE_HAL_DRIVER -DSTM32F446xx -c -I../Core/Inc -I../Drivers/STM32F4xx_HAL_Driver/Inc -I../Drivers/STM32F4xx_HAL_Driver/Inc/Legacy -I../Drivers/CMSIS/Device/ST/STM32F4xx/Include -I../Drivers/CMSIS/Include -O0 -ffunction-sections -fdata-sections -Wall -fstack-usage -MMD -MP -MF"Drivers/STM32F4xx_HAL_Driver/Src/stm32f4xx_hal_dma_ex.d" -MT"Drivers/STM32F4xx_HAL_Driver/Src/stm32f4xx_hal_dma_ex.o" --specs=nano.specs -mfpu=fpv4-sp-d16 -mfloat-abi=hard -mthumb -o "Drivers/STM32F4xx_HAL_Driver/Src/stm32f4xx_hal_dma_ex.o"
arm-none-eabi-gcc "../Drivers/STM32F4xx_HAL_Driver/Src/stm32f4xx_hal_exti.c" -mcpu=cortex-m4 -std=gnu11 -g3 -DDEBUG -DUSE_HAL_DRIVER -DSTM32F446xx -c -I../Core/Inc -I../Drivers/STM32F4xx_HAL_Driver/Inc -I../Drivers/STM32F4xx_HAL_Driver/Inc/Legacy -I../Drivers/CMSIS/Device/ST/STM32F4xx/Include -I../Drivers/CMSIS/Include -O0 -ffunction-sections -fdata-sections -Wall -fstack-usage -MMD -MP -MF"Drivers/STM32F4xx_HAL_Driver/Src/stm32f4xx_hal_exti.d" -MT"Drivers/STM32F4xx_HAL_Driver/Src/stm32f4xx_hal_exti.o" --specs=nano.specs -mfpu=fpv4-sp-d16 -mfloat-abi=hard -mthumb -o "Drivers/STM32F4xx_HAL_Driver/Src/stm32f4xx_hal_exti.o"
arm-none-eabi-gcc "../Drivers/STM32F4xx_HAL_Driver/Src/stm32f4xx_hal_flash.c" -mcpu=cortex-m4 -std=gnu11 -g3 -DDEBUG -DUSE_HAL_DRIVER -DSTM32F446xx -c -I../Core/Inc -I../Drivers/STM32F4xx_HAL_Driver/Inc -I../Drivers/STM32F4xx_HAL_Driver/Inc/Legacy -I../Drivers/CMSIS/Device/ST/STM32F4xx/Include -I../Drivers/CMSIS/Include -O0 -ffunction-sections -fdata-sections -Wall -fstack-usage -MMD -MP -MF"Drivers/STM32F4xx_HAL_Driver/Src/stm32f4xx_hal_flash.d" -MT"Drivers/STM32F4xx_HAL_Driver/Src/stm32f4xx_hal_flash.o" --specs=nano.specs -mfpu=fpv4-sp-d16 -mfloat-abi=hard -mthumb -o "Drivers/STM32F4xx_HAL_Driver/Src/stm32f4xx_hal_flash.o"
arm-none-eabi-gcc "../Drivers/STM32F4xx_HAL_Driver/Src/stm32f4xx_hal_flash_ex.c" -mcpu=cortex-m4 -std=gnu11 -g3 -DDEBUG -DUSE_HAL_DRIVER -DSTM32F446xx -c -I../Core/Inc -I../Drivers/STM32F4xx_HAL_Driver/Inc -I../Drivers/STM32F4xx_HAL_Driver/Inc/Legacy -I../Drivers/CMSIS/Device/ST/STM32F4xx/Include -I../Drivers/CMSIS/Include -O0 -ffunction-sections -fdata-sections -Wall -fstack-usage -MMD -MP -MF"Drivers/STM32F4xx_HAL_Driver/Src/stm32f4xx_hal_flash_ex.d" -MT"Drivers/STM32F4xx_HAL_Driver/Src/stm32f4xx_hal_flash_ex.o" --specs=nano.specs -mfpu=fpv4-sp-d16 -mfloat-abi=hard -mthumb -o "Drivers/STM32F4xx_HAL_Driver/Src/stm32f4xx_hal_flash_ex.o"
arm-none-eabi-gcc "../Drivers/STM32F4xx_HAL_Driver/Src/stm32f4xx_hal_flash_ramfunc.c" -mcpu=cortex-m4 -std=gnu11 -g3 -DDEBUG -DUSE_HAL_DRIVER -DSTM32F446xx -c -I../Core/Inc -I../Drivers/STM32F4xx_HAL_Driver/Inc -I../Drivers/STM32F4xx_HAL_Driver/Inc/Legacy -I../Drivers/CMSIS/Device/ST/STM32F4xx/Include -I../Drivers/CMSIS/Include -O0 -ffunction-sections -fdata-sections -Wall -fstack-usage -MMD -MP -MF"Drivers/STM32F4xx_HAL_Driver/Src/stm32f4xx_hal_flash_ramfunc.d" -MT"Drivers/STM32F4xx_HAL_Driver/Src/stm32f4xx_hal_flash_ramfunc.o" --specs=nano.specs -mfpu=fpv4-sp-d16 -mfloat-abi=hard -mthumb -o "Drivers/STM32F4xx_HAL_Driver/Src/stm32f4xx_hal_flash_ramfunc.o"
arm-none-eabi-gcc "../Drivers/STM32F4xx_HAL_Driver/Src/stm32f4xx_hal_gpio.c" -mcpu=cortex-m4 -std=gnu11 -g3 -DDEBUG -DUSE_HAL_DRIVER -DSTM32F446xx -c -I../Core/Inc -I../Drivers/STM32F4xx_HAL_Driver/Inc -I../Drivers/STM32F4xx_HAL_Driver/Inc/Legacy -I../Drivers/CMSIS/Device/ST/STM32F4xx/Include -I../Drivers/CMSIS/Include -O0 -ffunction-sections -fdata-sections -Wall -fstack-usage -MMD -MP -MF"Drivers/STM32F4xx_HAL_Driver/Src/stm32f4xx_hal_gpio.d" -MT"Drivers/STM32F4xx_HAL_Driver/Src/stm32f4xx_hal_gpio.o" --specs=nano.specs -mfpu=fpv4-sp-d16 -mfloat-abi=hard -mthumb -o "Drivers/STM32F4xx_HAL_Driver/Src/stm32f4xx_hal_gpio.o"
arm-none-eabi-gcc "../Drivers/STM32F4xx_HAL_Driver/Src/stm32f4xx_hal_pwr.c" -mcpu=cortex-m4 -std=gnu11 -g3 -DDEBUG -DUSE_HAL_DRIVER -DSTM32F446xx -c -I../Core/Inc -I../Drivers/STM32F4xx_HAL_Driver/Inc -I../Drivers/STM32F4xx_HAL_Driver/Inc/Legacy -I../Drivers/CMSIS/Device/ST/STM32F4xx/Include -I../Drivers/CMSIS/Include -O0 -ffunction-sections -fdata-sections -Wall -fstack-usage -MMD -MP -MF"Drivers/STM32F4xx_HAL_Driver/Src/stm32f4xx_hal_pwr.d" -MT"Drivers/STM32F4xx_HAL_Driver/Src/stm32f4xx_hal_pwr.o" --specs=nano.specs -mfpu=fpv4-sp-d16 -mfloat-abi=hard -mthumb -o "Drivers/STM32F4xx_HAL_Driver/Src/stm32f4xx_hal_pwr.o"
arm-none-eabi-gcc "../Drivers/STM32F4xx_HAL_Driver/Src/stm32f4xx_hal_pwr_ex.c" -mcpu=cortex-m4 -std=gnu11 -g3 -DDEBUG -DUSE_HAL_DRIVER -DSTM32F446xx -c -I../Core/Inc -I../Drivers/STM32F4xx_HAL_Driver/Inc -I../Drivers/STM32F4xx_HAL_Driver/Inc/Legacy -I../Drivers/CMSIS/Device/ST/STM32F4xx/Include -I../Drivers/CMSIS/Include -O0 -ffunction-sections -fdata-sections -Wall -fstack-usage -MMD -MP -MF"Drivers/STM32F4xx_HAL_Driver/Src/stm32f4xx_hal_pwr_ex.d" -MT"Drivers/STM32F4xx_HAL_Driver/Src/stm32f4xx_hal_pwr_ex.o" --specs=nano.specs -mfpu=fpv4-sp-d16 -mfloat-abi=hard -mthumb -o "Drivers/STM32F4xx_HAL_Driver/Src/stm32f4xx_hal_pwr_ex.o"
arm-none-eabi-gcc "../Drivers/STM32F4xx_HAL_Driver/Src/stm32f4xx_hal_rcc.c" -mcpu=cortex-m4 -std=gnu11 -g3 -DDEBUG -DUSE_HAL_DRIVER -DSTM32F446xx -c -I../Core/Inc -I../Drivers/STM32F4xx_HAL_Driver/Inc -I../Drivers/STM32F4xx_HAL_Driver/Inc/Legacy -I../Drivers/CMSIS/Device/ST/STM32F4xx/Include -I../Drivers/CMSIS/Include -O0 -ffunction-sections -fdata-sections -Wall -fstack-usage -MMD -MP -MF"Drivers/STM32F4xx_HAL_Driver/Src/stm32f4xx_hal_rcc.d" -MT"Drivers/STM32F4xx_HAL_Driver/Src/stm32f4xx_hal_rcc.o" --specs=nano.specs -mfpu=fpv4-sp-d16 -mfloat-abi=hard -mthumb -o "Drivers/STM32F4xx_HAL_Driver/Src/stm32f4xx_hal_rcc.o"
arm-none-eabi-gcc "../Drivers/STM32F4xx_HAL_Driver/Src/stm32f4xx_hal_rcc_ex.c" -mcpu=cortex-m4 -std=gnu11 -g3 -DDEBUG -DUSE_HAL_DRIVER -DSTM32F446xx -c -I../Core/Inc -I../Drivers/STM32F4xx_HAL_Driver/Inc -I../Drivers/STM32F4xx_HAL_Driver/Inc/Legacy -I../Drivers/CMSIS/Device/ST/STM32F4xx/Include -I../Drivers/CMSIS/Include -O0 -ffunction-sections -fdata-sections -Wall -fstack-usage -MMD -MP -MF"Drivers/STM32F4xx_HAL_Driver/Src/stm32f4xx_hal_rcc_ex.d" -MT"Drivers/STM32F4xx_HAL_Driver/Src/stm32f4xx_hal_rcc_ex.o" --specs=nano.specs -mfpu=fpv4-sp-d16 -mfloat-abi=hard -mthumb -o "Drivers/STM32F4xx_HAL_Driver/Src/stm32f4xx_hal_rcc_ex.o"
arm-none-eabi-gcc "../Drivers/STM32F4xx_HAL_Driver/Src/stm32f4xx_hal_spi.c" -mcpu=cortex-m4 -std=gnu11 -g3 -DDEBUG -DUSE_HAL_DRIVER -DSTM32F446xx -c -I../Core/Inc -I../Drivers/STM32F4xx_HAL_Driver/Inc -I../Drivers/STM32F4xx_HAL_Driver/Inc/Legacy -I../Drivers/CMSIS/Device/ST/STM32F4xx/Include -I../Drivers/CMSIS/Include -O0 -ffunction-sections -fdata-sections -Wall -fstack-usage -MMD -MP -MF"Drivers/STM32F4xx_HAL_Driver/Src/stm32f4xx_hal_spi.d" -MT"Drivers/STM32F4xx_HAL_Driver/Src/stm32f4xx_hal_spi.o" --specs=nano.specs -mfpu=fpv4-sp-d16 -mfloat-abi=hard -mthumb -o "Drivers/STM32F4xx_HAL_Driver/Src/stm32f4xx_hal_spi.o"
arm-none-eabi-gcc "../Drivers/STM32F4xx_HAL_Driver/Src/stm32f4xx_hal_tim.c" -mcpu=cortex-m4 -std=gnu11 -g3 -DDEBUG -DUSE_HAL_DRIVER -DSTM32F446xx -c -I../Core/Inc -I../Drivers/STM32F4xx_HAL_Driver/Inc -I../Drivers/STM32F4xx_HAL_Driver/Inc/Legacy -I../Drivers/CMSIS/Device/ST/STM32F4xx/Include -I../Drivers/CMSIS/Include -O0 -ffunction-sections -fdata-sections -Wall -fstack-usage -MMD -MP -MF"Drivers/STM32F4xx_HAL_Driver/Src/stm32f4xx_hal_tim.d" -MT"Drivers/STM32F4xx_HAL_Driver/Src/stm32f4xx_hal_tim.o" --specs=nano.specs -mfpu=fpv4-sp-d16 -mfloat-abi=hard -mthumb -o "Drivers/STM32F4xx_HAL_Driver/Src/stm32f4xx_hal_tim.o"
arm-none-eabi-gcc "../Drivers/STM32F4xx_HAL_Driver/Src/stm32f4xx_hal_tim_ex.c" -mcpu=cortex-m4 -std=gnu11 -g3 -DDEBUG -DUSE_HAL_DRIVER -DSTM32F446xx -c -I../Core/Inc -I../Drivers/STM32F4xx_HAL_Driver/Inc -I../Drivers/STM32F4xx_HAL_Driver/Inc/Legacy -I../Drivers/CMSIS/Device/ST/STM32F4xx/Include -I../Drivers/CMSIS/Include -O0 -ffunction-sections -fdata-sections -Wall -fstack-usage -MMD -MP -MF"Drivers/STM32F4xx_HAL_Driver/Src/stm32f4xx_hal_tim_ex.d" -MT"Drivers/STM32F4xx_HAL_Driver/Src/stm32f4xx_hal_tim_ex.o" --specs=nano.specs -mfpu=fpv4-sp-d16 -mfloat-abi=hard -mthumb -o "Drivers/STM32F4xx_HAL_Driver/Src/stm32f4xx_hal_tim_ex.o"
arm-none-eabi-gcc "../Drivers/STM32F4xx_HAL_Driver/Src/stm32f4xx_hal_uart.c" -mcpu=cortex-m4 -std=gnu11 -g3 -DDEBUG -DUSE_HAL_DRIVER -DSTM32F446xx -c -I../Core/Inc -I../Drivers/STM32F4xx_HAL_Driver/Inc -I../Drivers/STM32F4xx_HAL_Driver/Inc/Legacy -I../Drivers/CMSIS/Device/ST/STM32F4xx/Include -I../Drivers/CMSIS/Include -O0 -ffunction-sections -fdata-sections -Wall -fstack-usage -MMD -MP -MF"Drivers/STM32F4xx_HAL_Driver/Src/stm32f4xx_hal_uart.d" -MT"Drivers/STM32F4xx_HAL_Driver/Src/stm32f4xx_hal_uart.o" --specs=nano.specs -mfpu=fpv4-sp-d16 -mfloat-abi=hard -mthumb -o "Drivers/STM32F4xx_HAL_Driver/Src/stm32f4xx_hal_uart.o"
arm-none-eabi-gcc -mcpu=cortex-m4 -g3 -DDEBUG -c -x assembler-with-cpp -MMD -MP -MF"Core/Startup/startup_stm32f446retx.d" -MT"Core/Startup/startup_stm32f446retx.o" --specs=nano.specs -mfpu=fpv4-sp-d16 -mfloat-abi=hard -mthumb -o "Core/Startup/startup_stm32f446retx.o" "../Core/Startup/startup_stm32f446retx.s"
arm-none-eabi-gcc "../Core/Src/GCode_helper.c" -mcpu=cortex-m4 -std=gnu11 -g3 -DDEBUG -DUSE_HAL_DRIVER -DSTM32F446xx -c -I../Core/Inc -I../Drivers/STM32F4xx_HAL_Driver/Inc -I../Drivers/STM32F4xx_HAL_Driver/Inc/Legacy -I../Drivers/CMSIS/Device/ST/STM32F4xx/Include -I../Drivers/CMSIS/Include -O0 -ffunction-sections -fdata-sections -Wall -fstack-usage -MMD -MP -MF"Core/Src/GCode_helper.d" -MT"Core/Src/GCode_helper.o" --specs=nano.specs -mfpu=fpv4-sp-d16 -mfloat-abi=hard -mthumb -o "Core/Src/GCode_helper.o"
arm-none-eabi-gcc "../Core/Src/LedDriver.c" -mcpu=cortex-m4 -std=gnu11 -g3 -DDEBUG -DUSE_HAL_DRIVER -DSTM32F446xx -c -I../Core/Inc -I../Drivers/STM32F4xx_HAL_Driver/Inc -I../Drivers/STM32F4xx_HAL_Driver/Inc/Legacy -I../Drivers/CMSIS/Device/ST/STM32F4xx/Include -I../Drivers/CMSIS/Include -O0 -ffunction-sections -fdata-sections -Wall -fstack-usage -MMD -MP -MF"Core/Src/LedDriver.d" -MT"Core/Src/LedDriver.o" --specs=nano.specs -mfpu=fpv4-sp-d16 -mfloat-abi=hard -mthumb -o "Core/Src/LedDriver.o"
arm-none-eabi-gcc "../Core/Src/UART_helper.c" -mcpu=cortex-m4 -std=gnu11 -g3 -DDEBUG -DUSE_HAL_DRIVER -DSTM32F446xx -c -I../Core/Inc -I../Drivers/STM32F4xx_HAL_Driver/Inc -I../Drivers/STM32F4xx_HAL_Driver/Inc/Legacy -I../Drivers/CMSIS/Device/ST/STM32F4xx/Include -I../Drivers/CMSIS/Include -O0 -ffunction-sections -fdata-sections -Wall -fstack-usage -MMD -MP -MF"Core/Src/UART_helper.d" -MT"Core/Src/UART_helper.o" --specs=nano.specs -mfpu=fpv4-sp-d16 -mfloat-abi=hard -mthumb -o "Core/Src/UART_helper.o"
arm-none-eabi-gcc "../Core/Src/circular_queue.c" -mcpu=cortex-m4 -std=gnu11 -g3 -DDEBUG -DUSE_HAL_DRIVER -DSTM32F446xx -c -I../Core/Inc -I../Drivers/STM32F4xx_HAL_Driver/Inc -I../Drivers/STM32F4xx_HAL_Driver/Inc/Legacy -I../Drivers/CMSIS/Device/ST/STM32F4xx/Include -I../Drivers/CMSIS/Include -O0 -ffunction-sections -fdata-sections -Wall -fstack-usage -MMD -MP -MF"Core/Src/circular_queue.d" -MT"Core/Src/circular_queue.o" --specs=nano.specs -mfpu=fpv4-sp-d16 -mfloat-abi=hard -mthumb -o "Core/Src/circular_queue.o"
arm-none-eabi-gcc "../Core/Src/main.c" -mcpu=cortex-m4 -std=gnu11 -g3 -DDEBUG -DUSE_HAL_DRIVER -DSTM32F446xx -c -I../Core/Inc -I../Drivers/STM32F4xx_HAL_Driver/Inc -I../Drivers/STM32F4xx_HAL_Driver/Inc/Legacy -I../Drivers/CMSIS/Device/ST/STM32F4xx/Include -I../Drivers/CMSIS/Include -O0 -ffunction-sections -fdata-sections -Wall -fstack-usage -MMD -MP -MF"Core/Src/main.d" -MT"Core/Src/main.o" --specs=nano.specs -mfpu=fpv4-sp-d16 -mfloat-abi=hard -mthumb -o "Core/Src/main.o"
arm-none-eabi-gcc "../Core/Src/stepper.c" -mcpu=cortex-m4 -std=gnu11 -g3 -DDEBUG -DUSE_HAL_DRIVER -DSTM32F446xx -c -I../Core/Inc -I../Drivers/STM32F4xx_HAL_Driver/Inc -I../Drivers/STM32F4xx_HAL_Driver/Inc/Legacy -I../Drivers/CMSIS/Device/ST/STM32F4xx/Include -I../Drivers/CMSIS/Include -O0 -ffunction-sections -fdata-sections -Wall -fstack-usage -MMD -MP -MF"Core/Src/stepper.d" -MT"Core/Src/stepper.o" --specs=nano.specs -mfpu=fpv4-sp-d16 -mfloat-abi=hard -mthumb -o "Core/Src/stepper.o"
arm-none-eabi-gcc "../Core/Src/stm32f4xx_hal_msp.c" -mcpu=cortex-m4 -std=gnu11 -g3 -DDEBUG -DUSE_HAL_DRIVER -DSTM32F446xx -c -I../Core/Inc -I../Drivers/STM32F4xx_HAL_Driver/Inc -I../Drivers/STM32F4xx_HAL_Driver/Inc/Legacy -I../Drivers/CMSIS/Device/ST/STM32F4xx/Include -I../Drivers/CMSIS/Include -O0 -ffunction-sections -fdata-sections -Wall -fstack-usage -MMD -MP -MF"Core/Src/stm32f4xx_hal_msp.d" -MT"Core/Src/stm32f4xx_hal_msp.o" --specs=nano.specs -mfpu=fpv4-sp-d16 -mfloat-abi=hard -mthumb -o "Core/Src/stm32f4xx_hal_msp.o"
../Core/Src/circular_queue.c: In function 'enqueue':
../Core/Src/circular_queue.c:31:20: warning: passing argument 1 of 'strcpy' discards 'volatile' qualifier from pointer target type [-Wdiscarded-qualifiers]
   31 |     strcpy(q->items[q->rear], item);
      |            ~~~~~~~~^~~~~~~~~
In file included from ../Core/Src/circular_queue.c:3:
c:\st\stm32cubeide_1.10.1\stm32cubeide\plugins\com.st.stm32cube.ide.mcu.externaltools.gnu-tools-for-stm32.10.3-2021.10.win32_1.0.100.202210260954\tools\arm-none-eabi\include\string.h:38:16: note: expected 'char * restrict' but argument is of type 'volatile char *'
   38 | char  *strcpy (char *__restrict, const char *__restrict);
      |                ^
../Core/Src/circular_queue.c: In function 'dequeue':
../Core/Src/circular_queue.c:39:8: warning: assignment discards 'volatile' qualifier from pointer target type [-Wdiscarded-qualifiers]
   39 |   item = q->items[q->front];
      |        ^
arm-none-eabi-gcc "../Core/Src/stm32f4xx_it.c" -mcpu=cortex-m4 -std=gnu11 -g3 -DDEBUG -DUSE_HAL_DRIVER -DSTM32F446xx -c -I../Core/Inc -I../Drivers/STM32F4xx_HAL_Driver/Inc -I../Drivers/STM32F4xx_HAL_Driver/Inc/Legacy -I../Drivers/CMSIS/Device/ST/STM32F4xx/Include -I../Drivers/CMSIS/Include -O0 -ffunction-sections -fdata-sections -Wall -fstack-usage -MMD -MP -MF"Core/Src/stm32f4xx_it.d" -MT"Core/Src/stm32f4xx_it.o" --specs=nano.specs -mfpu=fpv4-sp-d16 -mfloat-abi=hard -mthumb -o "Core/Src/stm32f4xx_it.o"
../Core/Src/UART_helper.c: In function 'UART_Command':
../Core/Src/UART_helper.c:120:11: warning: passing argument 1 of 'memset' discards 'volatile' qualifier from pointer target type [-Wdiscarded-qualifiers]
  120 |    memset(RxBuffer,0,sizeof(RxBuffer));
      |           ^~~~~~~~
In file included from ../Core/Inc/main.h:37,
                 from ../Core/Inc/stepper.h:13,
                 from ../Core/Inc/UART_helper.h:13,
                 from ../Core/Src/UART_helper.c:8:
c:\st\stm32cubeide_1.10.1\stm32cubeide\plugins\com.st.stm32cube.ide.mcu.externaltools.gnu-tools-for-stm32.10.3-2021.10.win32_1.0.100.202210260954\tools\arm-none-eabi\include\string.h:33:17: note: expected 'void *' but argument is of type 'volatile char *'
   33 | void *  memset (void *, int, size_t);
      |                 ^~~~~~
../Core/Src/UART_helper.c:130:11: warning: passing argument 1 of 'memset' discards 'volatile' qualifier from pointer target type [-Wdiscarded-qualifiers]
  130 |    memset(RxBuffer,0,sizeof(RxBuffer));
      |           ^~~~~~~~
In file included from ../Core/Inc/main.h:37,
                 from ../Core/Inc/stepper.h:13,
                 from ../Core/Inc/UART_helper.h:13,
                 from ../Core/Src/UART_helper.c:8:
c:\st\stm32cubeide_1.10.1\stm32cubeide\plugins\com.st.stm32cube.ide.mcu.externaltools.gnu-tools-for-stm32.10.3-2021.10.win32_1.0.100.202210260954\tools\arm-none-eabi\include\string.h:33:17: note: expected 'void *' but argument is of type 'volatile char *'
   33 | void *  memset (void *, int, size_t);
      |                 ^~~~~~
../Core/Src/UART_helper.c:136:11: warning: passing argument 1 of 'memset' discards 'volatile' qualifier from pointer target type [-Wdiscarded-qualifiers]
  136 |    memset(RxBuffer,0,sizeof(RxBuffer));
      |           ^~~~~~~~
In file included from ../Core/Inc/main.h:37,
                 from ../Core/Inc/stepper.h:13,
                 from ../Core/Inc/UART_helper.h:13,
                 from ../Core/Src/UART_helper.c:8:
c:\st\stm32cubeide_1.10.1\stm32cubeide\plugins\com.st.stm32cube.ide.mcu.externaltools.gnu-tools-for-stm32.10.3-2021.10.win32_1.0.100.202210260954\tools\arm-none-eabi\include\string.h:33:17: note: expected 'void *' but argument is of type 'volatile char *'
   33 | void *  memset (void *, int, size_t);
      |                 ^~~~~~
../Core/Src/main.c: In function 'HAL_UARTEx_RxEventCallback':
../Core/Src/main.c:743:28: warning: passing argument 1 of 'strstr' discards 'volatile' qualifier from pointer target type [-Wdiscarded-qualifiers]
  743 |   char* space_ptr = strstr(RxBuffer, "\r");
      |                            ^~~~~~~~
In file included from ../Core/Inc/main.h:37,
                 from ../Core/Src/main.c:20:
c:\st\stm32cubeide_1.10.1\stm32cubeide\plugins\com.st.stm32cube.ide.mcu.externaltools.gnu-tools-for-stm32.10.3-2021.10.win32_1.0.100.202210260954\tools\arm-none-eabi\include\string.h:48:16: note: expected 'const char *' but argument is of type 'volatile char *'
   48 | char  *strstr (const char *, const char *);
      |                ^~~~~~~~~~~~
In file included from ../Core/Src/main.c:25:
../Core/Src/main.c:749:19: warning: array subscript has type 'char' [-Wchar-subscripts]
  749 |    while (isspace(*space_ptr)) {
      |                   ^~~~~~~~~~
../Core/Src/main.c:763:18: warning: passing argument 1 of 'strtok' discards 'volatile' qualifier from pointer target type [-Wdiscarded-qualifiers]
  763 |   token = strtok(RxBuffer, "\r");
      |                  ^~~~~~~~
In file included from ../Core/Inc/main.h:37,
                 from ../Core/Src/main.c:20:
c:\st\stm32cubeide_1.10.1\stm32cubeide\plugins\com.st.stm32cube.ide.mcu.externaltools.gnu-tools-for-stm32.10.3-2021.10.win32_1.0.100.202210260954\tools\arm-none-eabi\include\string.h:50:16: note: expected 'char * restrict' but argument is of type 'volatile char *'
   50 | char  *strtok (char *__restrict, const char *__restrict);
      |                ^
../Core/Src/main.c: In function 'HAL_UART_RxCpltCallback':
../Core/Src/main.c:804:37: warning: passing argument 2 of 'enqueue' discards 'volatile' qualifier from pointer target type [-Wdiscarded-qualifiers]
  804 |             enqueue(&CommandBuffer, RxBuffer);
      |                                     ^~~~~~~~
In file included from ../Core/Inc/main.h:35,
                 from ../Core/Src/main.c:20:
../Core/Inc/circular_queue.h:20:53: note: expected 'const char *' but argument is of type 'volatile char *'
   20 | void enqueue(volatile CircularQueue* q, const char* item);
      |                                         ~~~~~~~~~~~~^~~~
arm-none-eabi-gcc "../Core/Src/syscalls.c" -mcpu=cortex-m4 -std=gnu11 -g3 -DDEBUG -DUSE_HAL_DRIVER -DSTM32F446xx -c -I../Core/Inc -I../Drivers/STM32F4xx_HAL_Driver/Inc -I../Drivers/STM32F4xx_HAL_Driver/Inc/Legacy -I../Drivers/CMSIS/Device/ST/STM32F4xx/Include -I../Drivers/CMSIS/Include -O0 -ffunction-sections -fdata-sections -Wall -fstack-usage -MMD -MP -MF"Core/Src/syscalls.d" -MT"Core/Src/syscalls.o" --specs=nano.specs -mfpu=fpv4-sp-d16 -mfloat-abi=hard -mthumb -o "Core/Src/syscalls.o"
arm-none-eabi-gcc "../Core/Src/sysmem.c" -mcpu=cortex-m4 -std=gnu11 -g3 -DDEBUG -DUSE_HAL_DRIVER -DSTM32F446xx -c -I../Core/Inc -I../Drivers/STM32F4xx_HAL_Driver/Inc -I../Drivers/STM32F4xx_HAL_Driver/Inc/Legacy -I../Drivers/CMSIS/Device/ST/STM32F4xx/Include -I../Drivers/CMSIS/Include -O0 -ffunction-sections -fdata-sections -Wall -fstack-usage -MMD -MP -MF"Core/Src/sysmem.d" -MT"Core/Src/sysmem.o" --specs=nano.specs -mfpu=fpv4-sp-d16 -mfloat-abi=hard -mthumb -o "Core/Src/sysmem.o"
arm-none-eabi-gcc "../Core/Src/system_stm32f4xx.c" -mcpu=cortex-m4 -std=gnu11 -g3 -DDEBUG -DUSE_HAL_DRIVER -DSTM32F446xx -c -I../Core/Inc -I../Drivers/STM32F4xx_HAL_Driver/Inc -I../Drivers/STM32F4xx_HAL_Driver/Inc/Legacy -I../Drivers/CMSIS/Device/ST/STM32F4xx/Include -I../Drivers/CMSIS/Include -O0 -ffunction-sections -fdata-sections -Wall -fstack-usage -MMD -MP -MF"Core/Src/system_stm32f4xx.d" -MT"Core/Src/system_stm32f4xx.o" --specs=nano.specs -mfpu=fpv4-sp-d16 -mfloat-abi=hard -mthumb -o "Core/Src/system_stm32f4xx.o"
arm-none-eabi-gcc -o "G_code_stepper_motor.elf" @"objects.list"   -mcpu=cortex-m4 -T"C:\Users\Ajith Pinninti\Documents\Neuranics_Lab)Pvt_Ltd_Office_word\Workspace\MORPHX_Firmware\G_code_stepper_motor\STM32F446RETX_FLASH.ld" --specs=nosys.specs -Wl,-Map="G_code_stepper_motor.map" -Wl,--gc-sections -static -u_printf_float --specs=nano.specs -mfpu=fpv4-sp-d16 -mfloat-abi=hard -mthumb -Wl,--start-group -lc -lm -Wl,--end-group
Finished building target: G_code_stepper_motor.elf
 
arm-none-eabi-size   G_code_stepper_motor.elf 
arm-none-eabi-objdump -h -S  G_code_stepper_motor.elf  > "G_code_stepper_motor.list"
   text	   data	    bss	    dec	    hex	filename
  45584	    588	   3540	  49712	   c230	G_code_stepper_motor.elf
Finished building: default.size.stdout
 
Finished building: G_code_stepper_motor.list
 
12:14:15 **** Incremental Build of configuration Debug for project G_code_stepper_motor ****
make -j12 all 
arm-none-eabi-size   G_code_stepper_motor.elf 
   text	   data	    bss	    dec	    hex	filename
  45584	    588	   3540	  49712	   c230	G_code_stepper_motor.elf
Finished building: default.size.stdout
 
12:22:09 **** Incremental Build of configuration Debug for project G_code_stepper_motor ****
make -j12 all 
arm-none-eabi-size   G_code_stepper_motor.elf 
   text	   data	    bss	    dec	    hex	filename
  45584	    588	   3540	  49712	   c230	G_code_stepper_motor.elf
Finished building: default.size.stdout
 
12:27:59 **** Incremental Build of configuration Debug for project G_code_stepper_motor ****
make -j12 all 
arm-none-eabi-gcc "../Core/Src/main.c" -mcpu=cortex-m4 -std=gnu11 -g3 -DDEBUG -DUSE_HAL_DRIVER -DSTM32F446xx -c -I../Core/Inc -I../Drivers/STM32F4xx_HAL_Driver/Inc -I../Drivers/STM32F4xx_HAL_Driver/Inc/Legacy -I../Drivers/CMSIS/Device/ST/STM32F4xx/Include -I../Drivers/CMSIS/Include -O0 -ffunction-sections -fdata-sections -Wall -fstack-usage -MMD -MP -MF"Core/Src/main.d" -MT"Core/Src/main.o" --specs=nano.specs -mfpu=fpv4-sp-d16 -mfloat-abi=hard -mthumb -o "Core/Src/main.o"
../Core/Src/main.c: In function 'HAL_GPIO_EXTI_Callback':
../Core/Src/main.c:616:3: warning: implicit declaration of function 'delay_ms'; did you mean 'delay_us'? [-Wimplicit-function-declaration]
  616 |   delay_ms(1);
      |   ^~~~~~~~
      |   delay_us
../Core/Src/main.c: In function 'HAL_UARTEx_RxEventCallback':
../Core/Src/main.c:743:28: warning: passing argument 1 of 'strstr' discards 'volatile' qualifier from pointer target type [-Wdiscarded-qualifiers]
  743 |   char* space_ptr = strstr(RxBuffer, "\r");
      |                            ^~~~~~~~
In file included from ../Core/Inc/main.h:37,
                 from ../Core/Src/main.c:20:
c:\st\stm32cubeide_1.10.1\stm32cubeide\plugins\com.st.stm32cube.ide.mcu.externaltools.gnu-tools-for-stm32.10.3-2021.10.win32_1.0.100.202210260954\tools\arm-none-eabi\include\string.h:48:16: note: expected 'const char *' but argument is of type 'volatile char *'
   48 | char  *strstr (const char *, const char *);
      |                ^~~~~~~~~~~~
In file included from ../Core/Src/main.c:25:
../Core/Src/main.c:749:19: warning: array subscript has type 'char' [-Wchar-subscripts]
  749 |    while (isspace(*space_ptr)) {
      |                   ^~~~~~~~~~
../Core/Src/main.c:763:18: warning: passing argument 1 of 'strtok' discards 'volatile' qualifier from pointer target type [-Wdiscarded-qualifiers]
  763 |   token = strtok(RxBuffer, "\r");
      |                  ^~~~~~~~
In file included from ../Core/Inc/main.h:37,
                 from ../Core/Src/main.c:20:
c:\st\stm32cubeide_1.10.1\stm32cubeide\plugins\com.st.stm32cube.ide.mcu.externaltools.gnu-tools-for-stm32.10.3-2021.10.win32_1.0.100.202210260954\tools\arm-none-eabi\include\string.h:50:16: note: expected 'char * restrict' but argument is of type 'volatile char *'
   50 | char  *strtok (char *__restrict, const char *__restrict);
      |                ^
../Core/Src/main.c: In function 'HAL_UART_RxCpltCallback':
../Core/Src/main.c:804:37: warning: passing argument 2 of 'enqueue' discards 'volatile' qualifier from pointer target type [-Wdiscarded-qualifiers]
  804 |             enqueue(&CommandBuffer, RxBuffer);
      |                                     ^~~~~~~~
In file included from ../Core/Inc/main.h:35,
                 from ../Core/Src/main.c:20:
../Core/Inc/circular_queue.h:20:53: note: expected 'const char *' but argument is of type 'volatile char *'
   20 | void enqueue(volatile CircularQueue* q, const char* item);
      |                                         ~~~~~~~~~~~~^~~~
arm-none-eabi-gcc -o "G_code_stepper_motor.elf" @"objects.list"   -mcpu=cortex-m4 -T"C:\Users\Ajith Pinninti\Documents\Neuranics_Lab)Pvt_Ltd_Office_word\Workspace\MORPHX_Firmware\G_code_stepper_motor\STM32F446RETX_FLASH.ld" --specs=nosys.specs -Wl,-Map="G_code_stepper_motor.map" -Wl,--gc-sections -static -u_printf_float --specs=nano.specs -mfpu=fpv4-sp-d16 -mfloat-abi=hard -mthumb -Wl,--start-group -lc -lm -Wl,--end-group
c:\st\stm32cubeide_1.10.1\stm32cubeide\plugins\com.st.stm32cube.ide.mcu.externaltools.gnu-tools-for-stm32.10.3-2021.10.win32_1.0.100.202210260954\tools\arm-none-eabi\bin\ld.exe: ./Core/Src/main.o: in function `HAL_GPIO_EXTI_Callback':
C:/Users/Ajith Pinninti/Documents/Neuranics_Lab)Pvt_Ltd_Office_word/Workspace/MORPHX_Firmware/G_code_stepper_motor/Debug/../Core/Src/main.c:616: undefined reference to `delay_ms'
collect2.exe: error: ld returned 1 exit status
make: *** [makefile:64: G_code_stepper_motor.elf] Error 1
"make -j12 all" terminated with exit code 2. Build might be incomplete.
12:28:12 **** Incremental Build of configuration Debug for project G_code_stepper_motor ****
make -j12 all 
arm-none-eabi-gcc "../Core/Src/main.c" -mcpu=cortex-m4 -std=gnu11 -g3 -DDEBUG -DUSE_HAL_DRIVER -DSTM32F446xx -c -I../Core/Inc -I../Drivers/STM32F4xx_HAL_Driver/Inc -I../Drivers/STM32F4xx_HAL_Driver/Inc/Legacy -I../Drivers/CMSIS/Device/ST/STM32F4xx/Include -I../Drivers/CMSIS/Include -O0 -ffunction-sections -fdata-sections -Wall -fstack-usage -MMD -MP -MF"Core/Src/main.d" -MT"Core/Src/main.o" --specs=nano.specs -mfpu=fpv4-sp-d16 -mfloat-abi=hard -mthumb -o "Core/Src/main.o"
../Core/Src/main.c: In function 'HAL_UARTEx_RxEventCallback':
../Core/Src/main.c:743:28: warning: passing argument 1 of 'strstr' discards 'volatile' qualifier from pointer target type [-Wdiscarded-qualifiers]
  743 |   char* space_ptr = strstr(RxBuffer, "\r");
      |                            ^~~~~~~~
In file included from ../Core/Inc/main.h:37,
                 from ../Core/Src/main.c:20:
c:\st\stm32cubeide_1.10.1\stm32cubeide\plugins\com.st.stm32cube.ide.mcu.externaltools.gnu-tools-for-stm32.10.3-2021.10.win32_1.0.100.202210260954\tools\arm-none-eabi\include\string.h:48:16: note: expected 'const char *' but argument is of type 'volatile char *'
   48 | char  *strstr (const char *, const char *);
      |                ^~~~~~~~~~~~
In file included from ../Core/Src/main.c:25:
../Core/Src/main.c:749:19: warning: array subscript has type 'char' [-Wchar-subscripts]
  749 |    while (isspace(*space_ptr)) {
      |                   ^~~~~~~~~~
../Core/Src/main.c:763:18: warning: passing argument 1 of 'strtok' discards 'volatile' qualifier from pointer target type [-Wdiscarded-qualifiers]
  763 |   token = strtok(RxBuffer, "\r");
      |                  ^~~~~~~~
In file included from ../Core/Inc/main.h:37,
                 from ../Core/Src/main.c:20:
c:\st\stm32cubeide_1.10.1\stm32cubeide\plugins\com.st.stm32cube.ide.mcu.externaltools.gnu-tools-for-stm32.10.3-2021.10.win32_1.0.100.202210260954\tools\arm-none-eabi\include\string.h:50:16: note: expected 'char * restrict' but argument is of type 'volatile char *'
   50 | char  *strtok (char *__restrict, const char *__restrict);
      |                ^
../Core/Src/main.c: In function 'HAL_UART_RxCpltCallback':
../Core/Src/main.c:804:37: warning: passing argument 2 of 'enqueue' discards 'volatile' qualifier from pointer target type [-Wdiscarded-qualifiers]
  804 |             enqueue(&CommandBuffer, RxBuffer);
      |                                     ^~~~~~~~
In file included from ../Core/Inc/main.h:35,
                 from ../Core/Src/main.c:20:
../Core/Inc/circular_queue.h:20:53: note: expected 'const char *' but argument is of type 'volatile char *'
   20 | void enqueue(volatile CircularQueue* q, const char* item);
      |                                         ~~~~~~~~~~~~^~~~
arm-none-eabi-gcc -o "G_code_stepper_motor.elf" @"objects.list"   -mcpu=cortex-m4 -T"C:\Users\Ajith Pinninti\Documents\Neuranics_Lab)Pvt_Ltd_Office_word\Workspace\MORPHX_Firmware\G_code_stepper_motor\STM32F446RETX_FLASH.ld" --specs=nosys.specs -Wl,-Map="G_code_stepper_motor.map" -Wl,--gc-sections -static -u_printf_float --specs=nano.specs -mfpu=fpv4-sp-d16 -mfloat-abi=hard -mthumb -Wl,--start-group -lc -lm -Wl,--end-group
Finished building target: G_code_stepper_motor.elf
 
arm-none-eabi-size   G_code_stepper_motor.elf 
arm-none-eabi-objdump -h -S  G_code_stepper_motor.elf  > "G_code_stepper_motor.list"
   text	   data	    bss	    dec	    hex	filename
  45648	    588	   3540	  49776	   c270	G_code_stepper_motor.elf
Finished building: default.size.stdout
 
Finished building: G_code_stepper_motor.list
 
12:28:20 **** Incremental Build of configuration Debug for project G_code_stepper_motor ****
make -j12 all 
arm-none-eabi-gcc "../Core/Src/main.c" -mcpu=cortex-m4 -std=gnu11 -g3 -DDEBUG -DUSE_HAL_DRIVER -DSTM32F446xx -c -I../Core/Inc -I../Drivers/STM32F4xx_HAL_Driver/Inc -I../Drivers/STM32F4xx_HAL_Driver/Inc/Legacy -I../Drivers/CMSIS/Device/ST/STM32F4xx/Include -I../Drivers/CMSIS/Include -O0 -ffunction-sections -fdata-sections -Wall -fstack-usage -MMD -MP -MF"Core/Src/main.d" -MT"Core/Src/main.o" --specs=nano.specs -mfpu=fpv4-sp-d16 -mfloat-abi=hard -mthumb -o "Core/Src/main.o"
../Core/Src/main.c: In function 'HAL_UARTEx_RxEventCallback':
../Core/Src/main.c:743:28: warning: passing argument 1 of 'strstr' discards 'volatile' qualifier from pointer target type [-Wdiscarded-qualifiers]
  743 |   char* space_ptr = strstr(RxBuffer, "\r");
      |                            ^~~~~~~~
In file included from ../Core/Inc/main.h:37,
                 from ../Core/Src/main.c:20:
c:\st\stm32cubeide_1.10.1\stm32cubeide\plugins\com.st.stm32cube.ide.mcu.externaltools.gnu-tools-for-stm32.10.3-2021.10.win32_1.0.100.202210260954\tools\arm-none-eabi\include\string.h:48:16: note: expected 'const char *' but argument is of type 'volatile char *'
   48 | char  *strstr (const char *, const char *);
      |                ^~~~~~~~~~~~
In file included from ../Core/Src/main.c:25:
../Core/Src/main.c:749:19: warning: array subscript has type 'char' [-Wchar-subscripts]
  749 |    while (isspace(*space_ptr)) {
      |                   ^~~~~~~~~~
../Core/Src/main.c:763:18: warning: passing argument 1 of 'strtok' discards 'volatile' qualifier from pointer target type [-Wdiscarded-qualifiers]
  763 |   token = strtok(RxBuffer, "\r");
      |                  ^~~~~~~~
In file included from ../Core/Inc/main.h:37,
                 from ../Core/Src/main.c:20:
c:\st\stm32cubeide_1.10.1\stm32cubeide\plugins\com.st.stm32cube.ide.mcu.externaltools.gnu-tools-for-stm32.10.3-2021.10.win32_1.0.100.202210260954\tools\arm-none-eabi\include\string.h:50:16: note: expected 'char * restrict' but argument is of type 'volatile char *'
   50 | char  *strtok (char *__restrict, const char *__restrict);
      |                ^
../Core/Src/main.c: In function 'HAL_UART_RxCpltCallback':
../Core/Src/main.c:804:37: warning: passing argument 2 of 'enqueue' discards 'volatile' qualifier from pointer target type [-Wdiscarded-qualifiers]
  804 |             enqueue(&CommandBuffer, RxBuffer);
      |                                     ^~~~~~~~
In file included from ../Core/Inc/main.h:35,
                 from ../Core/Src/main.c:20:
../Core/Inc/circular_queue.h:20:53: note: expected 'const char *' but argument is of type 'volatile char *'
   20 | void enqueue(volatile CircularQueue* q, const char* item);
      |                                         ~~~~~~~~~~~~^~~~
arm-none-eabi-gcc -o "G_code_stepper_motor.elf" @"objects.list"   -mcpu=cortex-m4 -T"C:\Users\Ajith Pinninti\Documents\Neuranics_Lab)Pvt_Ltd_Office_word\Workspace\MORPHX_Firmware\G_code_stepper_motor\STM32F446RETX_FLASH.ld" --specs=nosys.specs -Wl,-Map="G_code_stepper_motor.map" -Wl,--gc-sections -static -u_printf_float --specs=nano.specs -mfpu=fpv4-sp-d16 -mfloat-abi=hard -mthumb -Wl,--start-group -lc -lm -Wl,--end-group
Finished building target: G_code_stepper_motor.elf
 
arm-none-eabi-size   G_code_stepper_motor.elf 
arm-none-eabi-objdump -h -S  G_code_stepper_motor.elf  > "G_code_stepper_motor.list"
   text	   data	    bss	    dec	    hex	filename
  45576	    588	   3540	  49704	   c228	G_code_stepper_motor.elf
Finished building: default.size.stdout
 
Finished building: G_code_stepper_motor.list
 
12:28:23 **** Incremental Build of configuration Debug for project G_code_stepper_motor ****
make -j12 all 
arm-none-eabi-size   G_code_stepper_motor.elf 
   text	   data	    bss	    dec	    hex	filename
  45576	    588	   3540	  49704	   c228	G_code_stepper_motor.elf
Finished building: default.size.stdout
 
12:45:18 **** Incremental Build of configuration Debug for project G_code_stepper_motor ****
make -j12 all 
arm-none-eabi-size   G_code_stepper_motor.elf 
   text	   data	    bss	    dec	    hex	filename
  45576	    588	   3540	  49704	   c228	G_code_stepper_motor.elf
Finished building: default.size.stdout
 
12:45:25 **** Incremental Build of configuration Debug for project G_code_stepper_motor ****
make -j12 all 
arm-none-eabi-gcc "../Core/Src/main.c" -mcpu=cortex-m4 -std=gnu11 -g3 -DDEBUG -DUSE_HAL_DRIVER -DSTM32F446xx -c -I../Core/Inc -I../Drivers/STM32F4xx_HAL_Driver/Inc -I../Drivers/STM32F4xx_HAL_Driver/Inc/Legacy -I../Drivers/CMSIS/Device/ST/STM32F4xx/Include -I../Drivers/CMSIS/Include -O0 -ffunction-sections -fdata-sections -Wall -fstack-usage -MMD -MP -MF"Core/Src/main.d" -MT"Core/Src/main.o" --specs=nano.specs -mfpu=fpv4-sp-d16 -mfloat-abi=hard -mthumb -o "Core/Src/main.o"
../Core/Src/main.c: In function 'HAL_UARTEx_RxEventCallback':
../Core/Src/main.c:743:28: warning: passing argument 1 of 'strstr' discards 'volatile' qualifier from pointer target type [-Wdiscarded-qualifiers]
  743 |   char* space_ptr = strstr(RxBuffer, "\r");
      |                            ^~~~~~~~
In file included from ../Core/Inc/main.h:37,
                 from ../Core/Src/main.c:20:
c:\st\stm32cubeide_1.10.1\stm32cubeide\plugins\com.st.stm32cube.ide.mcu.externaltools.gnu-tools-for-stm32.10.3-2021.10.win32_1.0.100.202210260954\tools\arm-none-eabi\include\string.h:48:16: note: expected 'const char *' but argument is of type 'volatile char *'
   48 | char  *strstr (const char *, const char *);
      |                ^~~~~~~~~~~~
In file included from ../Core/Src/main.c:25:
../Core/Src/main.c:749:19: warning: array subscript has type 'char' [-Wchar-subscripts]
  749 |    while (isspace(*space_ptr)) {
      |                   ^~~~~~~~~~
../Core/Src/main.c:763:18: warning: passing argument 1 of 'strtok' discards 'volatile' qualifier from pointer target type [-Wdiscarded-qualifiers]
  763 |   token = strtok(RxBuffer, "\r");
      |                  ^~~~~~~~
In file included from ../Core/Inc/main.h:37,
                 from ../Core/Src/main.c:20:
c:\st\stm32cubeide_1.10.1\stm32cubeide\plugins\com.st.stm32cube.ide.mcu.externaltools.gnu-tools-for-stm32.10.3-2021.10.win32_1.0.100.202210260954\tools\arm-none-eabi\include\string.h:50:16: note: expected 'char * restrict' but argument is of type 'volatile char *'
   50 | char  *strtok (char *__restrict, const char *__restrict);
      |                ^
../Core/Src/main.c: In function 'HAL_UART_RxCpltCallback':
../Core/Src/main.c:804:37: warning: passing argument 2 of 'enqueue' discards 'volatile' qualifier from pointer target type [-Wdiscarded-qualifiers]
  804 |             enqueue(&CommandBuffer, RxBuffer);
      |                                     ^~~~~~~~
In file included from ../Core/Inc/main.h:35,
                 from ../Core/Src/main.c:20:
../Core/Inc/circular_queue.h:20:53: note: expected 'const char *' but argument is of type 'volatile char *'
   20 | void enqueue(volatile CircularQueue* q, const char* item);
      |                                         ~~~~~~~~~~~~^~~~
arm-none-eabi-gcc -o "G_code_stepper_motor.elf" @"objects.list"   -mcpu=cortex-m4 -T"C:\Users\Ajith Pinninti\Documents\Neuranics_Lab)Pvt_Ltd_Office_word\Workspace\MORPHX_Firmware\G_code_stepper_motor\STM32F446RETX_FLASH.ld" --specs=nosys.specs -Wl,-Map="G_code_stepper_motor.map" -Wl,--gc-sections -static -u_printf_float --specs=nano.specs -mfpu=fpv4-sp-d16 -mfloat-abi=hard -mthumb -Wl,--start-group -lc -lm -Wl,--end-group
Finished building target: G_code_stepper_motor.elf
 
arm-none-eabi-size   G_code_stepper_motor.elf 
arm-none-eabi-objdump -h -S  G_code_stepper_motor.elf  > "G_code_stepper_motor.list"
   text	   data	    bss	    dec	    hex	filename
  45576	    588	   3540	  49704	   c228	G_code_stepper_motor.elf
Finished building: default.size.stdout
 
Finished building: G_code_stepper_motor.list
 
12:54:28 **** Incremental Build of configuration Debug for project G_code_stepper_motor ****
make -j12 all 
arm-none-eabi-gcc "../Core/Src/main.c" -mcpu=cortex-m4 -std=gnu11 -g3 -DDEBUG -DUSE_HAL_DRIVER -DSTM32F446xx -c -I../Core/Inc -I../Drivers/STM32F4xx_HAL_Driver/Inc -I../Drivers/STM32F4xx_HAL_Driver/Inc/Legacy -I../Drivers/CMSIS/Device/ST/STM32F4xx/Include -I../Drivers/CMSIS/Include -O0 -ffunction-sections -fdata-sections -Wall -fstack-usage -MMD -MP -MF"Core/Src/main.d" -MT"Core/Src/main.o" --specs=nano.specs -mfpu=fpv4-sp-d16 -mfloat-abi=hard -mthumb -o "Core/Src/main.o"
../Core/Src/main.c: In function 'HAL_UARTEx_RxEventCallback':
../Core/Src/main.c:741:28: warning: passing argument 1 of 'strstr' discards 'volatile' qualifier from pointer target type [-Wdiscarded-qualifiers]
  741 |   char* space_ptr = strstr(RxBuffer, "\r");
      |                            ^~~~~~~~
In file included from ../Core/Inc/main.h:37,
                 from ../Core/Src/main.c:20:
c:\st\stm32cubeide_1.10.1\stm32cubeide\plugins\com.st.stm32cube.ide.mcu.externaltools.gnu-tools-for-stm32.10.3-2021.10.win32_1.0.100.202210260954\tools\arm-none-eabi\include\string.h:48:16: note: expected 'const char *' but argument is of type 'volatile char *'
   48 | char  *strstr (const char *, const char *);
      |                ^~~~~~~~~~~~
In file included from ../Core/Src/main.c:25:
../Core/Src/main.c:747:19: warning: array subscript has type 'char' [-Wchar-subscripts]
  747 |    while (isspace(*space_ptr)) {
      |                   ^~~~~~~~~~
../Core/Src/main.c:761:18: warning: passing argument 1 of 'strtok' discards 'volatile' qualifier from pointer target type [-Wdiscarded-qualifiers]
  761 |   token = strtok(RxBuffer, "\r");
      |                  ^~~~~~~~
In file included from ../Core/Inc/main.h:37,
                 from ../Core/Src/main.c:20:
c:\st\stm32cubeide_1.10.1\stm32cubeide\plugins\com.st.stm32cube.ide.mcu.externaltools.gnu-tools-for-stm32.10.3-2021.10.win32_1.0.100.202210260954\tools\arm-none-eabi\include\string.h:50:16: note: expected 'char * restrict' but argument is of type 'volatile char *'
   50 | char  *strtok (char *__restrict, const char *__restrict);
      |                ^
../Core/Src/main.c: In function 'HAL_UART_RxCpltCallback':
../Core/Src/main.c:802:37: warning: passing argument 2 of 'enqueue' discards 'volatile' qualifier from pointer target type [-Wdiscarded-qualifiers]
  802 |             enqueue(&CommandBuffer, RxBuffer);
      |                                     ^~~~~~~~
In file included from ../Core/Inc/main.h:35,
                 from ../Core/Src/main.c:20:
../Core/Inc/circular_queue.h:20:53: note: expected 'const char *' but argument is of type 'volatile char *'
   20 | void enqueue(volatile CircularQueue* q, const char* item);
      |                                         ~~~~~~~~~~~~^~~~
arm-none-eabi-gcc -o "G_code_stepper_motor.elf" @"objects.list"   -mcpu=cortex-m4 -T"C:\Users\Ajith Pinninti\Documents\Neuranics_Lab)Pvt_Ltd_Office_word\Workspace\MORPHX_Firmware\G_code_stepper_motor\STM32F446RETX_FLASH.ld" --specs=nosys.specs -Wl,-Map="G_code_stepper_motor.map" -Wl,--gc-sections -static -u_printf_float --specs=nano.specs -mfpu=fpv4-sp-d16 -mfloat-abi=hard -mthumb -Wl,--start-group -lc -lm -Wl,--end-group
Finished building target: G_code_stepper_motor.elf
 
arm-none-eabi-size   G_code_stepper_motor.elf 
arm-none-eabi-objdump -h -S  G_code_stepper_motor.elf  > "G_code_stepper_motor.list"
   text	   data	    bss	    dec	    hex	filename
  45576	    588	   3540	  49704	   c228	G_code_stepper_motor.elf
Finished building: default.size.stdout
 
Finished building: G_code_stepper_motor.list
 
13:12:53 **** Incremental Build of configuration Debug for project G_code_stepper_motor ****
make -j12 all 
arm-none-eabi-gcc "../Core/Src/GCode_helper.c" -mcpu=cortex-m4 -std=gnu11 -g3 -DDEBUG -DUSE_HAL_DRIVER -DSTM32F446xx -c -I../Core/Inc -I../Drivers/STM32F4xx_HAL_Driver/Inc -I../Drivers/STM32F4xx_HAL_Driver/Inc/Legacy -I../Drivers/CMSIS/Device/ST/STM32F4xx/Include -I../Drivers/CMSIS/Include -O0 -ffunction-sections -fdata-sections -Wall -fstack-usage -MMD -MP -MF"Core/Src/GCode_helper.d" -MT"Core/Src/GCode_helper.o" --specs=nano.specs -mfpu=fpv4-sp-d16 -mfloat-abi=hard -mthumb -o "Core/Src/GCode_helper.o"
arm-none-eabi-gcc "../Core/Src/LedDriver.c" -mcpu=cortex-m4 -std=gnu11 -g3 -DDEBUG -DUSE_HAL_DRIVER -DSTM32F446xx -c -I../Core/Inc -I../Drivers/STM32F4xx_HAL_Driver/Inc -I../Drivers/STM32F4xx_HAL_Driver/Inc/Legacy -I../Drivers/CMSIS/Device/ST/STM32F4xx/Include -I../Drivers/CMSIS/Include -O0 -ffunction-sections -fdata-sections -Wall -fstack-usage -MMD -MP -MF"Core/Src/LedDriver.d" -MT"Core/Src/LedDriver.o" --specs=nano.specs -mfpu=fpv4-sp-d16 -mfloat-abi=hard -mthumb -o "Core/Src/LedDriver.o"
arm-none-eabi-gcc "../Core/Src/UART_helper.c" -mcpu=cortex-m4 -std=gnu11 -g3 -DDEBUG -DUSE_HAL_DRIVER -DSTM32F446xx -c -I../Core/Inc -I../Drivers/STM32F4xx_HAL_Driver/Inc -I../Drivers/STM32F4xx_HAL_Driver/Inc/Legacy -I../Drivers/CMSIS/Device/ST/STM32F4xx/Include -I../Drivers/CMSIS/Include -O0 -ffunction-sections -fdata-sections -Wall -fstack-usage -MMD -MP -MF"Core/Src/UART_helper.d" -MT"Core/Src/UART_helper.o" --specs=nano.specs -mfpu=fpv4-sp-d16 -mfloat-abi=hard -mthumb -o "Core/Src/UART_helper.o"
arm-none-eabi-gcc "../Core/Src/circular_queue.c" -mcpu=cortex-m4 -std=gnu11 -g3 -DDEBUG -DUSE_HAL_DRIVER -DSTM32F446xx -c -I../Core/Inc -I../Drivers/STM32F4xx_HAL_Driver/Inc -I../Drivers/STM32F4xx_HAL_Driver/Inc/Legacy -I../Drivers/CMSIS/Device/ST/STM32F4xx/Include -I../Drivers/CMSIS/Include -O0 -ffunction-sections -fdata-sections -Wall -fstack-usage -MMD -MP -MF"Core/Src/circular_queue.d" -MT"Core/Src/circular_queue.o" --specs=nano.specs -mfpu=fpv4-sp-d16 -mfloat-abi=hard -mthumb -o "Core/Src/circular_queue.o"
arm-none-eabi-gcc "../Core/Src/main.c" -mcpu=cortex-m4 -std=gnu11 -g3 -DDEBUG -DUSE_HAL_DRIVER -DSTM32F446xx -c -I../Core/Inc -I../Drivers/STM32F4xx_HAL_Driver/Inc -I../Drivers/STM32F4xx_HAL_Driver/Inc/Legacy -I../Drivers/CMSIS/Device/ST/STM32F4xx/Include -I../Drivers/CMSIS/Include -O0 -ffunction-sections -fdata-sections -Wall -fstack-usage -MMD -MP -MF"Core/Src/main.d" -MT"Core/Src/main.o" --specs=nano.specs -mfpu=fpv4-sp-d16 -mfloat-abi=hard -mthumb -o "Core/Src/main.o"
arm-none-eabi-gcc "../Core/Src/stepper.c" -mcpu=cortex-m4 -std=gnu11 -g3 -DDEBUG -DUSE_HAL_DRIVER -DSTM32F446xx -c -I../Core/Inc -I../Drivers/STM32F4xx_HAL_Driver/Inc -I../Drivers/STM32F4xx_HAL_Driver/Inc/Legacy -I../Drivers/CMSIS/Device/ST/STM32F4xx/Include -I../Drivers/CMSIS/Include -O0 -ffunction-sections -fdata-sections -Wall -fstack-usage -MMD -MP -MF"Core/Src/stepper.d" -MT"Core/Src/stepper.o" --specs=nano.specs -mfpu=fpv4-sp-d16 -mfloat-abi=hard -mthumb -o "Core/Src/stepper.o"
arm-none-eabi-gcc "../Core/Src/stm32f4xx_hal_msp.c" -mcpu=cortex-m4 -std=gnu11 -g3 -DDEBUG -DUSE_HAL_DRIVER -DSTM32F446xx -c -I../Core/Inc -I../Drivers/STM32F4xx_HAL_Driver/Inc -I../Drivers/STM32F4xx_HAL_Driver/Inc/Legacy -I../Drivers/CMSIS/Device/ST/STM32F4xx/Include -I../Drivers/CMSIS/Include -O0 -ffunction-sections -fdata-sections -Wall -fstack-usage -MMD -MP -MF"Core/Src/stm32f4xx_hal_msp.d" -MT"Core/Src/stm32f4xx_hal_msp.o" --specs=nano.specs -mfpu=fpv4-sp-d16 -mfloat-abi=hard -mthumb -o "Core/Src/stm32f4xx_hal_msp.o"
arm-none-eabi-gcc "../Core/Src/stm32f4xx_it.c" -mcpu=cortex-m4 -std=gnu11 -g3 -DDEBUG -DUSE_HAL_DRIVER -DSTM32F446xx -c -I../Core/Inc -I../Drivers/STM32F4xx_HAL_Driver/Inc -I../Drivers/STM32F4xx_HAL_Driver/Inc/Legacy -I../Drivers/CMSIS/Device/ST/STM32F4xx/Include -I../Drivers/CMSIS/Include -O0 -ffunction-sections -fdata-sections -Wall -fstack-usage -MMD -MP -MF"Core/Src/stm32f4xx_it.d" -MT"Core/Src/stm32f4xx_it.o" --specs=nano.specs -mfpu=fpv4-sp-d16 -mfloat-abi=hard -mthumb -o "Core/Src/stm32f4xx_it.o"
../Core/Src/circular_queue.c: In function 'enqueue':
../Core/Src/circular_queue.c:31:20: warning: passing argument 1 of 'strcpy' discards 'volatile' qualifier from pointer target type [-Wdiscarded-qualifiers]
   31 |     strcpy(q->items[q->rear], item);
      |            ~~~~~~~~^~~~~~~~~
In file included from ../Core/Src/circular_queue.c:3:
c:\st\stm32cubeide_1.10.1\stm32cubeide\plugins\com.st.stm32cube.ide.mcu.externaltools.gnu-tools-for-stm32.10.3-2021.10.win32_1.0.100.202210260954\tools\arm-none-eabi\include\string.h:38:16: note: expected 'char * restrict' but argument is of type 'volatile char *'
   38 | char  *strcpy (char *__restrict, const char *__restrict);
      |                ^
../Core/Src/circular_queue.c: In function 'dequeue':
../Core/Src/circular_queue.c:39:8: warning: assignment discards 'volatile' qualifier from pointer target type [-Wdiscarded-qualifiers]
   39 |   item = q->items[q->front];
      |        ^
../Core/Src/GCode_helper.c: In function 'is_instant_command':
../Core/Src/GCode_helper.c:17:1: warning: control reaches end of non-void function [-Wreturn-type]
   17 | }
      | ^
../Core/Src/UART_helper.c: In function 'UART_Command':
../Core/Src/UART_helper.c:120:11: warning: passing argument 1 of 'memset' discards 'volatile' qualifier from pointer target type [-Wdiscarded-qualifiers]
  120 |    memset(RxBuffer,0,sizeof(RxBuffer));
      |           ^~~~~~~~
In file included from ../Core/Inc/main.h:37,
                 from ../Core/Inc/stepper.h:13,
                 from ../Core/Inc/UART_helper.h:13,
                 from ../Core/Src/UART_helper.c:8:
c:\st\stm32cubeide_1.10.1\stm32cubeide\plugins\com.st.stm32cube.ide.mcu.externaltools.gnu-tools-for-stm32.10.3-2021.10.win32_1.0.100.202210260954\tools\arm-none-eabi\include\string.h:33:17: note: expected 'void *' but argument is of type 'volatile char *'
   33 | void *  memset (void *, int, size_t);
      |                 ^~~~~~
../Core/Src/main.c: In function 'HAL_UARTEx_RxEventCallback':
../Core/Src/main.c:738:28: warning: passing argument 1 of 'strstr' discards 'volatile' qualifier from pointer target type [-Wdiscarded-qualifiers]
  738 |   char* space_ptr = strstr(RxBuffer, "\r");
      |                            ^~~~~~~~
In file included from ../Core/Inc/main.h:37,
                 from ../Core/Src/main.c:20:
c:\st\stm32cubeide_1.10.1\stm32cubeide\plugins\com.st.stm32cube.ide.mcu.externaltools.gnu-tools-for-stm32.10.3-2021.10.win32_1.0.100.202210260954\tools\arm-none-eabi\include\string.h:48:16: note: expected 'const char *' but argument is of type 'volatile char *'
   48 | char  *strstr (const char *, const char *);
      |                ^~~~~~~~~~~~
In file included from ../Core/Src/main.c:25:
../Core/Src/main.c:744:19: warning: array subscript has type 'char' [-Wchar-subscripts]
  744 |    while (isspace(*space_ptr)) {
      |                   ^~~~~~~~~~
../Core/Src/main.c:759:18: warning: passing argument 1 of 'strtok' discards 'volatile' qualifier from pointer target type [-Wdiscarded-qualifiers]
  759 |   token = strtok(RxBuffer, "\r");
      |                  ^~~~~~~~
In file included from ../Core/Inc/main.h:37,
                 from ../Core/Src/main.c:20:
c:\st\stm32cubeide_1.10.1\stm32cubeide\plugins\com.st.stm32cube.ide.mcu.externaltools.gnu-tools-for-stm32.10.3-2021.10.win32_1.0.100.202210260954\tools\arm-none-eabi\include\string.h:50:16: note: expected 'char * restrict' but argument is of type 'volatile char *'
   50 | char  *strtok (char *__restrict, const char *__restrict);
      |                ^
../Core/Src/UART_helper.c:130:11: warning: passing argument 1 of 'memset' discards 'volatile' qualifier from pointer target type [-Wdiscarded-qualifiers]
  130 |    memset(RxBuffer,0,sizeof(RxBuffer));
      |           ^~~~~~~~
In file included from ../Core/Inc/main.h:37,
                 from ../Core/Inc/stepper.h:13,
                 from ../Core/Inc/UART_helper.h:13,
                 from ../Core/Src/UART_helper.c:8:
c:\st\stm32cubeide_1.10.1\stm32cubeide\plugins\com.st.stm32cube.ide.mcu.externaltools.gnu-tools-for-stm32.10.3-2021.10.win32_1.0.100.202210260954\tools\arm-none-eabi\include\string.h:33:17: note: expected 'void *' but argument is of type 'volatile char *'
   33 | void *  memset (void *, int, size_t);
      |                 ^~~~~~
../Core/Src/UART_helper.c:136:11: warning: passing argument 1 of 'memset' discards 'volatile' qualifier from pointer target type [-Wdiscarded-qualifiers]
  136 |    memset(RxBuffer,0,sizeof(RxBuffer));
      |           ^~~~~~~~
In file included from ../Core/Inc/main.h:37,
                 from ../Core/Inc/stepper.h:13,
                 from ../Core/Inc/UART_helper.h:13,
                 from ../Core/Src/UART_helper.c:8:
c:\st\stm32cubeide_1.10.1\stm32cubeide\plugins\com.st.stm32cube.ide.mcu.externaltools.gnu-tools-for-stm32.10.3-2021.10.win32_1.0.100.202210260954\tools\arm-none-eabi\include\string.h:33:17: note: expected 'void *' but argument is of type 'volatile char *'
   33 | void *  memset (void *, int, size_t);
      |                 ^~~~~~
../Core/Src/main.c:770:7: warning: implicit declaration of function 'is_instant_command' [-Wimplicit-function-declaration]
  770 |    if(is_instant_command(tokens[i])){
      |       ^~~~~~~~~~~~~~~~~~
../Core/Src/main.c: In function 'HAL_UART_RxCpltCallback':
../Core/Src/main.c:804:37: warning: passing argument 2 of 'enqueue' discards 'volatile' qualifier from pointer target type [-Wdiscarded-qualifiers]
  804 |             enqueue(&CommandBuffer, RxBuffer);
      |                                     ^~~~~~~~
In file included from ../Core/Inc/main.h:35,
                 from ../Core/Src/main.c:20:
../Core/Inc/circular_queue.h:20:53: note: expected 'const char *' but argument is of type 'volatile char *'
   20 | void enqueue(volatile CircularQueue* q, const char* item);
      |                                         ~~~~~~~~~~~~^~~~
arm-none-eabi-gcc -o "G_code_stepper_motor.elf" @"objects.list"   -mcpu=cortex-m4 -T"C:\Users\Ajith Pinninti\Documents\Neuranics_Lab)Pvt_Ltd_Office_word\Workspace\MORPHX_Firmware\G_code_stepper_motor\STM32F446RETX_FLASH.ld" --specs=nosys.specs -Wl,-Map="G_code_stepper_motor.map" -Wl,--gc-sections -static -u_printf_float --specs=nano.specs -mfpu=fpv4-sp-d16 -mfloat-abi=hard -mthumb -Wl,--start-group -lc -lm -Wl,--end-group
Finished building target: G_code_stepper_motor.elf
 
arm-none-eabi-size   G_code_stepper_motor.elf 
arm-none-eabi-objdump -h -S  G_code_stepper_motor.elf  > "G_code_stepper_motor.list"
   text	   data	    bss	    dec	    hex	filename
  45632	    588	   3540	  49760	   c260	G_code_stepper_motor.elf
Finished building: default.size.stdout
 
Finished building: G_code_stepper_motor.list
 
13:29:15 **** Incremental Build of configuration Debug for project G_code_stepper_motor ****
make -j12 all 
arm-none-eabi-gcc "../Core/Src/GCode_helper.c" -mcpu=cortex-m4 -std=gnu11 -g3 -DDEBUG -DUSE_HAL_DRIVER -DSTM32F446xx -c -I../Core/Inc -I../Drivers/STM32F4xx_HAL_Driver/Inc -I../Drivers/STM32F4xx_HAL_Driver/Inc/Legacy -I../Drivers/CMSIS/Device/ST/STM32F4xx/Include -I../Drivers/CMSIS/Include -O0 -ffunction-sections -fdata-sections -Wall -fstack-usage -MMD -MP -MF"Core/Src/GCode_helper.d" -MT"Core/Src/GCode_helper.o" --specs=nano.specs -mfpu=fpv4-sp-d16 -mfloat-abi=hard -mthumb -o "Core/Src/GCode_helper.o"
arm-none-eabi-gcc "../Core/Src/LedDriver.c" -mcpu=cortex-m4 -std=gnu11 -g3 -DDEBUG -DUSE_HAL_DRIVER -DSTM32F446xx -c -I../Core/Inc -I../Drivers/STM32F4xx_HAL_Driver/Inc -I../Drivers/STM32F4xx_HAL_Driver/Inc/Legacy -I../Drivers/CMSIS/Device/ST/STM32F4xx/Include -I../Drivers/CMSIS/Include -O0 -ffunction-sections -fdata-sections -Wall -fstack-usage -MMD -MP -MF"Core/Src/LedDriver.d" -MT"Core/Src/LedDriver.o" --specs=nano.specs -mfpu=fpv4-sp-d16 -mfloat-abi=hard -mthumb -o "Core/Src/LedDriver.o"
arm-none-eabi-gcc "../Core/Src/UART_helper.c" -mcpu=cortex-m4 -std=gnu11 -g3 -DDEBUG -DUSE_HAL_DRIVER -DSTM32F446xx -c -I../Core/Inc -I../Drivers/STM32F4xx_HAL_Driver/Inc -I../Drivers/STM32F4xx_HAL_Driver/Inc/Legacy -I../Drivers/CMSIS/Device/ST/STM32F4xx/Include -I../Drivers/CMSIS/Include -O0 -ffunction-sections -fdata-sections -Wall -fstack-usage -MMD -MP -MF"Core/Src/UART_helper.d" -MT"Core/Src/UART_helper.o" --specs=nano.specs -mfpu=fpv4-sp-d16 -mfloat-abi=hard -mthumb -o "Core/Src/UART_helper.o"
arm-none-eabi-gcc "../Core/Src/circular_queue.c" -mcpu=cortex-m4 -std=gnu11 -g3 -DDEBUG -DUSE_HAL_DRIVER -DSTM32F446xx -c -I../Core/Inc -I../Drivers/STM32F4xx_HAL_Driver/Inc -I../Drivers/STM32F4xx_HAL_Driver/Inc/Legacy -I../Drivers/CMSIS/Device/ST/STM32F4xx/Include -I../Drivers/CMSIS/Include -O0 -ffunction-sections -fdata-sections -Wall -fstack-usage -MMD -MP -MF"Core/Src/circular_queue.d" -MT"Core/Src/circular_queue.o" --specs=nano.specs -mfpu=fpv4-sp-d16 -mfloat-abi=hard -mthumb -o "Core/Src/circular_queue.o"
arm-none-eabi-gcc "../Core/Src/main.c" -mcpu=cortex-m4 -std=gnu11 -g3 -DDEBUG -DUSE_HAL_DRIVER -DSTM32F446xx -c -I../Core/Inc -I../Drivers/STM32F4xx_HAL_Driver/Inc -I../Drivers/STM32F4xx_HAL_Driver/Inc/Legacy -I../Drivers/CMSIS/Device/ST/STM32F4xx/Include -I../Drivers/CMSIS/Include -O0 -ffunction-sections -fdata-sections -Wall -fstack-usage -MMD -MP -MF"Core/Src/main.d" -MT"Core/Src/main.o" --specs=nano.specs -mfpu=fpv4-sp-d16 -mfloat-abi=hard -mthumb -o "Core/Src/main.o"
arm-none-eabi-gcc "../Core/Src/stepper.c" -mcpu=cortex-m4 -std=gnu11 -g3 -DDEBUG -DUSE_HAL_DRIVER -DSTM32F446xx -c -I../Core/Inc -I../Drivers/STM32F4xx_HAL_Driver/Inc -I../Drivers/STM32F4xx_HAL_Driver/Inc/Legacy -I../Drivers/CMSIS/Device/ST/STM32F4xx/Include -I../Drivers/CMSIS/Include -O0 -ffunction-sections -fdata-sections -Wall -fstack-usage -MMD -MP -MF"Core/Src/stepper.d" -MT"Core/Src/stepper.o" --specs=nano.specs -mfpu=fpv4-sp-d16 -mfloat-abi=hard -mthumb -o "Core/Src/stepper.o"
arm-none-eabi-gcc "../Core/Src/stm32f4xx_hal_msp.c" -mcpu=cortex-m4 -std=gnu11 -g3 -DDEBUG -DUSE_HAL_DRIVER -DSTM32F446xx -c -I../Core/Inc -I../Drivers/STM32F4xx_HAL_Driver/Inc -I../Drivers/STM32F4xx_HAL_Driver/Inc/Legacy -I../Drivers/CMSIS/Device/ST/STM32F4xx/Include -I../Drivers/CMSIS/Include -O0 -ffunction-sections -fdata-sections -Wall -fstack-usage -MMD -MP -MF"Core/Src/stm32f4xx_hal_msp.d" -MT"Core/Src/stm32f4xx_hal_msp.o" --specs=nano.specs -mfpu=fpv4-sp-d16 -mfloat-abi=hard -mthumb -o "Core/Src/stm32f4xx_hal_msp.o"
arm-none-eabi-gcc "../Core/Src/stm32f4xx_it.c" -mcpu=cortex-m4 -std=gnu11 -g3 -DDEBUG -DUSE_HAL_DRIVER -DSTM32F446xx -c -I../Core/Inc -I../Drivers/STM32F4xx_HAL_Driver/Inc -I../Drivers/STM32F4xx_HAL_Driver/Inc/Legacy -I../Drivers/CMSIS/Device/ST/STM32F4xx/Include -I../Drivers/CMSIS/Include -O0 -ffunction-sections -fdata-sections -Wall -fstack-usage -MMD -MP -MF"Core/Src/stm32f4xx_it.d" -MT"Core/Src/stm32f4xx_it.o" --specs=nano.specs -mfpu=fpv4-sp-d16 -mfloat-abi=hard -mthumb -o "Core/Src/stm32f4xx_it.o"
../Core/Src/circular_queue.c: In function 'enqueue':
../Core/Src/circular_queue.c:31:20: warning: passing argument 1 of 'strcpy' discards 'volatile' qualifier from pointer target type [-Wdiscarded-qualifiers]
   31 |     strcpy(q->items[q->rear], item);
      |            ~~~~~~~~^~~~~~~~~
In file included from ../Core/Src/circular_queue.c:3:
c:\st\stm32cubeide_1.10.1\stm32cubeide\plugins\com.st.stm32cube.ide.mcu.externaltools.gnu-tools-for-stm32.10.3-2021.10.win32_1.0.100.202210260954\tools\arm-none-eabi\include\string.h:38:16: note: expected 'char * restrict' but argument is of type 'volatile char *'
   38 | char  *strcpy (char *__restrict, const char *__restrict);
      |                ^
../Core/Src/circular_queue.c: In function 'dequeue':
../Core/Src/circular_queue.c:39:8: warning: assignment discards 'volatile' qualifier from pointer target type [-Wdiscarded-qualifiers]
   39 |   item = q->items[q->front];
      |        ^
In file included from ../Core/Inc/main.h:34,
                 from ../Core/Inc/stepper.h:13,
                 from ../Core/Inc/GCode_helper.h:14,
                 from ../Core/Src/GCode_helper.c:8:
../Core/Inc/main_config.h:23:2: error: conflicting types for 'GPIO_PinState'
   23 | }GPIO_PinState;
      |  ^~~~~~~~~~~~~
In file included from ../Core/Inc/stm32f4xx_hal_conf.h:278,
                 from ../Drivers/STM32F4xx_HAL_Driver/Inc/stm32f4xx_hal.h:29,
                 from ../Core/Inc/main.h:30,
                 from ../Core/Inc/stepper.h:13,
                 from ../Core/Inc/GCode_helper.h:14,
                 from ../Core/Src/GCode_helper.c:8:
../Drivers/STM32F4xx_HAL_Driver/Inc/stm32f4xx_hal_gpio.h:71:2: note: previous declaration of 'GPIO_PinState' was here
   71 | }GPIO_PinState;
      |  ^~~~~~~~~~~~~
In file included from ../Core/Inc/main.h:34,
                 from ../Core/Src/LedDriver.c:7:
../Core/Inc/main_config.h:23:2: error: conflicting types for 'GPIO_PinState'
   23 | }GPIO_PinState;
      |  ^~~~~~~~~~~~~
In file included from ../Core/Inc/stm32f4xx_hal_conf.h:278,
                 from ../Drivers/STM32F4xx_HAL_Driver/Inc/stm32f4xx_hal.h:29,
                 from ../Core/Inc/main.h:30,
                 from ../Core/Src/LedDriver.c:7:
../Drivers/STM32F4xx_HAL_Driver/Inc/stm32f4xx_hal_gpio.h:71:2: note: previous declaration of 'GPIO_PinState' was here
   71 | }GPIO_PinState;
      |  ^~~~~~~~~~~~~
In file included from ../Core/Inc/main.h:34,
                 from ../Core/Inc/stepper.h:13,
                 from ../Core/Inc/UART_helper.h:13,
                 from ../Core/Src/UART_helper.c:8:
../Core/Inc/main_config.h:23:2: error: conflicting types for 'GPIO_PinState'
   23 | }GPIO_PinState;
      |  ^~~~~~~~~~~~~
In file included from ../Core/Inc/stm32f4xx_hal_conf.h:278,
                 from ../Drivers/STM32F4xx_HAL_Driver/Inc/stm32f4xx_hal.h:29,
                 from ../Core/Inc/main.h:30,
                 from ../Core/Inc/stepper.h:13,
                 from ../Core/Inc/UART_helper.h:13,
                 from ../Core/Src/UART_helper.c:8:
../Drivers/STM32F4xx_HAL_Driver/Inc/stm32f4xx_hal_gpio.h:71:2: note: previous declaration of 'GPIO_PinState' was here
   71 | }GPIO_PinState;
      |  ^~~~~~~~~~~~~
../Core/Src/GCode_helper.c: In function 'send_json_data':
../Core/Src/GCode_helper.c:146:96: error: 'Status_buff' has no member named 'Status'
  146 |     sprintf(json_string, "{\"Status\":%lu,\"MOTPOS\":%d,\"ENCVAL\":%d,\"busy\":%d}\r\n", status->Status, data->busy);
      |                                                                                                ^~
In file included from ../Core/Inc/main.h:34,
                 from ../Core/Src/main.c:20:
../Core/Inc/main_config.h:23:2: error: conflicting types for 'GPIO_PinState'
   23 | }GPIO_PinState;
      |  ^~~~~~~~~~~~~
In file included from ../Core/Inc/stm32f4xx_hal_conf.h:278,
                 from ../Drivers/STM32F4xx_HAL_Driver/Inc/stm32f4xx_hal.h:29,
                 from ../Core/Inc/main.h:30,
                 from ../Core/Src/main.c:20:
../Drivers/STM32F4xx_HAL_Driver/Inc/stm32f4xx_hal_gpio.h:71:2: note: previous declaration of 'GPIO_PinState' was here
   71 | }GPIO_PinState;
      |  ^~~~~~~~~~~~~
../Core/Src/GCode_helper.c:146:106: error: 'data' undeclared (first use in this function)
  146 |     sprintf(json_string, "{\"Status\":%lu,\"MOTPOS\":%d,\"ENCVAL\":%d,\"busy\":%d}\r\n", status->Status, data->busy);
      |                                                                                                          ^~~~
../Core/Src/GCode_helper.c:146:106: note: each undeclared identifier is reported only once for each function it appears in
../Core/Src/GCode_helper.c:149:24: error: 'huart1' undeclared (first use in this function); did you mean 'huart2'?
  149 |     HAL_UART_Transmit(&huart1, (uint8_t*)json_string, strlen(json_string), HAL_MAX_DELAY);
      |                        ^~~~~~
      |                        huart2
../Core/Src/GCode_helper.c: In function 'is_instant_command':
../Core/Src/GCode_helper.c:24:1: warning: control reaches end of non-void function [-Wreturn-type]
   24 | }
      | ^
In file included from ../Core/Inc/main.h:34,
                 from ../Core/Inc/stepper.h:13,
                 from ../Core/Src/stepper.c:8:
../Core/Inc/main_config.h:23:2: error: conflicting types for 'GPIO_PinState'
   23 | }GPIO_PinState;
      |  ^~~~~~~~~~~~~
In file included from ../Core/Inc/stm32f4xx_hal_conf.h:278,
                 from ../Drivers/STM32F4xx_HAL_Driver/Inc/stm32f4xx_hal.h:29,
                 from ../Core/Inc/main.h:30,
                 from ../Core/Inc/stepper.h:13,
                 from ../Core/Src/stepper.c:8:
../Drivers/STM32F4xx_HAL_Driver/Inc/stm32f4xx_hal_gpio.h:71:2: note: previous declaration of 'GPIO_PinState' was here
   71 | }GPIO_PinState;
      |  ^~~~~~~~~~~~~
../Core/Src/UART_helper.c: In function 'UART_Command':
../Core/Src/UART_helper.c:120:11: warning: passing argument 1 of 'memset' discards 'volatile' qualifier from pointer target type [-Wdiscarded-qualifiers]
  120 |    memset(RxBuffer,0,sizeof(RxBuffer));
      |           ^~~~~~~~
In file included from ../Core/Inc/main.h:37,
                 from ../Core/Inc/stepper.h:13,
                 from ../Core/Inc/UART_helper.h:13,
                 from ../Core/Src/UART_helper.c:8:
c:\st\stm32cubeide_1.10.1\stm32cubeide\plugins\com.st.stm32cube.ide.mcu.externaltools.gnu-tools-for-stm32.10.3-2021.10.win32_1.0.100.202210260954\tools\arm-none-eabi\include\string.h:33:17: note: expected 'void *' but argument is of type 'volatile char *'
   33 | void *  memset (void *, int, size_t);
      |                 ^~~~~~
In file included from ../Core/Inc/main.h:34,
                 from ../Core/Src/stm32f4xx_hal_msp.c:22:
../Core/Inc/main_config.h:23:2: error: conflicting types for 'GPIO_PinState'
   23 | }GPIO_PinState;
      |  ^~~~~~~~~~~~~
In file included from ../Core/Inc/stm32f4xx_hal_conf.h:278,
                 from ../Drivers/STM32F4xx_HAL_Driver/Inc/stm32f4xx_hal.h:29,
                 from ../Core/Inc/main.h:30,
                 from ../Core/Src/stm32f4xx_hal_msp.c:22:
../Drivers/STM32F4xx_HAL_Driver/Inc/stm32f4xx_hal_gpio.h:71:2: note: previous declaration of 'GPIO_PinState' was here
   71 | }GPIO_PinState;
      |  ^~~~~~~~~~~~~
../Core/Src/UART_helper.c:130:11: warning: passing argument 1 of 'memset' discards 'volatile' qualifier from pointer target type [-Wdiscarded-qualifiers]
  130 |    memset(RxBuffer,0,sizeof(RxBuffer));
      |           ^~~~~~~~
In file included from ../Core/Inc/main.h:37,
                 from ../Core/Inc/stepper.h:13,
                 from ../Core/Inc/UART_helper.h:13,
                 from ../Core/Src/UART_helper.c:8:
c:\st\stm32cubeide_1.10.1\stm32cubeide\plugins\com.st.stm32cube.ide.mcu.externaltools.gnu-tools-for-stm32.10.3-2021.10.win32_1.0.100.202210260954\tools\arm-none-eabi\include\string.h:33:17: note: expected 'void *' but argument is of type 'volatile char *'
   33 | void *  memset (void *, int, size_t);
      |                 ^~~~~~
make: *** [Core/Src/subdir.mk:49: Core/Src/LedDriver.o] Error 1
make: *** Waiting for unfinished jobs....
../Core/Src/UART_helper.c:136:11: warning: passing argument 1 of 'memset' discards 'volatile' qualifier from pointer target type [-Wdiscarded-qualifiers]
  136 |    memset(RxBuffer,0,sizeof(RxBuffer));
      |           ^~~~~~~~
In file included from ../Core/Inc/main.h:37,
                 from ../Core/Inc/stepper.h:13,
                 from ../Core/Inc/UART_helper.h:13,
                 from ../Core/Src/UART_helper.c:8:
c:\st\stm32cubeide_1.10.1\stm32cubeide\plugins\com.st.stm32cube.ide.mcu.externaltools.gnu-tools-for-stm32.10.3-2021.10.win32_1.0.100.202210260954\tools\arm-none-eabi\include\string.h:33:17: note: expected 'void *' but argument is of type 'volatile char *'
   33 | void *  memset (void *, int, size_t);
      |                 ^~~~~~
make: *** [Core/Src/subdir.mk:49: Core/Src/GCode_helper.o] Error 1
../Core/Src/main.c: In function 'HAL_UARTEx_RxEventCallback':
../Core/Src/main.c:738:28: warning: passing argument 1 of 'strstr' discards 'volatile' qualifier from pointer target type [-Wdiscarded-qualifiers]
  738 |   char* space_ptr = strstr(RxBuffer, "\r");
      |                            ^~~~~~~~
In file included from ../Core/Inc/main.h:37,
                 from ../Core/Src/main.c:20:
c:\st\stm32cubeide_1.10.1\stm32cubeide\plugins\com.st.stm32cube.ide.mcu.externaltools.gnu-tools-for-stm32.10.3-2021.10.win32_1.0.100.202210260954\tools\arm-none-eabi\include\string.h:48:16: note: expected 'const char *' but argument is of type 'volatile char *'
   48 | char  *strstr (const char *, const char *);
      |                ^~~~~~~~~~~~
In file included from ../Core/Src/main.c:25:
../Core/Src/main.c:744:19: warning: array subscript has type 'char' [-Wchar-subscripts]
  744 |    while (isspace(*space_ptr)) {
      |                   ^~~~~~~~~~
../Core/Src/main.c:759:18: warning: passing argument 1 of 'strtok' discards 'volatile' qualifier from pointer target type [-Wdiscarded-qualifiers]
  759 |   token = strtok(RxBuffer, "\r");
      |                  ^~~~~~~~
In file included from ../Core/Inc/main.h:37,
                 from ../Core/Src/main.c:20:
c:\st\stm32cubeide_1.10.1\stm32cubeide\plugins\com.st.stm32cube.ide.mcu.externaltools.gnu-tools-for-stm32.10.3-2021.10.win32_1.0.100.202210260954\tools\arm-none-eabi\include\string.h:50:16: note: expected 'char * restrict' but argument is of type 'volatile char *'
   50 | char  *strtok (char *__restrict, const char *__restrict);
      |                ^
In file included from ../Core/Inc/main.h:34,
                 from ../Core/Src/stm32f4xx_it.c:21:
../Core/Inc/main_config.h:23:2: error: conflicting types for 'GPIO_PinState'
   23 | }GPIO_PinState;
      |  ^~~~~~~~~~~~~
In file included from ../Core/Inc/stm32f4xx_hal_conf.h:278,
                 from ../Drivers/STM32F4xx_HAL_Driver/Inc/stm32f4xx_hal.h:29,
                 from ../Core/Inc/main.h:30,
                 from ../Core/Src/stm32f4xx_it.c:21:
../Drivers/STM32F4xx_HAL_Driver/Inc/stm32f4xx_hal_gpio.h:71:2: note: previous declaration of 'GPIO_PinState' was here
   71 | }GPIO_PinState;
      |  ^~~~~~~~~~~~~
make: *** [Core/Src/subdir.mk:49: Core/Src/UART_helper.o] Error 1
make: *** [Core/Src/subdir.mk:49: Core/Src/stm32f4xx_hal_msp.o] Error 1
make: *** [Core/Src/subdir.mk:49: Core/Src/stepper.o] Error 1
../Core/Src/main.c:770:7: warning: implicit declaration of function 'is_instant_command' [-Wimplicit-function-declaration]
  770 |    if(is_instant_command(tokens[i])){
      |       ^~~~~~~~~~~~~~~~~~
../Core/Src/main.c: In function 'HAL_UART_RxCpltCallback':
../Core/Src/main.c:804:37: warning: passing argument 2 of 'enqueue' discards 'volatile' qualifier from pointer target type [-Wdiscarded-qualifiers]
  804 |             enqueue(&CommandBuffer, RxBuffer);
      |                                     ^~~~~~~~
In file included from ../Core/Inc/main.h:35,
                 from ../Core/Src/main.c:20:
../Core/Inc/circular_queue.h:20:53: note: expected 'const char *' but argument is of type 'volatile char *'
   20 | void enqueue(volatile CircularQueue* q, const char* item);
      |                                         ~~~~~~~~~~~~^~~~
make: *** [Core/Src/subdir.mk:49: Core/Src/stm32f4xx_it.o] Error 1
make: *** [Core/Src/subdir.mk:49: Core/Src/main.o] Error 1
"make -j12 all" terminated with exit code 2. Build might be incomplete.
13:29:37 **** Incremental Build of configuration Debug for project G_code_stepper_motor ****
make -j12 all 
arm-none-eabi-gcc "../Core/Src/GCode_helper.c" -mcpu=cortex-m4 -std=gnu11 -g3 -DDEBUG -DUSE_HAL_DRIVER -DSTM32F446xx -c -I../Core/Inc -I../Drivers/STM32F4xx_HAL_Driver/Inc -I../Drivers/STM32F4xx_HAL_Driver/Inc/Legacy -I../Drivers/CMSIS/Device/ST/STM32F4xx/Include -I../Drivers/CMSIS/Include -O0 -ffunction-sections -fdata-sections -Wall -fstack-usage -MMD -MP -MF"Core/Src/GCode_helper.d" -MT"Core/Src/GCode_helper.o" --specs=nano.specs -mfpu=fpv4-sp-d16 -mfloat-abi=hard -mthumb -o "Core/Src/GCode_helper.o"
arm-none-eabi-gcc "../Core/Src/LedDriver.c" -mcpu=cortex-m4 -std=gnu11 -g3 -DDEBUG -DUSE_HAL_DRIVER -DSTM32F446xx -c -I../Core/Inc -I../Drivers/STM32F4xx_HAL_Driver/Inc -I../Drivers/STM32F4xx_HAL_Driver/Inc/Legacy -I../Drivers/CMSIS/Device/ST/STM32F4xx/Include -I../Drivers/CMSIS/Include -O0 -ffunction-sections -fdata-sections -Wall -fstack-usage -MMD -MP -MF"Core/Src/LedDriver.d" -MT"Core/Src/LedDriver.o" --specs=nano.specs -mfpu=fpv4-sp-d16 -mfloat-abi=hard -mthumb -o "Core/Src/LedDriver.o"
arm-none-eabi-gcc "../Core/Src/UART_helper.c" -mcpu=cortex-m4 -std=gnu11 -g3 -DDEBUG -DUSE_HAL_DRIVER -DSTM32F446xx -c -I../Core/Inc -I../Drivers/STM32F4xx_HAL_Driver/Inc -I../Drivers/STM32F4xx_HAL_Driver/Inc/Legacy -I../Drivers/CMSIS/Device/ST/STM32F4xx/Include -I../Drivers/CMSIS/Include -O0 -ffunction-sections -fdata-sections -Wall -fstack-usage -MMD -MP -MF"Core/Src/UART_helper.d" -MT"Core/Src/UART_helper.o" --specs=nano.specs -mfpu=fpv4-sp-d16 -mfloat-abi=hard -mthumb -o "Core/Src/UART_helper.o"
arm-none-eabi-gcc "../Core/Src/circular_queue.c" -mcpu=cortex-m4 -std=gnu11 -g3 -DDEBUG -DUSE_HAL_DRIVER -DSTM32F446xx -c -I../Core/Inc -I../Drivers/STM32F4xx_HAL_Driver/Inc -I../Drivers/STM32F4xx_HAL_Driver/Inc/Legacy -I../Drivers/CMSIS/Device/ST/STM32F4xx/Include -I../Drivers/CMSIS/Include -O0 -ffunction-sections -fdata-sections -Wall -fstack-usage -MMD -MP -MF"Core/Src/circular_queue.d" -MT"Core/Src/circular_queue.o" --specs=nano.specs -mfpu=fpv4-sp-d16 -mfloat-abi=hard -mthumb -o "Core/Src/circular_queue.o"
arm-none-eabi-gcc "../Core/Src/main.c" -mcpu=cortex-m4 -std=gnu11 -g3 -DDEBUG -DUSE_HAL_DRIVER -DSTM32F446xx -c -I../Core/Inc -I../Drivers/STM32F4xx_HAL_Driver/Inc -I../Drivers/STM32F4xx_HAL_Driver/Inc/Legacy -I../Drivers/CMSIS/Device/ST/STM32F4xx/Include -I../Drivers/CMSIS/Include -O0 -ffunction-sections -fdata-sections -Wall -fstack-usage -MMD -MP -MF"Core/Src/main.d" -MT"Core/Src/main.o" --specs=nano.specs -mfpu=fpv4-sp-d16 -mfloat-abi=hard -mthumb -o "Core/Src/main.o"
arm-none-eabi-gcc "../Core/Src/stepper.c" -mcpu=cortex-m4 -std=gnu11 -g3 -DDEBUG -DUSE_HAL_DRIVER -DSTM32F446xx -c -I../Core/Inc -I../Drivers/STM32F4xx_HAL_Driver/Inc -I../Drivers/STM32F4xx_HAL_Driver/Inc/Legacy -I../Drivers/CMSIS/Device/ST/STM32F4xx/Include -I../Drivers/CMSIS/Include -O0 -ffunction-sections -fdata-sections -Wall -fstack-usage -MMD -MP -MF"Core/Src/stepper.d" -MT"Core/Src/stepper.o" --specs=nano.specs -mfpu=fpv4-sp-d16 -mfloat-abi=hard -mthumb -o "Core/Src/stepper.o"
arm-none-eabi-gcc "../Core/Src/stm32f4xx_hal_msp.c" -mcpu=cortex-m4 -std=gnu11 -g3 -DDEBUG -DUSE_HAL_DRIVER -DSTM32F446xx -c -I../Core/Inc -I../Drivers/STM32F4xx_HAL_Driver/Inc -I../Drivers/STM32F4xx_HAL_Driver/Inc/Legacy -I../Drivers/CMSIS/Device/ST/STM32F4xx/Include -I../Drivers/CMSIS/Include -O0 -ffunction-sections -fdata-sections -Wall -fstack-usage -MMD -MP -MF"Core/Src/stm32f4xx_hal_msp.d" -MT"Core/Src/stm32f4xx_hal_msp.o" --specs=nano.specs -mfpu=fpv4-sp-d16 -mfloat-abi=hard -mthumb -o "Core/Src/stm32f4xx_hal_msp.o"
arm-none-eabi-gcc "../Core/Src/stm32f4xx_it.c" -mcpu=cortex-m4 -std=gnu11 -g3 -DDEBUG -DUSE_HAL_DRIVER -DSTM32F446xx -c -I../Core/Inc -I../Drivers/STM32F4xx_HAL_Driver/Inc -I../Drivers/STM32F4xx_HAL_Driver/Inc/Legacy -I../Drivers/CMSIS/Device/ST/STM32F4xx/Include -I../Drivers/CMSIS/Include -O0 -ffunction-sections -fdata-sections -Wall -fstack-usage -MMD -MP -MF"Core/Src/stm32f4xx_it.d" -MT"Core/Src/stm32f4xx_it.o" --specs=nano.specs -mfpu=fpv4-sp-d16 -mfloat-abi=hard -mthumb -o "Core/Src/stm32f4xx_it.o"
../Core/Src/circular_queue.c: In function 'enqueue':
../Core/Src/circular_queue.c:31:20: warning: passing argument 1 of 'strcpy' discards 'volatile' qualifier from pointer target type [-Wdiscarded-qualifiers]
   31 |     strcpy(q->items[q->rear], item);
      |            ~~~~~~~~^~~~~~~~~
In file included from ../Core/Src/circular_queue.c:3:
c:\st\stm32cubeide_1.10.1\stm32cubeide\plugins\com.st.stm32cube.ide.mcu.externaltools.gnu-tools-for-stm32.10.3-2021.10.win32_1.0.100.202210260954\tools\arm-none-eabi\include\string.h:38:16: note: expected 'char * restrict' but argument is of type 'volatile char *'
   38 | char  *strcpy (char *__restrict, const char *__restrict);
      |                ^
../Core/Src/circular_queue.c: In function 'dequeue':
../Core/Src/circular_queue.c:39:8: warning: assignment discards 'volatile' qualifier from pointer target type [-Wdiscarded-qualifiers]
   39 |   item = q->items[q->front];
      |        ^
../Core/Src/GCode_helper.c: In function 'send_json_data':
../Core/Src/GCode_helper.c:146:96: error: 'Status_buff' has no member named 'Status'
  146 |     sprintf(json_string, "{\"Status\":%lu,\"MOTPOS\":%d,\"ENCVAL\":%d,\"busy\":%d}\r\n", status->Status, data->busy);
[...]
      |        ^~~~~~~~~~~
../Core/Src/GCode_helper.c:10:13: error: conflicting types for 'status'
   10 | Status_buff status =  {0};
      |             ^~~~~~
In file included from ../Core/Src/GCode_helper.c:8:
../Core/Inc/GCode_helper.h:18:20: note: previous declaration of 'status' was here
   18 | extern Status_buff status;
      |                    ^~~~~~
../Core/Src/GCode_helper.c: In function 'send_json_data':
../Core/Src/GCode_helper.c:142:98: error: 'Status_buff' has no member named 'Status'; did you mean 'status'?
  142 |     sprintf(json_string, "{\"Status\":%lu,\"MOTPOS\":%d,\"ENCVAL\":%d,\"busy\":%d}\r\n", status->Status, status->busy);
      |                                                                                                  ^~~~~~
      |                                                                                                  status
../Core/Src/GCode_helper.c:142:112: error: 'Status_buff' has no member named 'busy'
  142 |     sprintf(json_string, "{\"Status\":%lu,\"MOTPOS\":%d,\"ENCVAL\":%d,\"busy\":%d}\r\n", status->Status, status->busy);
      |                                                                                                                ^~
In file included from ../Core/Inc/main.h:41,
                 from ../Core/Src/LedDriver.c:7:
../Core/Inc/GCode_helper.h:18:8: error: unknown type name 'Status_buff'
   18 | extern Status_buff status;
      |        ^~~~~~~~~~~
make: *** [Core/Src/subdir.mk:49: Core/Src/GCode_helper.o] Error 1
make: *** Waiting for unfinished jobs....
In file included from ../Core/Inc/main.h:41,
                 from ../Core/Inc/stepper.h:13,
                 from ../Core/Inc/UART_helper.h:13,
                 from ../Core/Src/UART_helper.c:8:
../Core/Inc/GCode_helper.h:18:8: error: unknown type name 'Status_buff'
   18 | extern Status_buff status;
      |        ^~~~~~~~~~~
../Core/Src/UART_helper.c: In function 'UART_Command':
../Core/Src/UART_helper.c:120:11: warning: passing argument 1 of 'memset' discards 'volatile' qualifier from pointer target type [-Wdiscarded-qualifiers]
  120 |    memset(RxBuffer,0,sizeof(RxBuffer));
      |           ^~~~~~~~
In file included from ../Core/Inc/main.h:37,
                 from ../Core/Inc/stepper.h:13,
                 from ../Core/Inc/UART_helper.h:13,
                 from ../Core/Src/UART_helper.c:8:
c:\st\stm32cubeide_1.10.1\stm32cubeide\plugins\com.st.stm32cube.ide.mcu.externaltools.gnu-tools-for-stm32.10.3-2021.10.win32_1.0.100.202210260954\tools\arm-none-eabi\include\string.h:33:17: note: expected 'void *' but argument is of type 'volatile char *'
   33 | void *  memset (void *, int, size_t);
      |                 ^~~~~~
../Core/Src/UART_helper.c:130:11: warning: passing argument 1 of 'memset' discards 'volatile' qualifier from pointer target type [-Wdiscarded-qualifiers]
  130 |    memset(RxBuffer,0,sizeof(RxBuffer));
      |           ^~~~~~~~
In file included from ../Core/Inc/main.h:37,
                 from ../Core/Inc/stepper.h:13,
                 from ../Core/Inc/UART_helper.h:13,
                 from ../Core/Src/UART_helper.c:8:
c:\st\stm32cubeide_1.10.1\stm32cubeide\plugins\com.st.stm32cube.ide.mcu.externaltools.gnu-tools-for-stm32.10.3-2021.10.win32_1.0.100.202210260954\tools\arm-none-eabi\include\string.h:33:17: note: expected 'void *' but argument is of type 'volatile char *'
   33 | void *  memset (void *, int, size_t);
      |                 ^~~~~~
../Core/Src/UART_helper.c:136:11: warning: passing argument 1 of 'memset' discards 'volatile' qualifier from pointer target type [-Wdiscarded-qualifiers]
  136 |    memset(RxBuffer,0,sizeof(RxBuffer));
      |           ^~~~~~~~
In file included from ../Core/Inc/main.h:37,
                 from ../Core/Inc/stepper.h:13,
                 from ../Core/Inc/UART_helper.h:13,
                 from ../Core/Src/UART_helper.c:8:
c:\st\stm32cubeide_1.10.1\stm32cubeide\plugins\com.st.stm32cube.ide.mcu.externaltools.gnu-tools-for-stm32.10.3-2021.10.win32_1.0.100.202210260954\tools\arm-none-eabi\include\string.h:33:17: note: expected 'void *' but argument is of type 'volatile char *'
   33 | void *  memset (void *, int, size_t);
      |                 ^~~~~~
make: *** [Core/Src/subdir.mk:49: Core/Src/LedDriver.o] Error 1
In file included from ../Core/Inc/main.h:41,
                 from ../Core/Src/main.c:20:
../Core/Inc/GCode_helper.h:18:8: error: unknown type name 'Status_buff'
   18 | extern Status_buff status;
      |        ^~~~~~~~~~~
../Core/Src/main.c: In function 'main':
../Core/Src/main.c:235:9: error: invalid type argument of '->' (have 'int')
  235 |   status->busy =
      |         ^~
../Core/Src/main.c: In function 'HAL_UARTEx_RxEventCallback':
../Core/Src/main.c:739:28: warning: passing argument 1 of 'strstr' discards 'volatile' qualifier from pointer target type [-Wdiscarded-qualifiers]
  739 |   char* space_ptr = strstr(RxBuffer, "\r");
      |                            ^~~~~~~~
In file included from ../Core/Inc/main.h:37,
                 from ../Core/Src/main.c:20:
c:\st\stm32cubeide_1.10.1\stm32cubeide\plugins\com.st.stm32cube.ide.mcu.externaltools.gnu-tools-for-stm32.10.3-2021.10.win32_1.0.100.202210260954\tools\arm-none-eabi\include\string.h:48:16: note: expected 'const char *' but argument is of type 'volatile char *'
   48 | char  *strstr (const char *, const char *);
      |                ^~~~~~~~~~~~
In file included from ../Core/Src/main.c:25:
../Core/Src/main.c:745:19: warning: array subscript has type 'char' [-Wchar-subscripts]
  745 |    while (isspace(*space_ptr)) {
      |                   ^~~~~~~~~~
../Core/Src/main.c:760:18: warning: passing argument 1 of 'strtok' discards 'volatile' qualifier from pointer target type [-Wdiscarded-qualifiers]
  760 |   token = strtok(RxBuffer, "\r");
      |                  ^~~~~~~~
In file included from ../Core/Inc/main.h:37,
                 from ../Core/Src/main.c:20:
c:\st\stm32cubeide_1.10.1\stm32cubeide\plugins\com.st.stm32cube.ide.mcu.externaltools.gnu-tools-for-stm32.10.3-2021.10.win32_1.0.100.202210260954\tools\arm-none-eabi\include\string.h:50:16: note: expected 'char * restrict' but argument is of type 'volatile char *'
   50 | char  *strtok (char *__restrict, const char *__restrict);
      |                ^
make: *** [Core/Src/subdir.mk:49: Core/Src/UART_helper.o] Error 1
In file included from ../Core/Inc/main.h:41,
                 from ../Core/Inc/stepper.h:13,
                 from ../Core/Src/stepper.c:8:
../Core/Inc/GCode_helper.h:18:8: error: unknown type name 'Status_buff'
   18 | extern Status_buff status;
      |        ^~~~~~~~~~~
In file included from ../Core/Inc/main.h:41,
                 from ../Core/Src/stm32f4xx_it.c:21:
../Core/Inc/GCode_helper.h:18:8: error: unknown type name 'Status_buff'
   18 | extern Status_buff status;
      |        ^~~~~~~~~~~
In file included from ../Core/Inc/main.h:41,
                 from ../Core/Src/stm32f4xx_hal_msp.c:22:
../Core/Inc/GCode_helper.h:18:8: error: unknown type name 'Status_buff'
   18 | extern Status_buff status;
      |        ^~~~~~~~~~~
make: *** [Core/Src/subdir.mk:49: Core/Src/stepper.o] Error 1
make: *** [Core/Src/subdir.mk:49: Core/Src/stm32f4xx_it.o] Error 1
make: *** [Core/Src/subdir.mk:49: Core/Src/stm32f4xx_hal_msp.o] Error 1
../Core/Src/main.c:771:7: warning: implicit declaration of function 'is_instant_command' [-Wimplicit-function-declaration]
  771 |    if(is_instant_command(tokens[i])){
      |       ^~~~~~~~~~~~~~~~~~
../Core/Src/main.c: In function 'HAL_UART_RxCpltCallback':
../Core/Src/main.c:805:37: warning: passing argument 2 of 'enqueue' discards 'volatile' qualifier from pointer target type [-Wdiscarded-qualifiers]
  805 |             enqueue(&CommandBuffer, RxBuffer);
      |                                     ^~~~~~~~
In file included from ../Core/Inc/main.h:35,
                 from ../Core/Src/main.c:20:
../Core/Inc/circular_queue.h:20:53: note: expected 'const char *' but argument is of type 'volatile char *'
   20 | void enqueue(volatile CircularQueue* q, const char* item);
      |                                         ~~~~~~~~~~~~^~~~
make: *** [Core/Src/subdir.mk:49: Core/Src/main.o] Error 1
"make -j12 all" terminated with exit code 2. Build might be incomplete.
13:58:58 **** Incremental Build of configuration Debug for project G_code_stepper_motor ****
make -j12 all 
arm-none-eabi-gcc "../Core/Src/GCode_helper.c" -mcpu=cortex-m4 -std=gnu11 -g3 -DDEBUG -DUSE_HAL_DRIVER -DSTM32F446xx -c -I../Core/Inc -I../Drivers/STM32F4xx_HAL_Driver/Inc -I../Drivers/STM32F4xx_HAL_Driver/Inc/Legacy -I../Drivers/CMSIS/Device/ST/STM32F4xx/Include -I../Drivers/CMSIS/Include -O0 -ffunction-sections -fdata-sections -Wall -fstack-usage -MMD -MP -MF"Core/Src/GCode_helper.d" -MT"Core/Src/GCode_helper.o" --specs=nano.specs -mfpu=fpv4-sp-d16 -mfloat-abi=hard -mthumb -o "Core/Src/GCode_helper.o"
arm-none-eabi-gcc "../Core/Src/LedDriver.c" -mcpu=cortex-m4 -std=gnu11 -g3 -DDEBUG -DUSE_HAL_DRIVER -DSTM32F446xx -c -I../Core/Inc -I../Drivers/STM32F4xx_HAL_Driver/Inc -I../Drivers/STM32F4xx_HAL_Driver/Inc/Legacy -I../Drivers/CMSIS/Device/ST/STM32F4xx/Include -I../Drivers/CMSIS/Include -O0 -ffunction-sections -fdata-sections -Wall -fstack-usage -MMD -MP -MF"Core/Src/LedDriver.d" -MT"Core/Src/LedDriver.o" --specs=nano.specs -mfpu=fpv4-sp-d16 -mfloat-abi=hard -mthumb -o "Core/Src/LedDriver.o"
arm-none-eabi-gcc "../Core/Src/UART_helper.c" -mcpu=cortex-m4 -std=gnu11 -g3 -DDEBUG -DUSE_HAL_DRIVER -DSTM32F446xx -c -I../Core/Inc -I../Drivers/STM32F4xx_HAL_Driver/Inc -I../Drivers/STM32F4xx_HAL_Driver/Inc/Legacy -I../Drivers/CMSIS/Device/ST/STM32F4xx/Include -I../Drivers/CMSIS/Include -O0 -ffunction-sections -fdata-sections -Wall -fstack-usage -MMD -MP -MF"Core/Src/UART_helper.d" -MT"Core/Src/UART_helper.o" --specs=nano.specs -mfpu=fpv4-sp-d16 -mfloat-abi=hard -mthumb -o "Core/Src/UART_helper.o"
arm-none-eabi-gcc "../Core/Src/main.c" -mcpu=cortex-m4 -std=gnu11 -g3 -DDEBUG -DUSE_HAL_DRIVER -DSTM32F446xx -c -I../Core/Inc -I../Drivers/STM32F4xx_HAL_Driver/Inc -I../Drivers/STM32F4xx_HAL_Driver/Inc/Legacy -I../Drivers/CMSIS/Device/ST/STM32F4xx/Include -I../Drivers/CMSIS/Include -O0 -ffunction-sections -fdata-sections -Wall -fstack-usage -MMD -MP -MF"Core/Src/main.d" -MT"Core/Src/main.o" --specs=nano.specs -mfpu=fpv4-sp-d16 -mfloat-abi=hard -mthumb -o "Core/Src/main.o"
arm-none-eabi-gcc "../Core/Src/stepper.c" -mcpu=cortex-m4 -std=gnu11 -g3 -DDEBUG -DUSE_HAL_DRIVER -DSTM32F446xx -c -I../Core/Inc -I../Drivers/STM32F4xx_HAL_Driver/Inc -I../Drivers/STM32F4xx_HAL_Driver/Inc/Legacy -I../Drivers/CMSIS/Device/ST/STM32F4xx/Include -I../Drivers/CMSIS/Include -O0 -ffunction-sections -fdata-sections -Wall -fstack-usage -MMD -MP -MF"Core/Src/stepper.d" -MT"Core/Src/stepper.o" --specs=nano.specs -mfpu=fpv4-sp-d16 -mfloat-abi=hard -mthumb -o "Core/Src/stepper.o"
arm-none-eabi-gcc "../Core/Src/stm32f4xx_hal_msp.c" -mcpu=cortex-m4 -std=gnu11 -g3 -DDEBUG -DUSE_HAL_DRIVER -DSTM32F446xx -c -I../Core/Inc -I../Drivers/STM32F4xx_HAL_Driver/Inc -I../Drivers/STM32F4xx_HAL_Driver/Inc/Legacy -I../Drivers/CMSIS/Device/ST/STM32F4xx/Include -I../Drivers/CMSIS/Include -O0 -ffunction-sections -fdata-sections -Wall -fstack-usage -MMD -MP -MF"Core/Src/stm32f4xx_hal_msp.d" -MT"Core/Src/stm32f4xx_hal_msp.o" --specs=nano.specs -mfpu=fpv4-sp-d16 -mfloat-abi=hard -mthumb -o "Core/Src/stm32f4xx_hal_msp.o"
arm-none-eabi-gcc "../Core/Src/stm32f4xx_it.c" -mcpu=cortex-m4 -std=gnu11 -g3 -DDEBUG -DUSE_HAL_DRIVER -DSTM32F446xx -c -I../Core/Inc -I../Drivers/STM32F4xx_HAL_Driver/Inc -I../Drivers/STM32F4xx_HAL_Driver/Inc/Legacy -I../Drivers/CMSIS/Device/ST/STM32F4xx/Include -I../Drivers/CMSIS/Include -O0 -ffunction-sections -fdata-sections -Wall -fstack-usage -MMD -MP -MF"Core/Src/stm32f4xx_it.d" -MT"Core/Src/stm32f4xx_it.o" --specs=nano.specs -mfpu=fpv4-sp-d16 -mfloat-abi=hard -mthumb -o "Core/Src/stm32f4xx_it.o"
In file included from ../Core/Src/GCode_helper.c:8:
../Core/Inc/GCode_helper.h:18:8: error: unknown type name 'Status_buff'
   18 | extern Status_buff status;
      |        ^~~~~~~~~~~
In file included from ../Core/Inc/main.h:41,
                 from ../Core/Inc/stepper.h:13,
                 from ../Core/Inc/UART_helper.h:13,
                 from ../Core/Src/UART_helper.c:8:
../Core/Inc/GCode_helper.h:18:8: error: unknown type name 'Status_buff'
   18 | extern Status_buff status;
      |        ^~~~~~~~~~~
../Core/Src/GCode_helper.c: In function 'send_json_data':
../Core/Src/GCode_helper.c:142:98: error: 'Status_buff' has no member named 'Status'; did you mean 'status'?
  142 |     sprintf(json_string, "{\"Status\":%lu,\"MOTPOS\":%d,\"ENCVAL\":%d,\"busy\":%d}\r\n", status->Status, status->busy);
      |                                                                                                  ^~~~~~
      |                                                                                                  status
../Core/Src/GCode_helper.c:142:112: error: 'Status_buff' has no member named 'busy'
  142 |     sprintf(json_string, "{\"Status\":%lu,\"MOTPOS\":%d,\"ENCVAL\":%d,\"busy\":%d}\r\n", status->Status, status->busy);
      |                                                                                                                ^~
../Core/Src/UART_helper.c: In function 'UART_Command':
../Core/Src/UART_helper.c:120:11: warning: passing argument 1 of 'memset' discards 'volatile' qualifier from pointer target type [-Wdiscarded-qualifiers]
  120 |    memset(RxBuffer,0,sizeof(RxBuffer));
      |           ^~~~~~~~
In file included from ../Core/Inc/main.h:37,
                 from ../Core/Inc/stepper.h:13,
                 from ../Core/Inc/UART_helper.h:13,
                 from ../Core/Src/UART_helper.c:8:
c:\st\stm32cubeide_1.10.1\stm32cubeide\plugins\com.st.stm32cube.ide.mcu.externaltools.gnu-tools-for-stm32.10.3-2021.10.win32_1.0.100.202210260954\tools\arm-none-eabi\include\string.h:33:17: note: expected 'void *' but argument is of type 'volatile char *'
   33 | void *  memset (void *, int, size_t);
      |                 ^~~~~~
../Core/Src/UART_helper.c:130:11: warning: passing argument 1 of 'memset' discards 'volatile' qualifier from pointer target type [-Wdiscarded-qualifiers]
  130 |    memset(RxBuffer,0,sizeof(RxBuffer));
      |           ^~~~~~~~
In file included from ../Core/Inc/main.h:37,
                 from ../Core/Inc/stepper.h:13,
                 from ../Core/Inc/UART_helper.h:13,
                 from ../Core/Src/UART_helper.c:8:
c:\st\stm32cubeide_1.10.1\stm32cubeide\plugins\com.st.stm32cube.ide.mcu.externaltools.gnu-tools-for-stm32.10.3-2021.10.win32_1.0.100.202210260954\tools\arm-none-eabi\include\string.h:33:17: note: expected 'void *' but argument is of type 'volatile char *'
   33 | void *  memset (void *, int, size_t);
      |                 ^~~~~~
../Core/Src/UART_helper.c:136:11: warning: passing argument 1 of 'memset' discards 'volatile' qualifier from pointer target type [-Wdiscarded-qualifiers]
  136 |    memset(RxBuffer,0,sizeof(RxBuffer));
      |           ^~~~~~~~
In file included from ../Core/Inc/main.h:37,
                 from ../Core/Inc/stepper.h:13,
                 from ../Core/Inc/UART_helper.h:13,
                 from ../Core/Src/UART_helper.c:8:
c:\st\stm32cubeide_1.10.1\stm32cubeide\plugins\com.st.stm32cube.ide.mcu.externaltools.gnu-tools-for-stm32.10.3-2021.10.win32_1.0.100.202210260954\tools\arm-none-eabi\include\string.h:33:17: note: expected 'void *' but argument is of type 'volatile char *'
   33 | void *  memset (void *, int, size_t);
      |                 ^~~~~~
In file included from ../Core/Inc/main.h:41,
                 from ../Core/Src/LedDriver.c:7:
../Core/Inc/GCode_helper.h:18:8: error: unknown type name 'Status_buff'
   18 | extern Status_buff status;
      |        ^~~~~~~~~~~
make: *** [Core/Src/subdir.mk:49: Core/Src/GCode_helper.o] Error 1
make: *** Waiting for unfinished jobs....
In file included from ../Core/Inc/main.h:41,
                 from ../Core/Src/stm32f4xx_hal_msp.c:22:
../Core/Inc/GCode_helper.h:18:8: error: unknown type name 'Status_buff'
   18 | extern Status_buff status;
      |        ^~~~~~~~~~~
make: *** [Core/Src/subdir.mk:49: Core/Src/UART_helper.o] Error 1
In file included from ../Core/Inc/main.h:41,
                 from ../Core/Src/main.c:20:
../Core/Inc/GCode_helper.h:18:8: error: unknown type name 'Status_buff'
   18 | extern Status_buff status;
      |        ^~~~~~~~~~~
make: *** [Core/Src/subdir.mk:49: Core/Src/LedDriver.o] Error 1
../Core/Src/main.c: In function 'main':
../Core/Src/main.c:235:9: error: invalid type argument of '->' (have 'int')
  235 |   status->busy =
      |         ^~
../Core/Src/main.c: In function 'HAL_UARTEx_RxEventCallback':
../Core/Src/main.c:739:28: warning: passing argument 1 of 'strstr' discards 'volatile' qualifier from pointer target type [-Wdiscarded-qualifiers]
  739 |   char* space_ptr = strstr(RxBuffer, "\r");
      |                            ^~~~~~~~
In file included from ../Core/Inc/main.h:37,
                 from ../Core/Src/main.c:20:
c:\st\stm32cubeide_1.10.1\stm32cubeide\plugins\com.st.stm32cube.ide.mcu.externaltools.gnu-tools-for-stm32.10.3-2021.10.win32_1.0.100.202210260954\tools\arm-none-eabi\include\string.h:48:16: note: expected 'const char *' but argument is of type 'volatile char *'
   48 | char  *strstr (const char *, const char *);
      |                ^~~~~~~~~~~~
In file included from ../Core/Inc/main.h:41,
                 from ../Core/Inc/stepper.h:13,
                 from ../Core/Src/stepper.c:8:
../Core/Inc/GCode_helper.h:18:8: error: unknown type name 'Status_buff'
   18 | extern Status_buff status;
      |        ^~~~~~~~~~~
In file included from ../Core/Src/main.c:25:
../Core/Src/main.c:745:19: warning: array subscript has type 'char' [-Wchar-subscripts]
  745 |    while (isspace(*space_ptr)) {
      |                   ^~~~~~~~~~
../Core/Src/main.c:760:18: warning: passing argument 1 of 'strtok' discards 'volatile' qualifier from pointer target type [-Wdiscarded-qualifiers]
  760 |   token = strtok(RxBuffer, "\r");
      |                  ^~~~~~~~
In file included from ../Core/Inc/main.h:37,
                 from ../Core/Src/main.c:20:
c:\st\stm32cubeide_1.10.1\stm32cubeide\plugins\com.st.stm32cube.ide.mcu.externaltools.gnu-tools-for-stm32.10.3-2021.10.win32_1.0.100.202210260954\tools\arm-none-eabi\include\string.h:50:16: note: expected 'char * restrict' but argument is of type 'volatile char *'
   50 | char  *strtok (char *__restrict, const char *__restrict);
      |                ^
make: *** [Core/Src/subdir.mk:49: Core/Src/stm32f4xx_hal_msp.o] Error 1
In file included from ../Core/Inc/main.h:41,
                 from ../Core/Src/stm32f4xx_it.c:21:
../Core/Inc/GCode_helper.h:18:8: error: unknown type name 'Status_buff'
   18 | extern Status_buff status;
      |        ^~~~~~~~~~~
make: *** [Core/Src/subdir.mk:49: Core/Src/stepper.o] Error 1
make: *** [Core/Src/subdir.mk:49: Core/Src/stm32f4xx_it.o] Error 1
../Core/Src/main.c:771:7: warning: implicit declaration of function 'is_instant_command' [-Wimplicit-function-declaration]
  771 |    if(is_instant_command(tokens[i])){
      |       ^~~~~~~~~~~~~~~~~~
../Core/Src/main.c: In function 'HAL_UART_RxCpltCallback':
../Core/Src/main.c:805:37: warning: passing argument 2 of 'enqueue' discards 'volatile' qualifier from pointer target type [-Wdiscarded-qualifiers]
  805 |             enqueue(&CommandBuffer, RxBuffer);
      |                                     ^~~~~~~~
In file included from ../Core/Inc/main.h:35,
                 from ../Core/Src/main.c:20:
../Core/Inc/circular_queue.h:20:53: note: expected 'const char *' but argument is of type 'volatile char *'
   20 | void enqueue(volatile CircularQueue* q, const char* item);
      |                                         ~~~~~~~~~~~~^~~~
make: *** [Core/Src/subdir.mk:49: Core/Src/main.o] Error 1
"make -j12 all" terminated with exit code 2. Build might be incomplete.
